Archive member included to satisfy reference by file (symbol)

/opt/st/stm32cubeide_1.16.1/plugins/com.st.stm32cube.ide.mcu.externaltools.gnu-tools-for-stm32.12.3.rel1.linux64_1.0.200.202406132123/tools/bin/../lib/gcc/arm-none-eabi/12.3.1/../../../../arm-none-eabi/lib/thumb/v7e-m+fp/hard/libc_nano.a(libc_a-exit.o)
                              /opt/st/stm32cubeide_1.16.1/plugins/com.st.stm32cube.ide.mcu.externaltools.gnu-tools-for-stm32.12.3.rel1.linux64_1.0.200.202406132123/tools/bin/../lib/gcc/arm-none-eabi/12.3.1/../../../../arm-none-eabi/lib/thumb/v7e-m+fp/hard/crt0.o (exit)
/opt/st/stm32cubeide_1.16.1/plugins/com.st.stm32cube.ide.mcu.externaltools.gnu-tools-for-stm32.12.3.rel1.linux64_1.0.200.202406132123/tools/bin/../lib/gcc/arm-none-eabi/12.3.1/../../../../arm-none-eabi/lib/thumb/v7e-m+fp/hard/libc_nano.a(libc_a-malloc.o)
                              ./Core/Src/led_programs.o (malloc)
/opt/st/stm32cubeide_1.16.1/plugins/com.st.stm32cube.ide.mcu.externaltools.gnu-tools-for-stm32.12.3.rel1.linux64_1.0.200.202406132123/tools/bin/../lib/gcc/arm-none-eabi/12.3.1/../../../../arm-none-eabi/lib/thumb/v7e-m+fp/hard/libc_nano.a(libc_a-mallocr.o)
                              /opt/st/stm32cubeide_1.16.1/plugins/com.st.stm32cube.ide.mcu.externaltools.gnu-tools-for-stm32.12.3.rel1.linux64_1.0.200.202406132123/tools/bin/../lib/gcc/arm-none-eabi/12.3.1/../../../../arm-none-eabi/lib/thumb/v7e-m+fp/hard/libc_nano.a(libc_a-malloc.o) (_malloc_r)
/opt/st/stm32cubeide_1.16.1/plugins/com.st.stm32cube.ide.mcu.externaltools.gnu-tools-for-stm32.12.3.rel1.linux64_1.0.200.202406132123/tools/bin/../lib/gcc/arm-none-eabi/12.3.1/../../../../arm-none-eabi/lib/thumb/v7e-m+fp/hard/libc_nano.a(libc_a-mlock.o)
                              /opt/st/stm32cubeide_1.16.1/plugins/com.st.stm32cube.ide.mcu.externaltools.gnu-tools-for-stm32.12.3.rel1.linux64_1.0.200.202406132123/tools/bin/../lib/gcc/arm-none-eabi/12.3.1/../../../../arm-none-eabi/lib/thumb/v7e-m+fp/hard/libc_nano.a(libc_a-mallocr.o) (__malloc_lock)
/opt/st/stm32cubeide_1.16.1/plugins/com.st.stm32cube.ide.mcu.externaltools.gnu-tools-for-stm32.12.3.rel1.linux64_1.0.200.202406132123/tools/bin/../lib/gcc/arm-none-eabi/12.3.1/../../../../arm-none-eabi/lib/thumb/v7e-m+fp/hard/libc_nano.a(libc_a-findfp.o)
                              /opt/st/stm32cubeide_1.16.1/plugins/com.st.stm32cube.ide.mcu.externaltools.gnu-tools-for-stm32.12.3.rel1.linux64_1.0.200.202406132123/tools/bin/../lib/gcc/arm-none-eabi/12.3.1/../../../../arm-none-eabi/lib/thumb/v7e-m+fp/hard/libc_nano.a(libc_a-exit.o) (__stdio_exit_handler)
/opt/st/stm32cubeide_1.16.1/plugins/com.st.stm32cube.ide.mcu.externaltools.gnu-tools-for-stm32.12.3.rel1.linux64_1.0.200.202406132123/tools/bin/../lib/gcc/arm-none-eabi/12.3.1/../../../../arm-none-eabi/lib/thumb/v7e-m+fp/hard/libc_nano.a(libc_a-fwalk.o)
                              /opt/st/stm32cubeide_1.16.1/plugins/com.st.stm32cube.ide.mcu.externaltools.gnu-tools-for-stm32.12.3.rel1.linux64_1.0.200.202406132123/tools/bin/../lib/gcc/arm-none-eabi/12.3.1/../../../../arm-none-eabi/lib/thumb/v7e-m+fp/hard/libc_nano.a(libc_a-findfp.o) (_fwalk_sglue)
/opt/st/stm32cubeide_1.16.1/plugins/com.st.stm32cube.ide.mcu.externaltools.gnu-tools-for-stm32.12.3.rel1.linux64_1.0.200.202406132123/tools/bin/../lib/gcc/arm-none-eabi/12.3.1/../../../../arm-none-eabi/lib/thumb/v7e-m+fp/hard/libc_nano.a(libc_a-stdio.o)
                              /opt/st/stm32cubeide_1.16.1/plugins/com.st.stm32cube.ide.mcu.externaltools.gnu-tools-for-stm32.12.3.rel1.linux64_1.0.200.202406132123/tools/bin/../lib/gcc/arm-none-eabi/12.3.1/../../../../arm-none-eabi/lib/thumb/v7e-m+fp/hard/libc_nano.a(libc_a-findfp.o) (__sread)
/opt/st/stm32cubeide_1.16.1/plugins/com.st.stm32cube.ide.mcu.externaltools.gnu-tools-for-stm32.12.3.rel1.linux64_1.0.200.202406132123/tools/bin/../lib/gcc/arm-none-eabi/12.3.1/../../../../arm-none-eabi/lib/thumb/v7e-m+fp/hard/libc_nano.a(libc_a-memset.o)
                              /opt/st/stm32cubeide_1.16.1/plugins/com.st.stm32cube.ide.mcu.externaltools.gnu-tools-for-stm32.12.3.rel1.linux64_1.0.200.202406132123/tools/bin/../lib/gcc/arm-none-eabi/12.3.1/../../../../arm-none-eabi/lib/thumb/v7e-m+fp/hard/crt0.o (memset)
/opt/st/stm32cubeide_1.16.1/plugins/com.st.stm32cube.ide.mcu.externaltools.gnu-tools-for-stm32.12.3.rel1.linux64_1.0.200.202406132123/tools/bin/../lib/gcc/arm-none-eabi/12.3.1/../../../../arm-none-eabi/lib/thumb/v7e-m+fp/hard/libc_nano.a(libc_a-closer.o)
                              /opt/st/stm32cubeide_1.16.1/plugins/com.st.stm32cube.ide.mcu.externaltools.gnu-tools-for-stm32.12.3.rel1.linux64_1.0.200.202406132123/tools/bin/../lib/gcc/arm-none-eabi/12.3.1/../../../../arm-none-eabi/lib/thumb/v7e-m+fp/hard/libc_nano.a(libc_a-stdio.o) (_close_r)
[...]
Memory Configuration

Name             Origin             Length             Attributes
RAM              0x20000000         0x00020000         xrw
FLASH            0x08000000         0x00080000         xr
*default*        0x00000000         0xffffffff

Linker script and memory map

LOAD /opt/st/stm32cubeide_1.16.1/plugins/com.st.stm32cube.ide.mcu.externaltools.gnu-tools-for-stm32.12.3.rel1.linux64_1.0.200.202406132123/tools/bin/../lib/gcc/arm-none-eabi/12.3.1/thumb/v7e-m+fp/hard/crti.o
LOAD /opt/st/stm32cubeide_1.16.1/plugins/com.st.stm32cube.ide.mcu.externaltools.gnu-tools-for-stm32.12.3.rel1.linux64_1.0.200.202406132123/tools/bin/../lib/gcc/arm-none-eabi/12.3.1/thumb/v7e-m+fp/hard/crtbegin.o
LOAD /opt/st/stm32cubeide_1.16.1/plugins/com.st.stm32cube.ide.mcu.externaltools.gnu-tools-for-stm32.12.3.rel1.linux64_1.0.200.202406132123/tools/bin/../lib/gcc/arm-none-eabi/12.3.1/../../../../arm-none-eabi/lib/thumb/v7e-m+fp/hard/crt0.o
LOAD ./Core/Src/inicializacion.o
LOAD ./Core/Src/interrupts.o
LOAD ./Core/Src/led.o
LOAD ./Core/Src/led_programs.o
LOAD ./Core/Src/main.o
LOAD ./Core/Src/stm32f4xx_hal_msp.o
LOAD ./Core/Src/stm32f4xx_it.o
LOAD ./Core/Src/syscalls.o
LOAD ./Core/Src/sysmem.o
LOAD ./Core/Src/system_stm32f4xx.o
LOAD ./Core/Src/systick.o
LOAD ./Core/Startup/startup_stm32f446retx.o
LOAD ./Drivers/STM32F4xx_HAL_Driver/Src/stm32f4xx_hal.o
LOAD ./Drivers/STM32F4xx_HAL_Driver/Src/stm32f4xx_hal_adc.o
LOAD ./Drivers/STM32F4xx_HAL_Driver/Src/stm32f4xx_hal_adc_ex.o
LOAD ./Drivers/STM32F4xx_HAL_Driver/Src/stm32f4xx_hal_cortex.o
LOAD ./Drivers/STM32F4xx_HAL_Driver/Src/stm32f4xx_hal_dma.o
LOAD ./Drivers/STM32F4xx_HAL_Driver/Src/stm32f4xx_hal_dma_ex.o
LOAD ./Drivers/STM32F4xx_HAL_Driver/Src/stm32f4xx_hal_exti.o
LOAD ./Drivers/STM32F4xx_HAL_Driver/Src/stm32f4xx_hal_flash.o
LOAD ./Drivers/STM32F4xx_HAL_Driver/Src/stm32f4xx_hal_flash_ex.o
LOAD ./Drivers/STM32F4xx_HAL_Driver/Src/stm32f4xx_hal_flash_ramfunc.o
LOAD ./Drivers/STM32F4xx_HAL_Driver/Src/stm32f4xx_hal_gpio.o
LOAD ./Drivers/STM32F4xx_HAL_Driver/Src/stm32f4xx_hal_pwr.o
LOAD ./Drivers/STM32F4xx_HAL_Driver/Src/stm32f4xx_hal_pwr_ex.o
LOAD ./Drivers/STM32F4xx_HAL_Driver/Src/stm32f4xx_hal_rcc.o
LOAD ./Drivers/STM32F4xx_HAL_Driver/Src/stm32f4xx_hal_rcc_ex.o
LOAD ./Drivers/STM32F4xx_HAL_Driver/Src/stm32f4xx_hal_tim.o
LOAD ./Drivers/STM32F4xx_HAL_Driver/Src/stm32f4xx_hal_tim_ex.o
LOAD ./Drivers/STM32F4xx_HAL_Driver/Src/stm32f4xx_ll_adc.o
START GROUP
LOAD /opt/st/stm32cubeide_1.16.1/plugins/com.st.stm32cube.ide.mcu.externaltools.gnu-tools-for-stm32.12.3.rel1.linux64_1.0.200.202406132123/tools/bin/../lib/gcc/arm-none-eabi/12.3.1/../../../../arm-none-eabi/lib/thumb/v7e-m+fp/hard/libc_nano.a
LOAD /opt/st/stm32cubeide_1.16.1/plugins/com.st.stm32cube.ide.mcu.externaltools.gnu-tools-for-stm32.12.3.rel1.linux64_1.0.200.202406132123/tools/bin/../lib/gcc/arm-none-eabi/12.3.1/../../../../arm-none-eabi/lib/thumb/v7e-m+fp/hard/libm.a
END GROUP
START GROUP
LOAD /opt/st/stm32cubeide_1.16.1/plugins/com.st.stm32cube.ide.mcu.externaltools.gnu-tools-for-stm32.12.3.rel1.linux64_1.0.200.202406132123/tools/bin/../lib/gcc/arm-none-eabi/12.3.1/thumb/v7e-m+fp/hard/libgcc.a
LOAD /opt/st/stm32cubeide_1.16.1/plugins/com.st.stm32cube.ide.mcu.externaltools.gnu-tools-for-stm32.12.3.rel1.linux64_1.0.200.202406132123/tools/bin/../lib/gcc/arm-none-eabi/12.3.1/../../../../arm-none-eabi/lib/thumb/v7e-m+fp/hard/libc_nano.a
END GROUP
START GROUP
LOAD /opt/st/stm32cubeide_1.16.1/plugins/com.st.stm32cube.ide.mcu.externaltools.gnu-tools-for-stm32.12.3.rel1.linux64_1.0.200.202406132123/tools/bin/../lib/gcc/arm-none-eabi/12.3.1/thumb/v7e-m+fp/hard/libgcc.a
LOAD /opt/st/stm32cubeide_1.16.1/plugins/com.st.stm32cube.ide.mcu.externaltools.gnu-tools-for-stm32.12.3.rel1.linux64_1.0.200.202406132123/tools/bin/../lib/gcc/arm-none-eabi/12.3.1/../../../../arm-none-eabi/lib/thumb/v7e-m+fp/hard/libc_nano.a
LOAD /opt/st/stm32cubeide_1.16.1/plugins/com.st.stm32cube.ide.mcu.externaltools.gnu-tools-for-stm32.12.3.rel1.linux64_1.0.200.202406132123/tools/bin/../lib/gcc/arm-none-eabi/12.3.1/../../../../arm-none-eabi/lib/thumb/v7e-m+fp/hard/libnosys.a
END GROUP
START GROUP
LOAD /opt/st/stm32cubeide_1.16.1/plugins/com.st.stm32cube.ide.mcu.externaltools.gnu-tools-for-stm32.12.3.rel1.linux64_1.0.200.202406132123/tools/bin/../lib/gcc/arm-none-eabi/12.3.1/thumb/v7e-m+fp/hard/libgcc.a
LOAD /opt/st/stm32cubeide_1.16.1/plugins/com.st.stm32cube.ide.mcu.externaltools.gnu-tools-for-stm32.12.3.rel1.linux64_1.0.200.202406132123/tools/bin/../lib/gcc/arm-none-eabi/12.3.1/../../../../arm-none-eabi/lib/thumb/v7e-m+fp/hard/libc_nano.a
LOAD /opt/st/stm32cubeide_1.16.1/plugins/com.st.stm32cube.ide.mcu.externaltools.gnu-tools-for-stm32.12.3.rel1.linux64_1.0.200.202406132123/tools/bin/../lib/gcc/arm-none-eabi/12.3.1/../../../../arm-none-eabi/lib/thumb/v7e-m+fp/hard/libnosys.a
END GROUP
LOAD /opt/st/stm32cubeide_1.16.1/plugins/com.st.stm32cube.ide.mcu.externaltools.gnu-tools-for-stm32.12.3.rel1.linux64_1.0.200.202406132123/tools/bin/../lib/gcc/arm-none-eabi/12.3.1/thumb/v7e-m+fp/hard/crtend.o
LOAD /opt/st/stm32cubeide_1.16.1/plugins/com.st.stm32cube.ide.mcu.externaltools.gnu-tools-for-stm32.12.3.rel1.linux64_1.0.200.202406132123/tools/bin/../lib/gcc/arm-none-eabi/12.3.1/thumb/v7e-m+fp/hard/crtn.o
                0x20020000                        _estack = (ORIGIN (RAM) + LENGTH (RAM))
                0x00000200                        _Min_Heap_Size = 0x200
                0x00000400                        _Min_Stack_Size = 0x400

.isr_vector     0x08000000      0x1c4
                0x08000000                        . = ALIGN (0x4)
 *(.isr_vector)
 .isr_vector    0x08000000      0x1c4 ./Core/Startup/startup_stm32f446retx.o
                0x08000000                g_pfnVectors
                0x080001c4                        . = ALIGN (0x4)

.text           0x080001c8     0x49f8
                0x080001c8                        . = ALIGN (0x4)
 *(.text)
 .text          0x080001c8       0x40 /opt/st/stm32cubeide_1.16.1/plugins/com.st.stm32cube.ide.mcu.externaltools.gnu-tools-for-stm32.12.3.rel1.linux64_1.0.200.202406132123/tools/bin/../lib/gcc/arm-none-eabi/12.3.1/thumb/v7e-m+fp/hard/crtbegin.o
 .text          0x08000208      0x254 /opt/st/stm32cubeide_1.16.1/plugins/com.st.stm32cube.ide.mcu.externaltools.gnu-tools-for-stm32.12.3.rel1.linux64_1.0.200.202406132123/tools/bin/../lib/gcc/arm-none-eabi/12.3.1/thumb/v7e-m+fp/hard/libgcc.a(_arm_muldf3.o)
                0x08000208                __aeabi_dmul
                0x08000208                __muldf3
 .text          0x0800045c      0x378 /opt/st/stm32cubeide_1.16.1/plugins/com.st.stm32cube.ide.mcu.externaltools.gnu-tools-for-stm32.12.3.rel1.linux64_1.0.200.202406132123/tools/bin/../lib/gcc/arm-none-eabi/12.3.1/thumb/v7e-m+fp/hard/libgcc.a(_arm_addsubdf3.o)
                0x0800045c                __aeabi_drsub
                0x08000464                __aeabi_dsub
                0x08000464                __subdf3
                0x08000468                __adddf3
                0x08000468                __aeabi_dadd
                0x080006e0                __aeabi_ui2d
                0x080006e0                __floatunsidf
                0x08000700                __floatsidf
                0x08000700                __aeabi_i2d
                0x08000724                __extendsfdf2
                0x08000724                __aeabi_f2d
                0x08000768                __aeabi_ul2d
                0x08000768                __floatundidf
                0x08000778                __floatdidf
                0x08000778                __aeabi_l2d
 .text          0x080007d4      0x110 /opt/st/stm32cubeide_1.16.1/plugins/com.st.stm32cube.ide.mcu.externaltools.gnu-tools-for-stm32.12.3.rel1.linux64_1.0.200.202406132123/tools/bin/../lib/gcc/arm-none-eabi/12.3.1/thumb/v7e-m+fp/hard/libgcc.a(_arm_cmpdf2.o)
                0x080007d4                __gtdf2
                0x080007d4                __gedf2
                0x080007dc                __ltdf2
                0x080007dc                __ledf2
                0x080007e4                __cmpdf2
                0x080007e4                __eqdf2
                0x080007e4                __nedf2
                0x08000860                __aeabi_cdrcmple
                0x08000870                __aeabi_cdcmple
                0x08000870                __aeabi_cdcmpeq
                0x08000880                __aeabi_dcmpeq
                0x08000894                __aeabi_dcmplt
                0x080008a8                __aeabi_dcmple
                0x080008bc                __aeabi_dcmpge
                0x080008d0                __aeabi_dcmpgt
 .text          0x080008e4       0x40 /opt/st/stm32cubeide_1.16.1/plugins/com.st.stm32cube.ide.mcu.externaltools.gnu-tools-for-stm32.12.3.rel1.linux64_1.0.200.202406132123/tools/bin/../lib/gcc/arm-none-eabi/12.3.1/thumb/v7e-m+fp/hard/libgcc.a(_arm_fixunsdfsi.o)
                0x080008e4                __fixunsdfsi
                0x080008e4                __aeabi_d2uiz
 .text          0x08000924       0xa0 /opt/st/stm32cubeide_1.16.1/plugins/com.st.stm32cube.ide.mcu.externaltools.gnu-tools-for-stm32.12.3.rel1.linux64_1.0.200.202406132123/tools/bin/../lib/gcc/arm-none-eabi/12.3.1/thumb/v7e-m+fp/hard/libgcc.a(_arm_truncdfsf2.o)
                0x08000924                __aeabi_d2f
                0x08000924                __truncdfsf2
 *(.text*)
 .text.__NVIC_EnableIRQ
                0x080009c4       0x3c ./Core/Src/inicializacion.o
 .text.initGPIO
                0x08000a00       0xb8 ./Core/Src/inicializacion.o
                0x08000a00                initGPIO
 .text.initDMA  0x08000ab8       0x8c ./Core/Src/inicializacion.o
                0x08000ab8                initDMA
 .text.initClock
                0x08000b44       0xdc ./Core/Src/inicializacion.o
                0x08000b44                initClock
 .text.initTimers
                0x08000c20      0x1bc ./Core/Src/inicializacion.o
                0x08000c20                initTimers
 .text.init     0x08000ddc       0x54 ./Core/Src/inicializacion.o
                0x08000ddc                init
 .text.TIM5_IRQHandler
                0x08000e30       0x9c ./Core/Src/interrupts.o
                0x08000e30                TIM5_IRQHandler
 .text.DMA2_Stream2_IRQHandler
                0x08000ecc       0x38 ./Core/Src/interrupts.o
                0x08000ecc                DMA2_Stream2_IRQHandler
 .text.mapf     0x08000f04       0x66 ./Core/Src/led.o
                0x08000f04                mapf
 .text.bound    0x08000f6a       0x3c ./Core/Src/led.o
                0x08000f6a                bound
 *fill*         0x08000fa6        0x2 
 .text.LED_fillBuffer
                0x08000fa8      0x19c ./Core/Src/led.o
                0x08000fa8                LED_fillBuffer
 *fill*         0x08001144        0x4 
 .text.LED_waveEffect
                0x08001148      0x2bc ./Core/Src/led_programs.o
                0x08001148                LED_waveEffect
 *fill*         0x08001404        0x4 
 .text.LED_plasmaEffect
                0x08001408      0x3f8 ./Core/Src/led_programs.o
                0x08001408                LED_plasmaEffect
 .text.LED_rectangle
                0x08001800       0xba ./Core/Src/led_programs.o
                0x08001800                LED_rectangle
 *fill*         0x080018ba        0x2 
 .text.LED_analog_bar
                0x080018bc       0xa4 ./Core/Src/led_programs.o
                0x080018bc                LED_analog_bar
 .text.LED_Letter
                0x08001960      0x116 ./Core/Src/led_programs.o
                0x08001960                LED_Letter
 .text.LED_Text
                0x08001a76       0xae ./Core/Src/led_programs.o
                0x08001a76                LED_Text
 .text.LED_SliddingText
                0x08001b24       0xfc ./Core/Src/led_programs.o
                0x08001b24                LED_SliddingText
 .text.LED_FallingSand
                0x08001c20      0x6f8 ./Core/Src/led_programs.o
                0x08001c20                LED_FallingSand
 .text.main     0x08002318      0x3f0 ./Core/Src/main.o
                0x08002318                main
 .text.MX_ADC2_Init
                0x08002708       0xa4 ./Core/Src/main.o
 .text.MX_TIM6_Init
                0x080027ac       0x6c ./Core/Src/main.o
 .text.HAL_GPIO_EXTI_Callback
                0x08002818       0x3c ./Core/Src/main.o
                0x08002818                HAL_GPIO_EXTI_Callback
 .text.Error_Handler
                0x08002854        0xc ./Core/Src/main.o
                0x08002854                Error_Handler
 .text.HAL_ADC_MspInit
                0x08002860       0x88 ./Core/Src/stm32f4xx_hal_msp.o
                0x08002860                HAL_ADC_MspInit
 .text.HAL_TIM_Base_MspInit
                0x080028e8       0x44 ./Core/Src/stm32f4xx_hal_msp.o
                0x080028e8                HAL_TIM_Base_MspInit
 .text.NMI_Handler
                0x0800292c        0x8 ./Core/Src/stm32f4xx_it.o
                0x0800292c                NMI_Handler
 .text.HardFault_Handler
                0x08002934        0x8 ./Core/Src/stm32f4xx_it.o
                0x08002934                HardFault_Handler
 .text.MemManage_Handler
                0x0800293c        0x8 ./Core/Src/stm32f4xx_it.o
                0x0800293c                MemManage_Handler
 .text.BusFault_Handler
                0x08002944        0x8 ./Core/Src/stm32f4xx_it.o
                0x08002944                BusFault_Handler
 .text.UsageFault_Handler
                0x0800294c        0x8 ./Core/Src/stm32f4xx_it.o
                0x0800294c                UsageFault_Handler
 .text.SVC_Handler
                0x08002954        0xe ./Core/Src/stm32f4xx_it.o
                0x08002954                SVC_Handler
 .text.DebugMon_Handler
                0x08002962        0xe ./Core/Src/stm32f4xx_it.o
                0x08002962                DebugMon_Handler
 .text.PendSV_Handler
                0x08002970        0xe ./Core/Src/stm32f4xx_it.o
                0x08002970                PendSV_Handler
 .text.SysTick_Handler
                0x0800297e        0xc ./Core/Src/stm32f4xx_it.o
                0x0800297e                SysTick_Handler
 .text.EXTI15_10_IRQHandler
                0x0800298a       0x10 ./Core/Src/stm32f4xx_it.o
                0x0800298a                EXTI15_10_IRQHandler
 *fill*         0x0800299a        0x2 
 .text._sbrk    0x0800299c       0x6c ./Core/Src/sysmem.o
                0x0800299c                _sbrk
 .text.SystemInit
                0x08002a08       0x24 ./Core/Src/system_stm32f4xx.o
                0x08002a08                SystemInit
 .text.SystemCoreClockUpdate
                0x08002a2c      0x100 ./Core/Src/system_stm32f4xx.o
                0x08002a2c                SystemCoreClockUpdate
 .text.__NVIC_EnableIRQ
                0x08002b2c       0x3c ./Core/Src/systick.o
 .text.__NVIC_SetPriority
                0x08002b68       0x54 ./Core/Src/systick.o
 .text.SysTick_Config
                0x08002bbc       0x44 ./Core/Src/systick.o
 .text.SysTick_Init
                0x08002c00       0x2c ./Core/Src/systick.o
                0x08002c00                SysTick_Init
 .text.Reset_Handler
                0x08002c2c       0x50 ./Core/Startup/startup_stm32f446retx.o
                0x08002c2c                Reset_Handler
 .text.Default_Handler
                0x08002c7c        0x2 ./Core/Startup/startup_stm32f446retx.o
                0x08002c7c                RTC_Alarm_IRQHandler
                0x08002c7c                EXTI2_IRQHandler
                0x08002c7c                TIM8_CC_IRQHandler
                0x08002c7c                FMPI2C1_EV_IRQHandler
                0x08002c7c                SPI4_IRQHandler
                0x08002c7c                TIM1_CC_IRQHandler
                0x08002c7c                DMA2_Stream5_IRQHandler
                0x08002c7c                DMA1_Stream5_IRQHandler
                0x08002c7c                PVD_IRQHandler
                0x08002c7c                SDIO_IRQHandler
                0x08002c7c                TAMP_STAMP_IRQHandler
                0x08002c7c                CAN2_RX1_IRQHandler
                0x08002c7c                EXTI3_IRQHandler
                0x08002c7c                TIM8_TRG_COM_TIM14_IRQHandler
                0x08002c7c                TIM1_UP_TIM10_IRQHandler
                0x08002c7c                TIM8_UP_TIM13_IRQHandler
                0x08002c7c                I2C3_ER_IRQHandler
                0x08002c7c                EXTI0_IRQHandler
                0x08002c7c                I2C2_EV_IRQHandler
                0x08002c7c                DMA1_Stream2_IRQHandler
                0x08002c7c                CAN1_RX0_IRQHandler
                0x08002c7c                FPU_IRQHandler
                0x08002c7c                OTG_HS_WKUP_IRQHandler
                0x08002c7c                CAN2_SCE_IRQHandler
                0x08002c7c                SPI1_IRQHandler
                0x08002c7c                TIM6_DAC_IRQHandler
                0x08002c7c                TIM1_BRK_TIM9_IRQHandler
                0x08002c7c                DCMI_IRQHandler
                0x08002c7c                CAN2_RX0_IRQHandler
                0x08002c7c                DMA2_Stream3_IRQHandler
                0x08002c7c                SAI2_IRQHandler
                0x08002c7c                USART6_IRQHandler
                0x08002c7c                USART3_IRQHandler
                0x08002c7c                CAN1_RX1_IRQHandler
                0x08002c7c                UART5_IRQHandler
                0x08002c7c                DMA2_Stream0_IRQHandler
                0x08002c7c                TIM4_IRQHandler
                0x08002c7c                QUADSPI_IRQHandler
                0x08002c7c                I2C1_EV_IRQHandler
                0x08002c7c                DMA1_Stream6_IRQHandler
                0x08002c7c                DMA1_Stream1_IRQHandler
                0x08002c7c                UART4_IRQHandler
                0x08002c7c                TIM3_IRQHandler
                0x08002c7c                RCC_IRQHandler
                0x08002c7c                TIM8_BRK_TIM12_IRQHandler
                0x08002c7c                Default_Handler
                0x08002c7c                CEC_IRQHandler
                0x08002c7c                ADC_IRQHandler
                0x08002c7c                DMA1_Stream7_IRQHandler
                0x08002c7c                TIM7_IRQHandler
                0x08002c7c                CAN2_TX_IRQHandler
                0x08002c7c                DMA2_Stream7_IRQHandler
                0x08002c7c                I2C3_EV_IRQHandler
                0x08002c7c                EXTI9_5_IRQHandler
                0x08002c7c                RTC_WKUP_IRQHandler
                0x08002c7c                SPDIF_RX_IRQHandler
                0x08002c7c                SPI2_IRQHandler
                0x08002c7c                OTG_HS_EP1_IN_IRQHandler
                0x08002c7c                DMA1_Stream0_IRQHandler
                0x08002c7c                CAN1_TX_IRQHandler
                0x08002c7c                FMPI2C1_ER_IRQHandler
                0x08002c7c                EXTI4_IRQHandler
                0x08002c7c                OTG_HS_EP1_OUT_IRQHandler
                0x08002c7c                WWDG_IRQHandler
                0x08002c7c                TIM2_IRQHandler
                0x08002c7c                OTG_FS_WKUP_IRQHandler
                0x08002c7c                TIM1_TRG_COM_TIM11_IRQHandler
                0x08002c7c                OTG_HS_IRQHandler
                0x08002c7c                EXTI1_IRQHandler
                0x08002c7c                USART2_IRQHandler
                0x08002c7c                I2C2_ER_IRQHandler
                0x08002c7c                DMA2_Stream1_IRQHandler
                0x08002c7c                CAN1_SCE_IRQHandler
                0x08002c7c                FLASH_IRQHandler
                0x08002c7c                DMA2_Stream4_IRQHandler
                0x08002c7c                USART1_IRQHandler
                0x08002c7c                OTG_FS_IRQHandler
                0x08002c7c                SPI3_IRQHandler
                0x08002c7c                DMA1_Stream4_IRQHandler
                0x08002c7c                I2C1_ER_IRQHandler
                0x08002c7c                FMC_IRQHandler
                0x08002c7c                DMA2_Stream6_IRQHandler
                0x08002c7c                SAI1_IRQHandler
                0x08002c7c                DMA1_Stream3_IRQHandler
 *fill*         0x08002c7e        0x2 
 .text.HAL_IncTick
                0x08002c80       0x28 ./Drivers/STM32F4xx_HAL_Driver/Src/stm32f4xx_hal.o
                0x08002c80                HAL_IncTick
 .text.HAL_GetTick
                0x08002ca8       0x18 ./Drivers/STM32F4xx_HAL_Driver/Src/stm32f4xx_hal.o
                0x08002ca8                HAL_GetTick
 .text.HAL_ADC_Init
                0x08002cc0       0x86 ./Drivers/STM32F4xx_HAL_Driver/Src/stm32f4xx_hal_adc.o
                0x08002cc0                HAL_ADC_Init
 *fill*         0x08002d46        0x2 
 .text.HAL_ADC_Start
                0x08002d48      0x1a4 ./Drivers/STM32F4xx_HAL_Driver/Src/stm32f4xx_hal_adc.o
                0x08002d48                HAL_ADC_Start
 .text.HAL_ADC_PollForConversion
                0x08002eec      0x116 ./Drivers/STM32F4xx_HAL_Driver/Src/stm32f4xx_hal_adc.o
                0x08002eec                HAL_ADC_PollForConversion
 .text.HAL_ADC_GetValue
                0x08003002       0x1a ./Drivers/STM32F4xx_HAL_Driver/Src/stm32f4xx_hal_adc.o
                0x08003002                HAL_ADC_GetValue
 .text.HAL_ADC_ConfigChannel
                0x0800301c      0x264 ./Drivers/STM32F4xx_HAL_Driver/Src/stm32f4xx_hal_adc.o
                0x0800301c                HAL_ADC_ConfigChannel
 .text.ADC_Init
                0x08003280      0x1f8 ./Drivers/STM32F4xx_HAL_Driver/Src/stm32f4xx_hal_adc.o
 .text.__NVIC_GetPriorityGrouping
                0x08003478       0x1c ./Drivers/STM32F4xx_HAL_Driver/Src/stm32f4xx_hal_cortex.o
 .text.__NVIC_EnableIRQ
                0x08003494       0x3c ./Drivers/STM32F4xx_HAL_Driver/Src/stm32f4xx_hal_cortex.o
 .text.__NVIC_SetPriority
                0x080034d0       0x54 ./Drivers/STM32F4xx_HAL_Driver/Src/stm32f4xx_hal_cortex.o
 .text.NVIC_EncodePriority
                0x08003524       0x66 ./Drivers/STM32F4xx_HAL_Driver/Src/stm32f4xx_hal_cortex.o
 .text.HAL_NVIC_SetPriority
                0x0800358a       0x38 ./Drivers/STM32F4xx_HAL_Driver/Src/stm32f4xx_hal_cortex.o
                0x0800358a                HAL_NVIC_SetPriority
 .text.HAL_NVIC_EnableIRQ
                0x080035c2       0x1c ./Drivers/STM32F4xx_HAL_Driver/Src/stm32f4xx_hal_cortex.o
                0x080035c2                HAL_NVIC_EnableIRQ
 *fill*         0x080035de        0x2 
 .text.HAL_GPIO_Init
                0x080035e0      0x328 ./Drivers/STM32F4xx_HAL_Driver/Src/stm32f4xx_hal_gpio.o
                0x080035e0                HAL_GPIO_Init
 .text.HAL_GPIO_EXTI_IRQHandler
                0x08003908       0x30 ./Drivers/STM32F4xx_HAL_Driver/Src/stm32f4xx_hal_gpio.o
                0x08003908                HAL_GPIO_EXTI_IRQHandler
 .text.HAL_TIM_Base_Init
                0x08003938       0x9e ./Drivers/STM32F4xx_HAL_Driver/Src/stm32f4xx_hal_tim.o
                0x08003938                HAL_TIM_Base_Init
 *fill*         0x080039d6        0x2 
 .text.HAL_TIM_Base_Start_IT
                0x080039d8       0xe0 ./Drivers/STM32F4xx_HAL_Driver/Src/stm32f4xx_hal_tim.o
                0x080039d8                HAL_TIM_Base_Start_IT
 .text.TIM_Base_SetConfig
                0x08003ab8      0x158 ./Drivers/STM32F4xx_HAL_Driver/Src/stm32f4xx_hal_tim.o
                0x08003ab8                TIM_Base_SetConfig
 .text.HAL_TIMEx_MasterConfigSynchronization
                0x08003c10       0xf8 ./Drivers/STM32F4xx_HAL_Driver/Src/stm32f4xx_hal_tim_ex.o
                0x08003c10                HAL_TIMEx_MasterConfigSynchronization
 .text.malloc   0x08003d08       0x10 /opt/st/stm32cubeide_1.16.1/plugins/com.st.stm32cube.ide.mcu.externaltools.gnu-tools-for-stm32.12.3.rel1.linux64_1.0.200.202406132123/tools/bin/../lib/gcc/arm-none-eabi/12.3.1/../../../../arm-none-eabi/lib/thumb/v7e-m+fp/hard/libc_nano.a(libc_a-malloc.o)
                0x08003d08                malloc
 .text.free     0x08003d18       0x10 /opt/st/stm32cubeide_1.16.1/plugins/com.st.stm32cube.ide.mcu.externaltools.gnu-tools-for-stm32.12.3.rel1.linux64_1.0.200.202406132123/tools/bin/../lib/gcc/arm-none-eabi/12.3.1/../../../../arm-none-eabi/lib/thumb/v7e-m+fp/hard/libc_nano.a(libc_a-malloc.o)
                0x08003d18                free
 .text.sbrk_aligned
                0x08003d28       0x44 /opt/st/stm32cubeide_1.16.1/plugins/com.st.stm32cube.ide.mcu.externaltools.gnu-tools-for-stm32.12.3.rel1.linux64_1.0.200.202406132123/tools/bin/../lib/gcc/arm-none-eabi/12.3.1/../../../../arm-none-eabi/lib/thumb/v7e-m+fp/hard/libc_nano.a(libc_a-mallocr.o)
 .text._malloc_r
                0x08003d6c      0x100 /opt/st/stm32cubeide_1.16.1/plugins/com.st.stm32cube.ide.mcu.externaltools.gnu-tools-for-stm32.12.3.rel1.linux64_1.0.200.202406132123/tools/bin/../lib/gcc/arm-none-eabi/12.3.1/../../../../arm-none-eabi/lib/thumb/v7e-m+fp/hard/libc_nano.a(libc_a-mallocr.o)
                0x08003d6c                _malloc_r
 .text.__malloc_lock
                0x08003e6c        0xc /opt/st/stm32cubeide_1.16.1/plugins/com.st.stm32cube.ide.mcu.externaltools.gnu-tools-for-stm32.12.3.rel1.linux64_1.0.200.202406132123/tools/bin/../lib/gcc/arm-none-eabi/12.3.1/../../../../arm-none-eabi/lib/thumb/v7e-m+fp/hard/libc_nano.a(libc_a-mlock.o)
                0x08003e6c                __malloc_lock
 .text.__malloc_unlock
                0x08003e78        0xc /opt/st/stm32cubeide_1.16.1/plugins/com.st.stm32cube.ide.mcu.externaltools.gnu-tools-for-stm32.12.3.rel1.linux64_1.0.200.202406132123/tools/bin/../lib/gcc/arm-none-eabi/12.3.1/../../../../arm-none-eabi/lib/thumb/v7e-m+fp/hard/libc_nano.a(libc_a-mlock.o)
                0x08003e78                __malloc_unlock
 .text.memset   0x08003e84       0x10 /opt/st/stm32cubeide_1.16.1/plugins/com.st.stm32cube.ide.mcu.externaltools.gnu-tools-for-stm32.12.3.rel1.linux64_1.0.200.202406132123/tools/bin/../lib/gcc/arm-none-eabi/12.3.1/../../../../arm-none-eabi/lib/thumb/v7e-m+fp/hard/libc_nano.a(libc_a-memset.o)
                0x08003e84                memset
 .text._sbrk_r  0x08003e94       0x20 /opt/st/stm32cubeide_1.16.1/plugins/com.st.stm32cube.ide.mcu.externaltools.gnu-tools-for-stm32.12.3.rel1.linux64_1.0.200.202406132123/tools/bin/../lib/gcc/arm-none-eabi/12.3.1/../../../../arm-none-eabi/lib/thumb/v7e-m+fp/hard/libc_nano.a(libc_a-sbrkr.o)
                0x08003e94                _sbrk_r
 .text.__errno  0x08003eb4        0xc /opt/st/stm32cubeide_1.16.1/plugins/com.st.stm32cube.ide.mcu.externaltools.gnu-tools-for-stm32.12.3.rel1.linux64_1.0.200.202406132123/tools/bin/../lib/gcc/arm-none-eabi/12.3.1/../../../../arm-none-eabi/lib/thumb/v7e-m+fp/hard/libc_nano.a(libc_a-errno.o)
                0x08003eb4                __errno
 .text.__libc_init_array
                0x08003ec0       0x48 /opt/st/stm32cubeide_1.16.1/plugins/com.st.stm32cube.ide.mcu.externaltools.gnu-tools-for-stm32.12.3.rel1.linux64_1.0.200.202406132123/tools/bin/../lib/gcc/arm-none-eabi/12.3.1/../../../../arm-none-eabi/lib/thumb/v7e-m+fp/hard/libc_nano.a(libc_a-init.o)
                0x08003ec0                __libc_init_array
 .text.__retarget_lock_acquire_recursive
                0x08003f08        0x2 /opt/st/stm32cubeide_1.16.1/plugins/com.st.stm32cube.ide.mcu.externaltools.gnu-tools-for-stm32.12.3.rel1.linux64_1.0.200.202406132123/tools/bin/../lib/gcc/arm-none-eabi/12.3.1/../../../../arm-none-eabi/lib/thumb/v7e-m+fp/hard/libc_nano.a(libc_a-lock.o)
                0x08003f08                __retarget_lock_acquire_recursive
 .text.__retarget_lock_release_recursive
                0x08003f0a        0x2 /opt/st/stm32cubeide_1.16.1/plugins/com.st.stm32cube.ide.mcu.externaltools.gnu-tools-for-stm32.12.3.rel1.linux64_1.0.200.202406132123/tools/bin/../lib/gcc/arm-none-eabi/12.3.1/../../../../arm-none-eabi/lib/thumb/v7e-m+fp/hard/libc_nano.a(libc_a-lock.o)
                0x08003f0a                __retarget_lock_release_recursive
 .text.memcpy   0x08003f0c       0x1c /opt/st/stm32cubeide_1.16.1/plugins/com.st.stm32cube.ide.mcu.externaltools.gnu-tools-for-stm32.12.3.rel1.linux64_1.0.200.202406132123/tools/bin/../lib/gcc/arm-none-eabi/12.3.1/../../../../arm-none-eabi/lib/thumb/v7e-m+fp/hard/libc_nano.a(libc_a-memcpy-stub.o)
                0x08003f0c                memcpy
 .text._free_r  0x08003f28       0x94 /opt/st/stm32cubeide_1.16.1/plugins/com.st.stm32cube.ide.mcu.externaltools.gnu-tools-for-stm32.12.3.rel1.linux64_1.0.200.202406132123/tools/bin/../lib/gcc/arm-none-eabi/12.3.1/../../../../arm-none-eabi/lib/thumb/v7e-m+fp/hard/libc_nano.a(libc_a-freer.o)
                0x08003f28                _free_r
 .text.sqrtf    0x08003fbc       0x3c /opt/st/stm32cubeide_1.16.1/plugins/com.st.stm32cube.ide.mcu.externaltools.gnu-tools-for-stm32.12.3.rel1.linux64_1.0.200.202406132123/tools/bin/../lib/gcc/arm-none-eabi/12.3.1/../../../../arm-none-eabi/lib/thumb/v7e-m+fp/hard/libm.a(libm_a-wf_sqrt.o)
                0x08003fbc                sqrtf
 .text.cosf     0x08003ff8       0x88 /opt/st/stm32cubeide_1.16.1/plugins/com.st.stm32cube.ide.mcu.externaltools.gnu-tools-for-stm32.12.3.rel1.linux64_1.0.200.202406132123/tools/bin/../lib/gcc/arm-none-eabi/12.3.1/../../../../arm-none-eabi/lib/thumb/v7e-m+fp/hard/libm.a(libm_a-sf_cos.o)
                0x08003ff8                cosf
 .text.sinf     0x08004080       0x8c /opt/st/stm32cubeide_1.16.1/plugins/com.st.stm32cube.ide.mcu.externaltools.gnu-tools-for-stm32.12.3.rel1.linux64_1.0.200.202406132123/tools/bin/../lib/gcc/arm-none-eabi/12.3.1/../../../../arm-none-eabi/lib/thumb/v7e-m+fp/hard/libm.a(libm_a-sf_sin.o)
                0x08004080                sinf
 .text.fmaxf    0x0800410c       0x3a /opt/st/stm32cubeide_1.16.1/plugins/com.st.stm32cube.ide.mcu.externaltools.gnu-tools-for-stm32.12.3.rel1.linux64_1.0.200.202406132123/tools/bin/../lib/gcc/arm-none-eabi/12.3.1/../../../../arm-none-eabi/lib/thumb/v7e-m+fp/hard/libm.a(libm_a-sf_fmax.o)
                0x0800410c                fmaxf
 .text.fminf    0x08004146       0x3a /opt/st/stm32cubeide_1.16.1/plugins/com.st.stm32cube.ide.mcu.externaltools.gnu-tools-for-stm32.12.3.rel1.linux64_1.0.200.202406132123/tools/bin/../lib/gcc/arm-none-eabi/12.3.1/../../../../arm-none-eabi/lib/thumb/v7e-m+fp/hard/libm.a(libm_a-sf_fmin.o)
                0x08004146                fminf
 .text.__fpclassifyf
                0x08004180       0x38 /opt/st/stm32cubeide_1.16.1/plugins/com.st.stm32cube.ide.mcu.externaltools.gnu-tools-for-stm32.12.3.rel1.linux64_1.0.200.202406132123/tools/bin/../lib/gcc/arm-none-eabi/12.3.1/../../../../arm-none-eabi/lib/thumb/v7e-m+fp/hard/libm.a(libm_a-sf_fpclassify.o)
                0x08004180                __fpclassifyf
 .text.__ieee754_sqrtf
                0x080041b8        0x6 /opt/st/stm32cubeide_1.16.1/plugins/com.st.stm32cube.ide.mcu.externaltools.gnu-tools-for-stm32.12.3.rel1.linux64_1.0.200.202406132123/tools/bin/../lib/gcc/arm-none-eabi/12.3.1/../../../../arm-none-eabi/lib/thumb/v7e-m+fp/hard/libm.a(libm_a-ef_sqrt.o)
                0x080041b8                __ieee754_sqrtf
 *fill*         0x080041be        0x2 
 .text.__kernel_cosf
                0x080041c0       0xb0 /opt/st/stm32cubeide_1.16.1/plugins/com.st.stm32cube.ide.mcu.externaltools.gnu-tools-for-stm32.12.3.rel1.linux64_1.0.200.202406132123/tools/bin/../lib/gcc/arm-none-eabi/12.3.1/../../../../arm-none-eabi/lib/thumb/v7e-m+fp/hard/libm.a(libm_a-kf_cos.o)
                0x080041c0                __kernel_cosf
 .text.__kernel_sinf
                0x08004270       0x90 /opt/st/stm32cubeide_1.16.1/plugins/com.st.stm32cube.ide.mcu.externaltools.gnu-tools-for-stm32.12.3.rel1.linux64_1.0.200.202406132123/tools/bin/../lib/gcc/arm-none-eabi/12.3.1/../../../../arm-none-eabi/lib/thumb/v7e-m+fp/hard/libm.a(libm_a-kf_sin.o)
                0x08004270                __kernel_sinf
 .text.__ieee754_rem_pio2f
                0x08004300      0x260 /opt/st/stm32cubeide_1.16.1/plugins/com.st.stm32cube.ide.mcu.externaltools.gnu-tools-for-stm32.12.3.rel1.linux64_1.0.200.202406132123/tools/bin/../lib/gcc/arm-none-eabi/12.3.1/../../../../arm-none-eabi/lib/thumb/v7e-m+fp/hard/libm.a(libm_a-ef_rem_pio2.o)
                0x08004300                __ieee754_rem_pio2f
 .text.fabsf    0x08004560        0xe /opt/st/stm32cubeide_1.16.1/plugins/com.st.stm32cube.ide.mcu.externaltools.gnu-tools-for-stm32.12.3.rel1.linux64_1.0.200.202406132123/tools/bin/../lib/gcc/arm-none-eabi/12.3.1/../../../../arm-none-eabi/lib/thumb/v7e-m+fp/hard/libm.a(libm_a-sf_fabs.o)
                0x08004560                fabsf
 *fill*         0x0800456e        0x2 
 .text.__kernel_rem_pio2f
                0x08004570      0x4e4 /opt/st/stm32cubeide_1.16.1/plugins/com.st.stm32cube.ide.mcu.externaltools.gnu-tools-for-stm32.12.3.rel1.linux64_1.0.200.202406132123/tools/bin/../lib/gcc/arm-none-eabi/12.3.1/../../../../arm-none-eabi/lib/thumb/v7e-m+fp/hard/libm.a(libm_a-kf_rem_pio2.o)
                0x08004570                __kernel_rem_pio2f
 .text.scalbnf  0x08004a54       0xcc /opt/st/stm32cubeide_1.16.1/plugins/com.st.stm32cube.ide.mcu.externaltools.gnu-tools-for-stm32.12.3.rel1.linux64_1.0.200.202406132123/tools/bin/../lib/gcc/arm-none-eabi/12.3.1/../../../../arm-none-eabi/lib/thumb/v7e-m+fp/hard/libm.a(libm_a-sf_scalbn.o)
                0x08004a54                scalbnf
 .text.floorf   0x08004b20       0x88 /opt/st/stm32cubeide_1.16.1/plugins/com.st.stm32cube.ide.mcu.externaltools.gnu-tools-for-stm32.12.3.rel1.linux64_1.0.200.202406132123/tools/bin/../lib/gcc/arm-none-eabi/12.3.1/../../../../arm-none-eabi/lib/thumb/v7e-m+fp/hard/libm.a(libm_a-sf_floor.o)
                0x08004b20                floorf
 *(.glue_7)
 .glue_7        0x08004ba8        0x0 linker stubs
 *(.glue_7t)
 .glue_7t       0x08004ba8        0x0 linker stubs
 *(.eh_frame)
 .eh_frame      0x08004ba8        0x0 /opt/st/stm32cubeide_1.16.1/plugins/com.st.stm32cube.ide.mcu.externaltools.gnu-tools-for-stm32.12.3.rel1.linux64_1.0.200.202406132123/tools/bin/../lib/gcc/arm-none-eabi/12.3.1/thumb/v7e-m+fp/hard/crtbegin.o
 *(.init)
 .init          0x08004ba8        0x4 /opt/st/stm32cubeide_1.16.1/plugins/com.st.stm32cube.ide.mcu.externaltools.gnu-tools-for-stm32.12.3.rel1.linux64_1.0.200.202406132123/tools/bin/../lib/gcc/arm-none-eabi/12.3.1/thumb/v7e-m+fp/hard/crti.o
                0x08004ba8                _init
 .init          0x08004bac        0x8 /opt/st/stm32cubeide_1.16.1/plugins/com.st.stm32cube.ide.mcu.externaltools.gnu-tools-for-stm32.12.3.rel1.linux64_1.0.200.202406132123/tools/bin/../lib/gcc/arm-none-eabi/12.3.1/thumb/v7e-m+fp/hard/crtn.o
 *(.fini)
 .fini          0x08004bb4        0x4 /opt/st/stm32cubeide_1.16.1/plugins/com.st.stm32cube.ide.mcu.externaltools.gnu-tools-for-stm32.12.3.rel1.linux64_1.0.200.202406132123/tools/bin/../lib/gcc/arm-none-eabi/12.3.1/thumb/v7e-m+fp/hard/crti.o
                0x08004bb4                _fini
 .fini          0x08004bb8        0x8 /opt/st/stm32cubeide_1.16.1/plugins/com.st.stm32cube.ide.mcu.externaltools.gnu-tools-for-stm32.12.3.rel1.linux64_1.0.200.202406132123/tools/bin/../lib/gcc/arm-none-eabi/12.3.1/thumb/v7e-m+fp/hard/crtn.o
                0x08004bc0                        . = ALIGN (0x4)
                0x08004bc0                        _etext = .

.vfp11_veneer   0x08004bc0        0x0
 .vfp11_veneer  0x08004bc0        0x0 linker stubs

.v4_bx          0x08004bc0        0x0
 .v4_bx         0x08004bc0        0x0 linker stubs

.iplt           0x08004bc0        0x0
 .iplt          0x08004bc0        0x0 /opt/st/stm32cubeide_1.16.1/plugins/com.st.stm32cube.ide.mcu.externaltools.gnu-tools-for-stm32.12.3.rel1.linux64_1.0.200.202406132123/tools/bin/../lib/gcc/arm-none-eabi/12.3.1/thumb/v7e-m+fp/hard/crtbegin.o

.rodata         0x08004bc0      0x70c
                0x08004bc0                        . = ALIGN (0x4)
 *(.rodata)
 .rodata        0x08004bc0       0x2c ./Core/Src/main.o
 *(.rodata*)
 .rodata.gammaR
                0x08004bec      0x100 ./Core/Src/led.o
                0x08004bec                gammaR
 .rodata.gammaG
                0x08004cec      0x100 ./Core/Src/led.o
                0x08004cec                gammaG
 .rodata.gammaB
                0x08004dec      0x100 ./Core/Src/led.o
                0x08004dec                gammaB
 .rodata.AHBPrescTable
                0x08004eec       0x10 ./Core/Src/system_stm32f4xx.o
                0x08004eec                AHBPrescTable
 .rodata.npio2_hw
                0x08004efc       0x80 /opt/st/stm32cubeide_1.16.1/plugins/com.st.stm32cube.ide.mcu.externaltools.gnu-tools-for-stm32.12.3.rel1.linux64_1.0.200.202406132123/tools/bin/../lib/gcc/arm-none-eabi/12.3.1/../../../../arm-none-eabi/lib/thumb/v7e-m+fp/hard/libm.a(libm_a-ef_rem_pio2.o)
 .rodata.two_over_pi
                0x08004f7c      0x318 /opt/st/stm32cubeide_1.16.1/plugins/com.st.stm32cube.ide.mcu.externaltools.gnu-tools-for-stm32.12.3.rel1.linux64_1.0.200.202406132123/tools/bin/../lib/gcc/arm-none-eabi/12.3.1/../../../../arm-none-eabi/lib/thumb/v7e-m+fp/hard/libm.a(libm_a-ef_rem_pio2.o)
 .rodata.PIo2   0x08005294       0x2c /opt/st/stm32cubeide_1.16.1/plugins/com.st.stm32cube.ide.mcu.externaltools.gnu-tools-for-stm32.12.3.rel1.linux64_1.0.200.202406132123/tools/bin/../lib/gcc/arm-none-eabi/12.3.1/../../../../arm-none-eabi/lib/thumb/v7e-m+fp/hard/libm.a(libm_a-kf_rem_pio2.o)
 .rodata.init_jk
                0x080052c0        0xc /opt/st/stm32cubeide_1.16.1/plugins/com.st.stm32cube.ide.mcu.externaltools.gnu-tools-for-stm32.12.3.rel1.linux64_1.0.200.202406132123/tools/bin/../lib/gcc/arm-none-eabi/12.3.1/../../../../arm-none-eabi/lib/thumb/v7e-m+fp/hard/libm.a(libm_a-kf_rem_pio2.o)
                0x080052cc                        . = ALIGN (0x4)

.ARM.extab      0x080052cc        0x0
                0x080052cc                        . = ALIGN (0x4)
 *(.ARM.extab* .gnu.linkonce.armextab.*)
                0x080052cc                        . = ALIGN (0x4)

.ARM            0x080052cc        0x0
                0x080052cc                        . = ALIGN (0x4)
                0x080052cc                        __exidx_start = .
 *(.ARM.exidx*)
                0x080052cc                        __exidx_end = .
                0x080052cc                        . = ALIGN (0x4)

.preinit_array  0x080052cc        0x0
                0x080052cc                        . = ALIGN (0x4)
                0x080052cc                        PROVIDE (__preinit_array_start = .)
 *(.preinit_array*)
                0x080052cc                        PROVIDE (__preinit_array_end = .)
                0x080052cc                        . = ALIGN (0x4)

.init_array     0x080052cc        0x4
                0x080052cc                        . = ALIGN (0x4)
                0x080052cc                        PROVIDE (__init_array_start = .)
 *(SORT_BY_NAME(.init_array.*))
 *(.init_array*)
 .init_array    0x080052cc        0x4 /opt/st/stm32cubeide_1.16.1/plugins/com.st.stm32cube.ide.mcu.externaltools.gnu-tools-for-stm32.12.3.rel1.linux64_1.0.200.202406132123/tools/bin/../lib/gcc/arm-none-eabi/12.3.1/thumb/v7e-m+fp/hard/crtbegin.o
                0x080052d0                        PROVIDE (__init_array_end = .)
                0x080052d0                        . = ALIGN (0x4)

.fini_array     0x080052d0        0x4
                0x080052d0                        . = ALIGN (0x4)
                [!provide]                        PROVIDE (__fini_array_start = .)
 *(SORT_BY_NAME(.fini_array.*))
 *(.fini_array*)
 .fini_array    0x080052d0        0x4 /opt/st/stm32cubeide_1.16.1/plugins/com.st.stm32cube.ide.mcu.externaltools.gnu-tools-for-stm32.12.3.rel1.linux64_1.0.200.202406132123/tools/bin/../lib/gcc/arm-none-eabi/12.3.1/thumb/v7e-m+fp/hard/crtbegin.o
                [!provide]                        PROVIDE (__fini_array_end = .)
                0x080052d4                        . = ALIGN (0x4)
                0x080052d4                        _sidata = LOADADDR (.data)

.rel.dyn        0x080052d4        0x0
 .rel.iplt      0x080052d4        0x0 /opt/st/stm32cubeide_1.16.1/plugins/com.st.stm32cube.ide.mcu.externaltools.gnu-tools-for-stm32.12.3.rel1.linux64_1.0.200.202406132123/tools/bin/../lib/gcc/arm-none-eabi/12.3.1/thumb/v7e-m+fp/hard/crtbegin.o

.data           0x20000000     0x6480 load address 0x080052d4
                0x20000000                        . = ALIGN (0x4)
                0x20000000                        _sdata = .
 *(.data)
 *(.data*)
 .data.frame_img2
                0x20000000     0x3000 ./Core/Src/main.o
                0x20000000                frame_img2
 .data.frame_img1
                0x20003000     0x3000 ./Core/Src/main.o
                0x20003000                frame_img1
 .data.red      0x20006000        0x3 ./Core/Src/main.o
                0x20006000                red
 *fill*         0x20006003        0x1 
 .data.green    0x20006004        0x3 ./Core/Src/main.o
                0x20006004                green
 *fill*         0x20006007        0x1 
 .data.blue     0x20006008        0x3 ./Core/Src/main.o
                0x20006008                blue
 *fill*         0x2000600b        0x1 
 .data.white    0x2000600c        0x3 ./Core/Src/main.o
                0x2000600c                white
 *fill*         0x2000600f        0x1 
 .data.Letter_A
                0x20006010       0x23 ./Core/Src/main.o
                0x20006010                Letter_A
 *fill*         0x20006033        0x1 
 .data.Letter_B
                0x20006034       0x23 ./Core/Src/main.o
                0x20006034                Letter_B
 *fill*         0x20006057        0x1 
 .data.Letter_C
                0x20006058       0x23 ./Core/Src/main.o
                0x20006058                Letter_C
 *fill*         0x2000607b        0x1 
 .data.Letter_D
                0x2000607c       0x23 ./Core/Src/main.o
                0x2000607c                Letter_D
 *fill*         0x2000609f        0x1 
 .data.Letter_E
                0x200060a0       0x23 ./Core/Src/main.o
                0x200060a0                Letter_E
 *fill*         0x200060c3        0x1 
 .data.Letter_F
                0x200060c4       0x23 ./Core/Src/main.o
                0x200060c4                Letter_F
 *fill*         0x200060e7        0x1 
 .data.Letter_G
                0x200060e8       0x23 ./Core/Src/main.o
                0x200060e8                Letter_G
 *fill*         0x2000610b        0x1 
 .data.Letter_H
                0x2000610c       0x23 ./Core/Src/main.o
                0x2000610c                Letter_H
 *fill*         0x2000612f        0x1 
 .data.Letter_I
                0x20006130       0x23 ./Core/Src/main.o
                0x20006130                Letter_I
 *fill*         0x20006153        0x1 
 .data.Letter_J
                0x20006154       0x23 ./Core/Src/main.o
                0x20006154                Letter_J
 *fill*         0x20006177        0x1 
 .data.Letter_K
                0x20006178       0x23 ./Core/Src/main.o
                0x20006178                Letter_K
 *fill*         0x2000619b        0x1 
 .data.Letter_L
                0x2000619c       0x23 ./Core/Src/main.o
                0x2000619c                Letter_L
 *fill*         0x200061bf        0x1 
 .data.Letter_M
                0x200061c0       0x23 ./Core/Src/main.o
                0x200061c0                Letter_M
 *fill*         0x200061e3        0x1 
 .data.Letter_N
                0x200061e4       0x23 ./Core/Src/main.o
                0x200061e4                Letter_N
 *fill*         0x20006207        0x1 
 .data.Letter_O
                0x20006208       0x23 ./Core/Src/main.o
                0x20006208                Letter_O
 *fill*         0x2000622b        0x1 
 .data.Letter_P
                0x2000622c       0x23 ./Core/Src/main.o
                0x2000622c                Letter_P
 *fill*         0x2000624f        0x1 
 .data.Letter_Q
                0x20006250       0x23 ./Core/Src/main.o
                0x20006250                Letter_Q
 *fill*         0x20006273        0x1 
 .data.Letter_R
                0x20006274       0x23 ./Core/Src/main.o
                0x20006274                Letter_R
 *fill*         0x20006297        0x1 
 .data.Letter_S
                0x20006298       0x23 ./Core/Src/main.o
                0x20006298                Letter_S
 *fill*         0x200062bb        0x1 
 .data.Letter_T
                0x200062bc       0x23 ./Core/Src/main.o
                0x200062bc                Letter_T
 *fill*         0x200062df        0x1 
 .data.Letter_U
                0x200062e0       0x23 ./Core/Src/main.o
                0x200062e0                Letter_U
 *fill*         0x20006303        0x1 
 .data.Letter_V
                0x20006304       0x23 ./Core/Src/main.o
                0x20006304                Letter_V
 *fill*         0x20006327        0x1 
 .data.Letter_W
                0x20006328       0x23 ./Core/Src/main.o
                0x20006328                Letter_W
 *fill*         0x2000634b        0x1 
 .data.Letter_X
                0x2000634c       0x23 ./Core/Src/main.o
                0x2000634c                Letter_X
 *fill*         0x2000636f        0x1 
 .data.Letter_Y
                0x20006370       0x23 ./Core/Src/main.o
                0x20006370                Letter_Y
 *fill*         0x20006393        0x1 
 .data.Letter_Z
                0x20006394       0x23 ./Core/Src/main.o
                0x20006394                Letter_Z
 *fill*         0x200063b7        0x1 
 .data.font     0x200063b8       0x68 ./Core/Src/main.o
                0x200063b8                font
 .data.valor_max_adc
                0x20006420        0x4 ./Core/Src/main.o
                0x20006420                valor_max_adc
 .data.bandera_debugger
                0x20006424        0x1 ./Core/Src/main.o
                0x20006424                bandera_debugger
 .data.programa_actual
                0x20006425        0x1 ./Core/Src/main.o
                0x20006425                programa_actual
 *fill*         0x20006426        0x2 
 .data.SystemCoreClock
                0x20006428        0x4 ./Core/Src/system_stm32f4xx.o
                0x20006428                SystemCoreClock
 .data.uwTickFreq
                0x2000642c        0x1 ./Drivers/STM32F4xx_HAL_Driver/Src/stm32f4xx_hal.o
                0x2000642c                uwTickFreq
 *fill*         0x2000642d        0x3 
 .data._impure_ptr
                0x20006430        0x4 /opt/st/stm32cubeide_1.16.1/plugins/com.st.stm32cube.ide.mcu.externaltools.gnu-tools-for-stm32.12.3.rel1.linux64_1.0.200.202406132123/tools/bin/../lib/gcc/arm-none-eabi/12.3.1/../../../../arm-none-eabi/lib/thumb/v7e-m+fp/hard/libc_nano.a(libc_a-impure.o)
                0x20006430                _impure_ptr
 .data._impure_data
                0x20006434       0x4c /opt/st/stm32cubeide_1.16.1/plugins/com.st.stm32cube.ide.mcu.externaltools.gnu-tools-for-stm32.12.3.rel1.linux64_1.0.200.202406132123/tools/bin/../lib/gcc/arm-none-eabi/12.3.1/../../../../arm-none-eabi/lib/thumb/v7e-m+fp/hard/libc_nano.a(libc_a-impure.o)
                0x20006434                _impure_data
 *(.RamFunc)
 *(.RamFunc*)
                0x20006480                        . = ALIGN (0x4)
                0x20006480                        _edata = .

.igot.plt       0x20006480        0x0 load address 0x0800b754
 .igot.plt      0x20006480        0x0 /opt/st/stm32cubeide_1.16.1/plugins/com.st.stm32cube.ide.mcu.externaltools.gnu-tools-for-stm32.12.3.rel1.linux64_1.0.200.202406132123/tools/bin/../lib/gcc/arm-none-eabi/12.3.1/thumb/v7e-m+fp/hard/crtbegin.o
                0x20006480                        . = ALIGN (0x4)

.bss            0x20006480     0xb22c load address 0x0800b754
                0x20006480                        _sbss = .
                0x20006480                        __bss_start__ = _sbss
 *(.bss)
 .bss           0x20006480       0x1c /opt/st/stm32cubeide_1.16.1/plugins/com.st.stm32cube.ide.mcu.externaltools.gnu-tools-for-stm32.12.3.rel1.linux64_1.0.200.202406132123/tools/bin/../lib/gcc/arm-none-eabi/12.3.1/thumb/v7e-m+fp/hard/crtbegin.o
 *(.bss*)
 .bss.frame     0x2000649c     0x3000 ./Core/Src/led.o
                0x2000649c                frame
 .bss.buffer1   0x2000949c     0x4000 ./Core/Src/led.o
                0x2000949c                buffer1
 .bss.buffer2   0x2000d49c     0x4000 ./Core/Src/led.o
                0x2000d49c                buffer2
 .bss.time.2    0x2001149c        0x4 ./Core/Src/led_programs.o
 .bss.time.1    0x200114a0        0x4 ./Core/Src/led_programs.o
 .bss.contador_frames.0
                0x200114a4        0x4 ./Core/Src/led_programs.o
 .bss.black     0x200114a8        0x3 ./Core/Src/main.o
                0x200114a8                black
 *fill*         0x200114ab        0x1 
 .bss.hadc2     0x200114ac       0x48 ./Core/Src/main.o
                0x200114ac                hadc2
 .bss.htim6     0x200114f4       0x48 ./Core/Src/main.o
                0x200114f4                htim6
 .bss.valor_min_adc
                0x2001153c        0x4 ./Core/Src/main.o
                0x2001153c                valor_min_adc
 .bss.value_adc
                0x20011540        0x4 ./Core/Src/main.o
                0x20011540                value_adc
 .bss.bit       0x20011544        0x1 ./Core/Src/main.o
                0x20011544                bit
 .bss.row       0x20011545        0x1 ./Core/Src/main.o
                0x20011545                row
 *fill*         0x20011546        0x2 
 .bss.frame_count
                0x20011548        0x4 ./Core/Src/main.o
                0x20011548                frame_count
 .bss.bandera_adc
                0x2001154c        0x1 ./Core/Src/main.o
                0x2001154c                bandera_adc
 .bss.busyFlag  0x2001154d        0x1 ./Core/Src/main.o
                0x2001154d                busyFlag
 *fill*         0x2001154e        0x2 
 .bss.nextBuffer
                0x20011550        0x4 ./Core/Src/main.o
                0x20011550                nextBuffer
 .bss.current_buffer
                0x20011554        0x4 ./Core/Src/main.o
                0x20011554                current_buffer
 .bss.start_time
                0x20011558        0x4 ./Core/Src/main.o
                0x20011558                start_time
 .bss.__sbrk_heap_end
                0x2001155c        0x4 ./Core/Src/sysmem.o
 .bss.uwTick    0x20011560        0x4 ./Drivers/STM32F4xx_HAL_Driver/Src/stm32f4xx_hal.o
                0x20011560                uwTick
 .bss.__malloc_sbrk_start
                0x20011564        0x4 /opt/st/stm32cubeide_1.16.1/plugins/com.st.stm32cube.ide.mcu.externaltools.gnu-tools-for-stm32.12.3.rel1.linux64_1.0.200.202406132123/tools/bin/../lib/gcc/arm-none-eabi/12.3.1/../../../../arm-none-eabi/lib/thumb/v7e-m+fp/hard/libc_nano.a(libc_a-mallocr.o)
                0x20011564                __malloc_sbrk_start
 .bss.__malloc_free_list
                0x20011568        0x4 /opt/st/stm32cubeide_1.16.1/plugins/com.st.stm32cube.ide.mcu.externaltools.gnu-tools-for-stm32.12.3.rel1.linux64_1.0.200.202406132123/tools/bin/../lib/gcc/arm-none-eabi/12.3.1/../../../../arm-none-eabi/lib/thumb/v7e-m+fp/hard/libc_nano.a(libc_a-mallocr.o)
                0x20011568                __malloc_free_list
 .bss.__sf      0x2001156c      0x138 /opt/st/stm32cubeide_1.16.1/plugins/com.st.stm32cube.ide.mcu.externaltools.gnu-tools-for-stm32.12.3.rel1.linux64_1.0.200.202406132123/tools/bin/../lib/gcc/arm-none-eabi/12.3.1/../../../../arm-none-eabi/lib/thumb/v7e-m+fp/hard/libc_nano.a(libc_a-findfp.o)
                0x2001156c                __sf
 .bss.errno     0x200116a4        0x4 /opt/st/stm32cubeide_1.16.1/plugins/com.st.stm32cube.ide.mcu.externaltools.gnu-tools-for-stm32.12.3.rel1.linux64_1.0.200.202406132123/tools/bin/../lib/gcc/arm-none-eabi/12.3.1/../../../../arm-none-eabi/lib/thumb/v7e-m+fp/hard/libc_nano.a(libc_a-reent.o)
                0x200116a4                errno
 .bss.__lock___malloc_recursive_mutex
                0x200116a8        0x1 /opt/st/stm32cubeide_1.16.1/plugins/com.st.stm32cube.ide.mcu.externaltools.gnu-tools-for-stm32.12.3.rel1.linux64_1.0.200.202406132123/tools/bin/../lib/gcc/arm-none-eabi/12.3.1/../../../../arm-none-eabi/lib/thumb/v7e-m+fp/hard/libc_nano.a(libc_a-lock.o)
                0x200116a8                __lock___malloc_recursive_mutex
 *(COMMON)
                0x200116ac                        . = ALIGN (0x4)
 *fill*         0x200116a9        0x3 
                0x200116ac                        _ebss = .
                0x200116ac                        __bss_end__ = _ebss

._user_heap_stack
                0x200116ac      0x604 load address 0x0800b754
                0x200116b0                        . = ALIGN (0x8)
 *fill*         0x200116ac        0x4 
                [!provide]                        PROVIDE (end = .)
                0x200116b0                        PROVIDE (_end = .)
                0x200118b0                        . = (. + _Min_Heap_Size)
 *fill*         0x200116b0      0x200 
                0x20011cb0                        . = (. + _Min_Stack_Size)
 *fill*         0x200118b0      0x400 
                0x20011cb0                        . = ALIGN (0x8)

/DISCARD/
 libc.a(*)
 libm.a(*)
 libgcc.a(*)

.ARM.attributes
                0x00000000       0x30
 *(.ARM.attributes)
 .ARM.attributes
                0x00000000       0x22 /opt/st/stm32cubeide_1.16.1/plugins/com.st.stm32cube.ide.mcu.externaltools.gnu-tools-for-stm32.12.3.rel1.linux64_1.0.200.202406132123/tools/bin/../lib/gcc/arm-none-eabi/12.3.1/thumb/v7e-m+fp/hard/crti.o
 .ARM.attributes
                0x00000022       0x34 /opt/st/stm32cubeide_1.16.1/plugins/com.st.stm32cube.ide.mcu.externaltools.gnu-tools-for-stm32.12.3.rel1.linux64_1.0.200.202406132123/tools/bin/../lib/gcc/arm-none-eabi/12.3.1/thumb/v7e-m+fp/hard/crtbegin.o
 .ARM.attributes
                0x00000056       0x34 ./Core/Src/inicializacion.o
 .ARM.attributes
                0x0000008a       0x34 ./Core/Src/interrupts.o
 .ARM.attributes
                0x000000be       0x34 ./Core/Src/led.o
 .ARM.attributes
                0x000000f2       0x34 ./Core/Src/led_programs.o
 .ARM.attributes
                0x00000126       0x34 ./Core/Src/main.o
 .ARM.attributes
                0x0000015a       0x34 ./Core/Src/stm32f4xx_hal_msp.o
 .ARM.attributes
                0x0000018e       0x34 ./Core/Src/stm32f4xx_it.o
 .ARM.attributes
                0x000001c2       0x34 ./Core/Src/sysmem.o
 .ARM.attributes
                0x000001f6       0x34 ./Core/Src/system_stm32f4xx.o
 .ARM.attributes
                0x0000022a       0x34 ./Core/Src/systick.o
 .ARM.attributes
                0x0000025e       0x21 ./Core/Startup/startup_stm32f446retx.o
 .ARM.attributes
                0x0000027f       0x34 ./Drivers/STM32F4xx_HAL_Driver/Src/stm32f4xx_hal.o
 .ARM.attributes
                0x000002b3       0x34 ./Drivers/STM32F4xx_HAL_Driver/Src/stm32f4xx_hal_adc.o
 .ARM.attributes
                0x000002e7       0x34 ./Drivers/STM32F4xx_HAL_Driver/Src/stm32f4xx_hal_cortex.o
 .ARM.attributes
                0x0000031b       0x34 ./Drivers/STM32F4xx_HAL_Driver/Src/stm32f4xx_hal_gpio.o
 .ARM.attributes
                0x0000034f       0x34 ./Drivers/STM32F4xx_HAL_Driver/Src/stm32f4xx_hal_tim.o
 .ARM.attributes
                0x00000383       0x34 ./Drivers/STM32F4xx_HAL_Driver/Src/stm32f4xx_hal_tim_ex.o
 .ARM.attributes
                0x000003b7       0x34 /opt/st/stm32cubeide_1.16.1/plugins/com.st.stm32cube.ide.mcu.externaltools.gnu-tools-for-stm32.12.3.rel1.linux64_1.0.200.202406132123/tools/bin/../lib/gcc/arm-none-eabi/12.3.1/../../../../arm-none-eabi/lib/thumb/v7e-m+fp/hard/libc_nano.a(libc_a-malloc.o)
 .ARM.attributes
                0x000003eb       0x34 /opt/st/stm32cubeide_1.16.1/plugins/com.st.stm32cube.ide.mcu.externaltools.gnu-tools-for-stm32.12.3.rel1.linux64_1.0.200.202406132123/tools/bin/../lib/gcc/arm-none-eabi/12.3.1/../../../../arm-none-eabi/lib/thumb/v7e-m+fp/hard/libc_nano.a(libc_a-mallocr.o)
 .ARM.attributes
                0x0000041f       0x34 /opt/st/stm32cubeide_1.16.1/plugins/com.st.stm32cube.ide.mcu.externaltools.gnu-tools-for-stm32.12.3.rel1.linux64_1.0.200.202406132123/tools/bin/../lib/gcc/arm-none-eabi/12.3.1/../../../../arm-none-eabi/lib/thumb/v7e-m+fp/hard/libc_nano.a(libc_a-mlock.o)
 .ARM.attributes
                0x00000453       0x34 /opt/st/stm32cubeide_1.16.1/plugins/com.st.stm32cube.ide.mcu.externaltools.gnu-tools-for-stm32.12.3.rel1.linux64_1.0.200.202406132123/tools/bin/../lib/gcc/arm-none-eabi/12.3.1/../../../../arm-none-eabi/lib/thumb/v7e-m+fp/hard/libc_nano.a(libc_a-findfp.o)
 .ARM.attributes
                0x00000487       0x34 /opt/st/stm32cubeide_1.16.1/plugins/com.st.stm32cube.ide.mcu.externaltools.gnu-tools-for-stm32.12.3.rel1.linux64_1.0.200.202406132123/tools/bin/../lib/gcc/arm-none-eabi/12.3.1/../../../../arm-none-eabi/lib/thumb/v7e-m+fp/hard/libc_nano.a(libc_a-memset.o)
 .ARM.attributes
                0x000004bb       0x34 /opt/st/stm32cubeide_1.16.1/plugins/com.st.stm32cube.ide.mcu.externaltools.gnu-tools-for-stm32.12.3.rel1.linux64_1.0.200.202406132123/tools/bin/../lib/gcc/arm-none-eabi/12.3.1/../../../../arm-none-eabi/lib/thumb/v7e-m+fp/hard/libc_nano.a(libc_a-reent.o)
 .ARM.attributes
                0x000004ef       0x34 /opt/st/stm32cubeide_1.16.1/plugins/com.st.stm32cube.ide.mcu.externaltools.gnu-tools-for-stm32.12.3.rel1.linux64_1.0.200.202406132123/tools/bin/../lib/gcc/arm-none-eabi/12.3.1/../../../../arm-none-eabi/lib/thumb/v7e-m+fp/hard/libc_nano.a(libc_a-impure.o)
 .ARM.attributes
                0x00000523       0x34 /opt/st/stm32cubeide_1.16.1/plugins/com.st.stm32cube.ide.mcu.externaltools.gnu-tools-for-stm32.12.3.rel1.linux64_1.0.200.202406132123/tools/bin/../lib/gcc/arm-none-eabi/12.3.1/../../../../arm-none-eabi/lib/thumb/v7e-m+fp/hard/libc_nano.a(libc_a-sbrkr.o)
 .ARM.attributes
                0x00000557       0x34 /opt/st/stm32cubeide_1.16.1/plugins/com.st.stm32cube.ide.mcu.externaltools.gnu-tools-for-stm32.12.3.rel1.linux64_1.0.200.202406132123/tools/bin/../lib/gcc/arm-none-eabi/12.3.1/../../../../arm-none-eabi/lib/thumb/v7e-m+fp/hard/libc_nano.a(libc_a-errno.o)
 .ARM.attributes
                0x0000058b       0x34 /opt/st/stm32cubeide_1.16.1/plugins/com.st.stm32cube.ide.mcu.externaltools.gnu-tools-for-stm32.12.3.rel1.linux64_1.0.200.202406132123/tools/bin/../lib/gcc/arm-none-eabi/12.3.1/../../../../arm-none-eabi/lib/thumb/v7e-m+fp/hard/libc_nano.a(libc_a-init.o)
 .ARM.attributes
                0x000005bf       0x34 /opt/st/stm32cubeide_1.16.1/plugins/com.st.stm32cube.ide.mcu.externaltools.gnu-tools-for-stm32.12.3.rel1.linux64_1.0.200.202406132123/tools/bin/../lib/gcc/arm-none-eabi/12.3.1/../../../../arm-none-eabi/lib/thumb/v7e-m+fp/hard/libc_nano.a(libc_a-lock.o)
 .ARM.attributes
                0x000005f3       0x34 /opt/st/stm32cubeide_1.16.1/plugins/com.st.stm32cube.ide.mcu.externaltools.gnu-tools-for-stm32.12.3.rel1.linux64_1.0.200.202406132123/tools/bin/../lib/gcc/arm-none-eabi/12.3.1/../../../../arm-none-eabi/lib/thumb/v7e-m+fp/hard/libc_nano.a(libc_a-memcpy-stub.o)
 .ARM.attributes
                0x00000627       0x34 /opt/st/stm32cubeide_1.16.1/plugins/com.st.stm32cube.ide.mcu.externaltools.gnu-tools-for-stm32.12.3.rel1.linux64_1.0.200.202406132123/tools/bin/../lib/gcc/arm-none-eabi/12.3.1/../../../../arm-none-eabi/lib/thumb/v7e-m+fp/hard/libc_nano.a(libc_a-freer.o)
 .ARM.attributes
                0x0000065b       0x34 /opt/st/stm32cubeide_1.16.1/plugins/com.st.stm32cube.ide.mcu.externaltools.gnu-tools-for-stm32.12.3.rel1.linux64_1.0.200.202406132123/tools/bin/../lib/gcc/arm-none-eabi/12.3.1/../../../../arm-none-eabi/lib/thumb/v7e-m+fp/hard/libm.a(libm_a-wf_sqrt.o)
 .ARM.attributes
                0x0000068f       0x34 /opt/st/stm32cubeide_1.16.1/plugins/com.st.stm32cube.ide.mcu.externaltools.gnu-tools-for-stm32.12.3.rel1.linux64_1.0.200.202406132123/tools/bin/../lib/gcc/arm-none-eabi/12.3.1/../../../../arm-none-eabi/lib/thumb/v7e-m+fp/hard/libm.a(libm_a-sf_cos.o)
 .ARM.attributes
                0x000006c3       0x34 /opt/st/stm32cubeide_1.16.1/plugins/com.st.stm32cube.ide.mcu.externaltools.gnu-tools-for-stm32.12.3.rel1.linux64_1.0.200.202406132123/tools/bin/../lib/gcc/arm-none-eabi/12.3.1/../../../../arm-none-eabi/lib/thumb/v7e-m+fp/hard/libm.a(libm_a-sf_sin.o)
 .ARM.attributes
                0x000006f7       0x34 /opt/st/stm32cubeide_1.16.1/plugins/com.st.stm32cube.ide.mcu.externaltools.gnu-tools-for-stm32.12.3.rel1.linux64_1.0.200.202406132123/tools/bin/../lib/gcc/arm-none-eabi/12.3.1/../../../../arm-none-eabi/lib/thumb/v7e-m+fp/hard/libm.a(libm_a-sf_fmax.o)
 .ARM.attributes
                0x0000072b       0x34 /opt/st/stm32cubeide_1.16.1/plugins/com.st.stm32cube.ide.mcu.externaltools.gnu-tools-for-stm32.12.3.rel1.linux64_1.0.200.202406132123/tools/bin/../lib/gcc/arm-none-eabi/12.3.1/../../../../arm-none-eabi/lib/thumb/v7e-m+fp/hard/libm.a(libm_a-sf_fmin.o)
 .ARM.attributes
                0x0000075f       0x34 /opt/st/stm32cubeide_1.16.1/plugins/com.st.stm32cube.ide.mcu.externaltools.gnu-tools-for-stm32.12.3.rel1.linux64_1.0.200.202406132123/tools/bin/../lib/gcc/arm-none-eabi/12.3.1/../../../../arm-none-eabi/lib/thumb/v7e-m+fp/hard/libm.a(libm_a-sf_fpclassify.o)
 .ARM.attributes
                0x00000793       0x34 /opt/st/stm32cubeide_1.16.1/plugins/com.st.stm32cube.ide.mcu.externaltools.gnu-tools-for-stm32.12.3.rel1.linux64_1.0.200.202406132123/tools/bin/../lib/gcc/arm-none-eabi/12.3.1/../../../../arm-none-eabi/lib/thumb/v7e-m+fp/hard/libm.a(libm_a-ef_sqrt.o)
 .ARM.attributes
                0x000007c7       0x34 /opt/st/stm32cubeide_1.16.1/plugins/com.st.stm32cube.ide.mcu.externaltools.gnu-tools-for-stm32.12.3.rel1.linux64_1.0.200.202406132123/tools/bin/../lib/gcc/arm-none-eabi/12.3.1/../../../../arm-none-eabi/lib/thumb/v7e-m+fp/hard/libm.a(libm_a-kf_cos.o)
 .ARM.attributes
                0x000007fb       0x34 /opt/st/stm32cubeide_1.16.1/plugins/com.st.stm32cube.ide.mcu.externaltools.gnu-tools-for-stm32.12.3.rel1.linux64_1.0.200.202406132123/tools/bin/../lib/gcc/arm-none-eabi/12.3.1/../../../../arm-none-eabi/lib/thumb/v7e-m+fp/hard/libm.a(libm_a-kf_sin.o)
 .ARM.attributes
                0x0000082f       0x34 /opt/st/stm32cubeide_1.16.1/plugins/com.st.stm32cube.ide.mcu.externaltools.gnu-tools-for-stm32.12.3.rel1.linux64_1.0.200.202406132123/tools/bin/../lib/gcc/arm-none-eabi/12.3.1/../../../../arm-none-eabi/lib/thumb/v7e-m+fp/hard/libm.a(libm_a-ef_rem_pio2.o)
 .ARM.attributes
                0x00000863       0x34 /opt/st/stm32cubeide_1.16.1/plugins/com.st.stm32cube.ide.mcu.externaltools.gnu-tools-for-stm32.12.3.rel1.linux64_1.0.200.202406132123/tools/bin/../lib/gcc/arm-none-eabi/12.3.1/../../../../arm-none-eabi/lib/thumb/v7e-m+fp/hard/libm.a(libm_a-sf_fabs.o)
 .ARM.attributes
                0x00000897       0x34 /opt/st/stm32cubeide_1.16.1/plugins/com.st.stm32cube.ide.mcu.externaltools.gnu-tools-for-stm32.12.3.rel1.linux64_1.0.200.202406132123/tools/bin/../lib/gcc/arm-none-eabi/12.3.1/../../../../arm-none-eabi/lib/thumb/v7e-m+fp/hard/libm.a(libm_a-kf_rem_pio2.o)
 .ARM.attributes
                0x000008cb       0x34 /opt/st/stm32cubeide_1.16.1/plugins/com.st.stm32cube.ide.mcu.externaltools.gnu-tools-for-stm32.12.3.rel1.linux64_1.0.200.202406132123/tools/bin/../lib/gcc/arm-none-eabi/12.3.1/../../../../arm-none-eabi/lib/thumb/v7e-m+fp/hard/libm.a(libm_a-sf_scalbn.o)
 .ARM.attributes
                0x000008ff       0x34 /opt/st/stm32cubeide_1.16.1/plugins/com.st.stm32cube.ide.mcu.externaltools.gnu-tools-for-stm32.12.3.rel1.linux64_1.0.200.202406132123/tools/bin/../lib/gcc/arm-none-eabi/12.3.1/../../../../arm-none-eabi/lib/thumb/v7e-m+fp/hard/libm.a(libm_a-sf_floor.o)
 .ARM.attributes
                0x00000933       0x22 /opt/st/stm32cubeide_1.16.1/plugins/com.st.stm32cube.ide.mcu.externaltools.gnu-tools-for-stm32.12.3.rel1.linux64_1.0.200.202406132123/tools/bin/../lib/gcc/arm-none-eabi/12.3.1/thumb/v7e-m+fp/hard/libgcc.a(_arm_muldf3.o)
 .ARM.attributes
                0x00000955       0x22 /opt/st/stm32cubeide_1.16.1/plugins/com.st.stm32cube.ide.mcu.externaltools.gnu-tools-for-stm32.12.3.rel1.linux64_1.0.200.202406132123/tools/bin/../lib/gcc/arm-none-eabi/12.3.1/thumb/v7e-m+fp/hard/libgcc.a(_arm_addsubdf3.o)
 .ARM.attributes
                0x00000977       0x22 /opt/st/stm32cubeide_1.16.1/plugins/com.st.stm32cube.ide.mcu.externaltools.gnu-tools-for-stm32.12.3.rel1.linux64_1.0.200.202406132123/tools/bin/../lib/gcc/arm-none-eabi/12.3.1/thumb/v7e-m+fp/hard/libgcc.a(_arm_cmpdf2.o)
 .ARM.attributes
                0x00000999       0x22 /opt/st/stm32cubeide_1.16.1/plugins/com.st.stm32cube.ide.mcu.externaltools.gnu-tools-for-stm32.12.3.rel1.linux64_1.0.200.202406132123/tools/bin/../lib/gcc/arm-none-eabi/12.3.1/thumb/v7e-m+fp/hard/libgcc.a(_arm_fixunsdfsi.o)
 .ARM.attributes
                0x000009bb       0x22 /opt/st/stm32cubeide_1.16.1/plugins/com.st.stm32cube.ide.mcu.externaltools.gnu-tools-for-stm32.12.3.rel1.linux64_1.0.200.202406132123/tools/bin/../lib/gcc/arm-none-eabi/12.3.1/thumb/v7e-m+fp/hard/libgcc.a(_arm_truncdfsf2.o)
 .ARM.attributes
                0x000009dd       0x22 /opt/st/stm32cubeide_1.16.1/plugins/com.st.stm32cube.ide.mcu.externaltools.gnu-tools-for-stm32.12.3.rel1.linux64_1.0.200.202406132123/tools/bin/../lib/gcc/arm-none-eabi/12.3.1/thumb/v7e-m+fp/hard/crtn.o
OUTPUT(Leds_Final.elf elf32-littlearm)
LOAD linker stubs
LOAD /opt/st/stm32cubeide_1.16.1/plugins/com.st.stm32cube.ide.mcu.externaltools.gnu-tools-for-stm32.12.3.rel1.linux64_1.0.200.202406132123/tools/bin/../lib/gcc/arm-none-eabi/12.3.1/../../../../arm-none-eabi/lib/thumb/v7e-m+fp/hard/libc.a
LOAD /opt/st/stm32cubeide_1.16.1/plugins/com.st.stm32cube.ide.mcu.externaltools.gnu-tools-for-stm32.12.3.rel1.linux64_1.0.200.202406132123/tools/bin/../lib/gcc/arm-none-eabi/12.3.1/../../../../arm-none-eabi/lib/thumb/v7e-m+fp/hard/libm.a
LOAD /opt/st/stm32cubeide_1.16.1/plugins/com.st.stm32cube.ide.mcu.externaltools.gnu-tools-for-stm32.12.3.rel1.linux64_1.0.200.202406132123/tools/bin/../lib/gcc/arm-none-eabi/12.3.1/thumb/v7e-m+fp/hard/libgcc.a

.debug_info     0x00000000     0xb8bc
 .debug_info    0x00000000      0xa74 ./Core/Src/inicializacion.o
 .debug_info    0x00000a74      0x2e3 ./Core/Src/interrupts.o
 .debug_info    0x00000d57      0x35e ./Core/Src/led.o
 .debug_info    0x000010b5      0x95b ./Core/Src/led_programs.o
 .debug_info    0x00001a10     0x191b ./Core/Src/main.o
 .debug_info    0x0000332b      0xd00 ./Core/Src/stm32f4xx_hal_msp.o
 .debug_info    0x0000402b      0x14a ./Core/Src/stm32f4xx_it.o
 .debug_info    0x00004175      0x168 ./Core/Src/sysmem.o
 .debug_info    0x000042dd      0x54a ./Core/Src/system_stm32f4xx.o
 .debug_info    0x00004827      0x6ff ./Core/Src/systick.o
 .debug_info    0x00004f26       0x30 ./Core/Startup/startup_stm32f446retx.o
 .debug_info    0x00004f56      0x99a ./Drivers/STM32F4xx_HAL_Driver/Src/stm32f4xx_hal.o
 .debug_info    0x000058f0      0xcd4 ./Drivers/STM32F4xx_HAL_Driver/Src/stm32f4xx_hal_adc.o
 .debug_info    0x000065c4      0xd75 ./Drivers/STM32F4xx_HAL_Driver/Src/stm32f4xx_hal_cortex.o
 .debug_info    0x00007339      0x70b ./Drivers/STM32F4xx_HAL_Driver/Src/stm32f4xx_hal_gpio.o
 .debug_info    0x00007a44     0x299d ./Drivers/STM32F4xx_HAL_Driver/Src/stm32f4xx_hal_tim.o
 .debug_info    0x0000a3e1     0x14db ./Drivers/STM32F4xx_HAL_Driver/Src/stm32f4xx_hal_tim_ex.o

.debug_abbrev   0x00000000     0x1e1f
 .debug_abbrev  0x00000000      0x1c8 ./Core/Src/inicializacion.o
 .debug_abbrev  0x000001c8       0xe0 ./Core/Src/interrupts.o
 .debug_abbrev  0x000002a8      0x1a2 ./Core/Src/led.o
 .debug_abbrev  0x0000044a      0x1b6 ./Core/Src/led_programs.o
 .debug_abbrev  0x00000600      0x367 ./Core/Src/main.o
 .debug_abbrev  0x00000967      0x1e9 ./Core/Src/stm32f4xx_hal_msp.o
 .debug_abbrev  0x00000b50       0xa0 ./Core/Src/stm32f4xx_it.o
 .debug_abbrev  0x00000bf0       0xbc ./Core/Src/sysmem.o
 .debug_abbrev  0x00000cac      0x11a ./Core/Src/system_stm32f4xx.o
 .debug_abbrev  0x00000dc6      0x1d8 ./Core/Src/systick.o
 .debug_abbrev  0x00000f9e       0x24 ./Core/Startup/startup_stm32f446retx.o
 .debug_abbrev  0x00000fc2      0x214 ./Drivers/STM32F4xx_HAL_Driver/Src/stm32f4xx_hal.o
 .debug_abbrev  0x000011d6      0x252 ./Drivers/STM32F4xx_HAL_Driver/Src/stm32f4xx_hal_adc.o
 .debug_abbrev  0x00001428      0x328 ./Drivers/STM32F4xx_HAL_Driver/Src/stm32f4xx_hal_cortex.o
 .debug_abbrev  0x00001750      0x1d4 ./Drivers/STM32F4xx_HAL_Driver/Src/stm32f4xx_hal_gpio.o
 .debug_abbrev  0x00001924      0x278 ./Drivers/STM32F4xx_HAL_Driver/Src/stm32f4xx_hal_tim.o
 .debug_abbrev  0x00001b9c      0x283 ./Drivers/STM32F4xx_HAL_Driver/Src/stm32f4xx_hal_tim_ex.o

.debug_aranges  0x00000000      0xb28
 .debug_aranges
                0x00000000       0x48 ./Core/Src/inicializacion.o
 .debug_aranges
                0x00000048       0x28 ./Core/Src/interrupts.o
 .debug_aranges
                0x00000070       0x30 ./Core/Src/led.o
 .debug_aranges
                0x000000a0       0x58 ./Core/Src/led_programs.o
 .debug_aranges
                0x000000f8       0x50 ./Core/Src/main.o
 .debug_aranges
                0x00000148       0x40 ./Core/Src/stm32f4xx_hal_msp.o
 .debug_aranges
                0x00000188       0x68 ./Core/Src/stm32f4xx_it.o
 .debug_aranges
                0x000001f0       0x20 ./Core/Src/sysmem.o
 .debug_aranges
                0x00000210       0x28 ./Core/Src/system_stm32f4xx.o
 .debug_aranges
                0x00000238       0x40 ./Core/Src/systick.o
 .debug_aranges
                0x00000278       0x28 ./Core/Startup/startup_stm32f446retx.o
 .debug_aranges
                0x000002a0       0xf0 ./Drivers/STM32F4xx_HAL_Driver/Src/stm32f4xx_hal.o
 .debug_aranges
                0x00000390       0xe8 ./Drivers/STM32F4xx_HAL_Driver/Src/stm32f4xx_hal_adc.o
 .debug_aranges
                0x00000478      0x120 ./Drivers/STM32F4xx_HAL_Driver/Src/stm32f4xx_hal_cortex.o
 .debug_aranges
                0x00000598       0x58 ./Drivers/STM32F4xx_HAL_Driver/Src/stm32f4xx_hal_gpio.o
 .debug_aranges
                0x000005f0      0x3d0 ./Drivers/STM32F4xx_HAL_Driver/Src/stm32f4xx_hal_tim.o
 .debug_aranges
                0x000009c0      0x168 ./Drivers/STM32F4xx_HAL_Driver/Src/stm32f4xx_hal_tim_ex.o

.debug_rnglists
                0x00000000      0x8b7
 .debug_rnglists
                0x00000000       0x35 ./Core/Src/inicializacion.o
 .debug_rnglists
                0x00000035       0x1a ./Core/Src/interrupts.o
 .debug_rnglists
                0x0000004f       0x20 ./Core/Src/led.o
 .debug_rnglists
                0x0000006f       0x71 ./Core/Src/led_programs.o
 .debug_rnglists
                0x000000e0       0x3b ./Core/Src/main.o
 .debug_rnglists
                0x0000011b       0x2c ./Core/Src/stm32f4xx_hal_msp.o
 .debug_rnglists
                0x00000147       0x49 ./Core/Src/stm32f4xx_it.o
 .debug_rnglists
                0x00000190       0x13 ./Core/Src/sysmem.o
 .debug_rnglists
                0x000001a3       0x1a ./Core/Src/system_stm32f4xx.o
 .debug_rnglists
                0x000001bd       0x2b ./Core/Src/systick.o
 .debug_rnglists
                0x000001e8       0x19 ./Core/Startup/startup_stm32f446retx.o
 .debug_rnglists
                0x00000201       0xaf ./Drivers/STM32F4xx_HAL_Driver/Src/stm32f4xx_hal.o
 .debug_rnglists
                0x000002b0       0xb5 ./Drivers/STM32F4xx_HAL_Driver/Src/stm32f4xx_hal_adc.o
 .debug_rnglists
                0x00000365       0xd4 ./Drivers/STM32F4xx_HAL_Driver/Src/stm32f4xx_hal_cortex.o
 .debug_rnglists
                0x00000439       0x3f ./Drivers/STM32F4xx_HAL_Driver/Src/stm32f4xx_hal_gpio.o
 .debug_rnglists
                0x00000478      0x31a ./Drivers/STM32F4xx_HAL_Driver/Src/stm32f4xx_hal_tim.o
 .debug_rnglists
                0x00000792      0x125 ./Drivers/STM32F4xx_HAL_Driver/Src/stm32f4xx_hal_tim_ex.o

.debug_macro    0x00000000    0x233a8
 .debug_macro   0x00000000      0x203 ./Core/Src/inicializacion.o
 .debug_macro   0x00000203      0xab4 ./Core/Src/inicializacion.o
 .debug_macro   0x00000cb7       0x28 ./Core/Src/inicializacion.o
 .debug_macro   0x00000cdf       0x22 ./Core/Src/inicializacion.o
 .debug_macro   0x00000d01       0x8e ./Core/Src/inicializacion.o
 .debug_macro   0x00000d8f       0x51 ./Core/Src/inicializacion.o
 .debug_macro   0x00000de0      0x103 ./Core/Src/inicializacion.o
 .debug_macro   0x00000ee3       0x6a ./Core/Src/inicializacion.o
 .debug_macro   0x00000f4d      0x1df ./Core/Src/inicializacion.o
 .debug_macro   0x0000112c       0x1c ./Core/Src/inicializacion.o
 .debug_macro   0x00001148       0x22 ./Core/Src/inicializacion.o
 .debug_macro   0x0000116a       0xfb ./Core/Src/inicializacion.o
 .debug_macro   0x00001265     0x1011 ./Core/Src/inicializacion.o
 .debug_macro   0x00002276      0x11f ./Core/Src/inicializacion.o
 .debug_macro   0x00002395    0x16749 ./Core/Src/inicializacion.o
 .debug_macro   0x00018ade      0x29b ./Core/Src/inicializacion.o
 .debug_macro   0x00018d79       0x2e ./Core/Src/inicializacion.o
 .debug_macro   0x00018da7       0x6d ./Core/Src/inicializacion.o
 .debug_macro   0x00018e14     0x368c ./Core/Src/inicializacion.o
 .debug_macro   0x0001c4a0      0x189 ./Core/Src/inicializacion.o
 .debug_macro   0x0001c629       0x5c ./Core/Src/inicializacion.o
 .debug_macro   0x0001c685      0xca5 ./Core/Src/inicializacion.o
 .debug_macro   0x0001d32a      0x9e9 ./Core/Src/inicializacion.o
 .debug_macro   0x0001dd13      0x115 ./Core/Src/inicializacion.o
 .debug_macro   0x0001de28      0x1a0 ./Core/Src/inicializacion.o
 .debug_macro   0x0001dfc8       0xa5 ./Core/Src/inicializacion.o
 .debug_macro   0x0001e06d      0x16d ./Core/Src/inicializacion.o
 .debug_macro   0x0001e1da      0x287 ./Core/Src/inicializacion.o
 .debug_macro   0x0001e461       0x5f ./Core/Src/inicializacion.o
 .debug_macro   0x0001e4c0      0x236 ./Core/Src/inicializacion.o
 .debug_macro   0x0001e6f6      0xb5b ./Core/Src/inicializacion.o
 .debug_macro   0x0001f251      0x38b ./Core/Src/inicializacion.o
 .debug_macro   0x0001f5dc      0x17d ./Core/Src/inicializacion.o
 .debug_macro   0x0001f759       0xf9 ./Core/Src/inicializacion.o
 .debug_macro   0x0001f852      0x132 ./Core/Src/inicializacion.o
 .debug_macro   0x0001f984      0x29c ./Core/Src/inicializacion.o
 .debug_macro   0x0001fc20       0x2e ./Core/Src/inicializacion.o
 .debug_macro   0x0001fc4e      0x127 ./Core/Src/inicializacion.o
 .debug_macro   0x0001fd75       0xe8 ./Core/Src/inicializacion.o
 .debug_macro   0x0001fe5d       0x89 ./Core/Src/inicializacion.o
 .debug_macro   0x0001fee6      0x8ed ./Core/Src/inicializacion.o
 .debug_macro   0x000207d3       0x53 ./Core/Src/inicializacion.o
 .debug_macro   0x00020826      0x126 ./Core/Src/inicializacion.o
 .debug_macro   0x0002094c       0x64 ./Core/Src/inicializacion.o
 .debug_macro   0x000209b0      0x207 ./Core/Src/interrupts.o
 .debug_macro   0x00020bb7      0x2ae ./Core/Src/led.o
 .debug_macro   0x00020e65       0x61 ./Core/Src/led.o
 .debug_macro   0x00020ec6       0x2a ./Core/Src/led.o
 .debug_macro   0x00020ef0       0x43 ./Core/Src/led.o
 .debug_macro   0x00020f33       0x34 ./Core/Src/led.o
 .debug_macro   0x00020f67       0x16 ./Core/Src/led.o
 .debug_macro   0x00020f7d       0x43 ./Core/Src/led.o
 .debug_macro   0x00020fc0       0x34 ./Core/Src/led.o
 .debug_macro   0x00020ff4       0x10 ./Core/Src/led.o
 .debug_macro   0x00021004       0x58 ./Core/Src/led.o
 .debug_macro   0x0002105c       0x8e ./Core/Src/led.o
 .debug_macro   0x000210ea       0x1c ./Core/Src/led.o
 .debug_macro   0x00021106      0x177 ./Core/Src/led.o
 .debug_macro   0x0002127d      0x369 ./Core/Src/led.o
 .debug_macro   0x000215e6      0x19b ./Core/Src/led.o
 .debug_macro   0x00021781       0x56 ./Core/Src/led.o
 .debug_macro   0x000217d7      0x30e ./Core/Src/led_programs.o
 .debug_macro   0x00021ae5       0x16 ./Core/Src/led_programs.o
 .debug_macro   0x00021afb       0x35 ./Core/Src/led_programs.o
 .debug_macro   0x00021b30       0x16 ./Core/Src/led_programs.o
 .debug_macro   0x00021b46       0x29 ./Core/Src/led_programs.o
 .debug_macro   0x00021b6f       0x16 ./Core/Src/led_programs.o
 .debug_macro   0x00021b85       0x20 ./Core/Src/led_programs.o
 .debug_macro   0x00021ba5      0x229 ./Core/Src/main.o
 .debug_macro   0x00021dce      0x1fb ./Core/Src/stm32f4xx_hal_msp.o
 .debug_macro   0x00021fc9      0x205 ./Core/Src/stm32f4xx_it.o
 .debug_macro   0x000221ce       0xff ./Core/Src/sysmem.o
 .debug_macro   0x000222cd      0x23c ./Core/Src/sysmem.o
 .debug_macro   0x00022509      0x1ec ./Core/Src/system_stm32f4xx.o
 .debug_macro   0x000226f5       0xc3 ./Core/Src/systick.o
 .debug_macro   0x000227b8      0x24c ./Drivers/STM32F4xx_HAL_Driver/Src/stm32f4xx_hal.o
 .debug_macro   0x00022a04      0x1ed ./Drivers/STM32F4xx_HAL_Driver/Src/stm32f4xx_hal_adc.o
 .debug_macro   0x00022bf1      0x1ec ./Drivers/STM32F4xx_HAL_Driver/Src/stm32f4xx_hal_cortex.o
 .debug_macro   0x00022ddd      0x1f2 ./Drivers/STM32F4xx_HAL_Driver/Src/stm32f4xx_hal_gpio.o
 .debug_macro   0x00022fcf      0x1ed ./Drivers/STM32F4xx_HAL_Driver/Src/stm32f4xx_hal_tim.o
 .debug_macro   0x000231bc      0x1ec ./Drivers/STM32F4xx_HAL_Driver/Src/stm32f4xx_hal_tim_ex.o

.debug_line     0x00000000     0xd8e0
 .debug_line    0x00000000      0x9a2 ./Core/Src/inicializacion.o
 .debug_line    0x000009a2      0x726 ./Core/Src/interrupts.o
 .debug_line    0x000010c8      0x9e4 ./Core/Src/led.o
 .debug_line    0x00001aac      0xfd0 ./Core/Src/led_programs.o
 .debug_line    0x00002a7c      0x973 ./Core/Src/main.o
 .debug_line    0x000033ef      0x743 ./Core/Src/stm32f4xx_hal_msp.o
 .debug_line    0x00003b32      0x79d ./Core/Src/stm32f4xx_it.o
 .debug_line    0x000042cf      0x4b8 ./Core/Src/sysmem.o
 .debug_line    0x00004787      0x747 ./Core/Src/system_stm32f4xx.o
 .debug_line    0x00004ece      0x50a ./Core/Src/systick.o
 .debug_line    0x000053d8       0x7a ./Core/Startup/startup_stm32f446retx.o
 .debug_line    0x00005452      0x9b0 ./Drivers/STM32F4xx_HAL_Driver/Src/stm32f4xx_hal.o
 .debug_line    0x00005e02     0x1244 ./Drivers/STM32F4xx_HAL_Driver/Src/stm32f4xx_hal_adc.o
 .debug_line    0x00007046      0xc78 ./Drivers/STM32F4xx_HAL_Driver/Src/stm32f4xx_hal_cortex.o
 .debug_line    0x00007cbe      0xb28 ./Drivers/STM32F4xx_HAL_Driver/Src/stm32f4xx_hal_gpio.o
 .debug_line    0x000087e6     0x3754 ./Drivers/STM32F4xx_HAL_Driver/Src/stm32f4xx_hal_tim.o
 .debug_line    0x0000bf3a     0x19a6 ./Drivers/STM32F4xx_HAL_Driver/Src/stm32f4xx_hal_tim_ex.o

.debug_str      0x00000000    0xdb285
 .debug_str     0x00000000    0xd42f1 ./Core/Src/inicializacion.o
                              0xd461b (size before relaxing)
 .debug_str     0x000d42f1       0x4d ./Core/Src/interrupts.o
                              0xd3ebb (size before relaxing)
 .debug_str     0x000d433e     0x3942 ./Core/Src/led.o
                              0xd774a (size before relaxing)
 .debug_str     0x000d7c80      0x39f ./Core/Src/led_programs.o
                              0xd7a9f (size before relaxing)
 .debug_str     0x000d801f      0xb3b ./Core/Src/main.o
                              0xd51a1 (size before relaxing)
 .debug_str     0x000d8b5a       0xb6 ./Core/Src/stm32f4xx_hal_msp.o
                              0xd46c9 (size before relaxing)
 .debug_str     0x000d8c10       0xf7 ./Core/Src/stm32f4xx_it.o
                              0xd3eb1 (size before relaxing)
 .debug_str     0x000d8d07      0x4dc ./Core/Src/sysmem.o
                               0x60ce (size before relaxing)
 .debug_str     0x000d91e3       0xc5 ./Core/Src/system_stm32f4xx.o
                              0xd3ea0 (size before relaxing)
 .debug_str     0x000d92a8       0x64 ./Core/Src/systick.o
                              0x8afdd (size before relaxing)
 .debug_str     0x000d930c       0x44 ./Core/Startup/startup_stm32f446retx.o
                                 0x81 (size before relaxing)
 .debug_str     0x000d9350      0x598 ./Drivers/STM32F4xx_HAL_Driver/Src/stm32f4xx_hal.o
                              0xd4a65 (size before relaxing)
 .debug_str     0x000d98e8      0x29a ./Drivers/STM32F4xx_HAL_Driver/Src/stm32f4xx_hal_adc.o
                              0xd4468 (size before relaxing)
 .debug_str     0x000d9b82      0x2f7 ./Drivers/STM32F4xx_HAL_Driver/Src/stm32f4xx_hal_cortex.o
                              0xd478a (size before relaxing)
 .debug_str     0x000d9e79      0x124 ./Drivers/STM32F4xx_HAL_Driver/Src/stm32f4xx_hal_gpio.o
                              0xd401b (size before relaxing)
 .debug_str     0x000d9f9d      0xe55 ./Drivers/STM32F4xx_HAL_Driver/Src/stm32f4xx_hal_tim.o
                              0xd5205 (size before relaxing)
 .debug_str     0x000dadf2      0x493 ./Drivers/STM32F4xx_HAL_Driver/Src/stm32f4xx_hal_tim_ex.o
                              0xd4a11 (size before relaxing)

.comment        0x00000000       0x43
 .comment       0x00000000       0x43 ./Core/Src/inicializacion.o
                                 0x44 (size before relaxing)
 .comment       0x00000043       0x44 ./Core/Src/interrupts.o
 .comment       0x00000043       0x44 ./Core/Src/led.o
 .comment       0x00000043       0x44 ./Core/Src/led_programs.o
 .comment       0x00000043       0x44 ./Core/Src/main.o
 .comment       0x00000043       0x44 ./Core/Src/stm32f4xx_hal_msp.o
 .comment       0x00000043       0x44 ./Core/Src/stm32f4xx_it.o
 .comment       0x00000043       0x44 ./Core/Src/sysmem.o
 .comment       0x00000043       0x44 ./Core/Src/system_stm32f4xx.o
 .comment       0x00000043       0x44 ./Core/Src/systick.o
 .comment       0x00000043       0x44 ./Drivers/STM32F4xx_HAL_Driver/Src/stm32f4xx_hal.o
 .comment       0x00000043       0x44 ./Drivers/STM32F4xx_HAL_Driver/Src/stm32f4xx_hal_adc.o
 .comment       0x00000043       0x44 ./Drivers/STM32F4xx_HAL_Driver/Src/stm32f4xx_hal_cortex.o
 .comment       0x00000043       0x44 ./Drivers/STM32F4xx_HAL_Driver/Src/stm32f4xx_hal_gpio.o
 .comment       0x00000043       0x44 ./Drivers/STM32F4xx_HAL_Driver/Src/stm32f4xx_hal_tim.o
 .comment       0x00000043       0x44 ./Drivers/STM32F4xx_HAL_Driver/Src/stm32f4xx_hal_tim_ex.o

.debug_frame    0x00000000     0x34ec
 .debug_frame   0x00000000       0xc8 ./Core/Src/inicializacion.o
 .debug_frame   0x000000c8       0x50 ./Core/Src/interrupts.o
 .debug_frame   0x00000118       0x84 ./Core/Src/led.o
 .debug_frame   0x0000019c      0x158 ./Core/Src/led_programs.o
 .debug_frame   0x000002f4      0x100 ./Core/Src/main.o
 .debug_frame   0x000003f4       0xcc ./Core/Src/stm32f4xx_hal_msp.o
 .debug_frame   0x000004c0      0x120 ./Core/Src/stm32f4xx_it.o
 .debug_frame   0x000005e0       0x34 ./Core/Src/sysmem.o
 .debug_frame   0x00000614       0x58 ./Core/Src/system_stm32f4xx.o
 .debug_frame   0x0000066c       0xc4 ./Core/Src/systick.o
 .debug_frame   0x00000730      0x374 ./Drivers/STM32F4xx_HAL_Driver/Src/stm32f4xx_hal.o
 .debug_frame   0x00000aa4      0x3fc ./Drivers/STM32F4xx_HAL_Driver/Src/stm32f4xx_hal_adc.o
 .debug_frame   0x00000ea0      0x4b8 ./Drivers/STM32F4xx_HAL_Driver/Src/stm32f4xx_hal_cortex.o
 .debug_frame   0x00001358      0x14c ./Drivers/STM32F4xx_HAL_Driver/Src/stm32f4xx_hal_gpio.o
 .debug_frame   0x000014a4     0x11c0 ./Drivers/STM32F4xx_HAL_Driver/Src/stm32f4xx_hal_tim.o
 .debug_frame   0x00002664      0x638 ./Drivers/STM32F4xx_HAL_Driver/Src/stm32f4xx_hal_tim_ex.o
 .debug_frame   0x00002c9c       0x30 /opt/st/stm32cubeide_1.16.1/plugins/com.st.stm32cube.ide.mcu.externaltools.gnu-tools-for-stm32.12.3.rel1.linux64_1.0.200.202406132123/tools/bin/../lib/gcc/arm-none-eabi/12.3.1/../../../../arm-none-eabi/lib/thumb/v7e-m+fp/hard/libc_nano.a(libc_a-malloc.o)
 .debug_frame   0x00002ccc       0x50 /opt/st/stm32cubeide_1.16.1/plugins/com.st.stm32cube.ide.mcu.externaltools.gnu-tools-for-stm32.12.3.rel1.linux64_1.0.200.202406132123/tools/bin/../lib/gcc/arm-none-eabi/12.3.1/../../../../arm-none-eabi/lib/thumb/v7e-m+fp/hard/libc_nano.a(libc_a-mallocr.o)
 .debug_frame   0x00002d1c       0x30 /opt/st/stm32cubeide_1.16.1/plugins/com.st.stm32cube.ide.mcu.externaltools.gnu-tools-for-stm32.12.3.rel1.linux64_1.0.200.202406132123/tools/bin/../lib/gcc/arm-none-eabi/12.3.1/../../../../arm-none-eabi/lib/thumb/v7e-m+fp/hard/libc_nano.a(libc_a-mlock.o)
 .debug_frame   0x00002d4c      0x144 /opt/st/stm32cubeide_1.16.1/plugins/com.st.stm32cube.ide.mcu.externaltools.gnu-tools-for-stm32.12.3.rel1.linux64_1.0.200.202406132123/tools/bin/../lib/gcc/arm-none-eabi/12.3.1/../../../../arm-none-eabi/lib/thumb/v7e-m+fp/hard/libc_nano.a(libc_a-findfp.o)
 .debug_frame   0x00002e90       0x20 /opt/st/stm32cubeide_1.16.1/plugins/com.st.stm32cube.ide.mcu.externaltools.gnu-tools-for-stm32.12.3.rel1.linux64_1.0.200.202406132123/tools/bin/../lib/gcc/arm-none-eabi/12.3.1/../../../../arm-none-eabi/lib/thumb/v7e-m+fp/hard/libc_nano.a(libc_a-memset.o)
 .debug_frame   0x00002eb0       0x38 /opt/st/stm32cubeide_1.16.1/plugins/com.st.stm32cube.ide.mcu.externaltools.gnu-tools-for-stm32.12.3.rel1.linux64_1.0.200.202406132123/tools/bin/../lib/gcc/arm-none-eabi/12.3.1/../../../../arm-none-eabi/lib/thumb/v7e-m+fp/hard/libc_nano.a(libc_a-reent.o)
 .debug_frame   0x00002ee8       0x2c /opt/st/stm32cubeide_1.16.1/plugins/com.st.stm32cube.ide.mcu.externaltools.gnu-tools-for-stm32.12.3.rel1.linux64_1.0.200.202406132123/tools/bin/../lib/gcc/arm-none-eabi/12.3.1/../../../../arm-none-eabi/lib/thumb/v7e-m+fp/hard/libc_nano.a(libc_a-sbrkr.o)
 .debug_frame   0x00002f14       0x20 /opt/st/stm32cubeide_1.16.1/plugins/com.st.stm32cube.ide.mcu.externaltools.gnu-tools-for-stm32.12.3.rel1.linux64_1.0.200.202406132123/tools/bin/../lib/gcc/arm-none-eabi/12.3.1/../../../../arm-none-eabi/lib/thumb/v7e-m+fp/hard/libc_nano.a(libc_a-errno.o)
 .debug_frame   0x00002f34       0x2c /opt/st/stm32cubeide_1.16.1/plugins/com.st.stm32cube.ide.mcu.externaltools.gnu-tools-for-stm32.12.3.rel1.linux64_1.0.200.202406132123/tools/bin/../lib/gcc/arm-none-eabi/12.3.1/../../../../arm-none-eabi/lib/thumb/v7e-m+fp/hard/libc_nano.a(libc_a-init.o)
 .debug_frame   0x00002f60       0xb0 /opt/st/stm32cubeide_1.16.1/plugins/com.st.stm32cube.ide.mcu.externaltools.gnu-tools-for-stm32.12.3.rel1.linux64_1.0.200.202406132123/tools/bin/../lib/gcc/arm-none-eabi/12.3.1/../../../../arm-none-eabi/lib/thumb/v7e-m+fp/hard/libc_nano.a(libc_a-lock.o)
 .debug_frame   0x00003010       0x28 /opt/st/stm32cubeide_1.16.1/plugins/com.st.stm32cube.ide.mcu.externaltools.gnu-tools-for-stm32.12.3.rel1.linux64_1.0.200.202406132123/tools/bin/../lib/gcc/arm-none-eabi/12.3.1/../../../../arm-none-eabi/lib/thumb/v7e-m+fp/hard/libc_nano.a(libc_a-memcpy-stub.o)
 .debug_frame   0x00003038       0x38 /opt/st/stm32cubeide_1.16.1/plugins/com.st.stm32cube.ide.mcu.externaltools.gnu-tools-for-stm32.12.3.rel1.linux64_1.0.200.202406132123/tools/bin/../lib/gcc/arm-none-eabi/12.3.1/../../../../arm-none-eabi/lib/thumb/v7e-m+fp/hard/libc_nano.a(libc_a-freer.o)
 .debug_frame   0x00003070       0x38 /opt/st/stm32cubeide_1.16.1/plugins/com.st.stm32cube.ide.mcu.externaltools.gnu-tools-for-stm32.12.3.rel1.linux64_1.0.200.202406132123/tools/bin/../lib/gcc/arm-none-eabi/12.3.1/../../../../arm-none-eabi/lib/thumb/v7e-m+fp/hard/libm.a(libm_a-wf_sqrt.o)
 .debug_frame   0x000030a8       0x38 /opt/st/stm32cubeide_1.16.1/plugins/com.st.stm32cube.ide.mcu.externaltools.gnu-tools-for-stm32.12.3.rel1.linux64_1.0.200.202406132123/tools/bin/../lib/gcc/arm-none-eabi/12.3.1/../../../../arm-none-eabi/lib/thumb/v7e-m+fp/hard/libm.a(libm_a-sf_cos.o)
 .debug_frame   0x000030e0       0x38 /opt/st/stm32cubeide_1.16.1/plugins/com.st.stm32cube.ide.mcu.externaltools.gnu-tools-for-stm32.12.3.rel1.linux64_1.0.200.202406132123/tools/bin/../lib/gcc/arm-none-eabi/12.3.1/../../../../arm-none-eabi/lib/thumb/v7e-m+fp/hard/libm.a(libm_a-sf_sin.o)
 .debug_frame   0x00003118       0x3c /opt/st/stm32cubeide_1.16.1/plugins/com.st.stm32cube.ide.mcu.externaltools.gnu-tools-for-stm32.12.3.rel1.linux64_1.0.200.202406132123/tools/bin/../lib/gcc/arm-none-eabi/12.3.1/../../../../arm-none-eabi/lib/thumb/v7e-m+fp/hard/libm.a(libm_a-sf_fmax.o)
 .debug_frame   0x00003154       0x3c /opt/st/stm32cubeide_1.16.1/plugins/com.st.stm32cube.ide.mcu.externaltools.gnu-tools-for-stm32.12.3.rel1.linux64_1.0.200.202406132123/tools/bin/../lib/gcc/arm-none-eabi/12.3.1/../../../../arm-none-eabi/lib/thumb/v7e-m+fp/hard/libm.a(libm_a-sf_fmin.o)
 .debug_frame   0x00003190       0x20 /opt/st/stm32cubeide_1.16.1/plugins/com.st.stm32cube.ide.mcu.externaltools.gnu-tools-for-stm32.12.3.rel1.linux64_1.0.200.202406132123/tools/bin/../lib/gcc/arm-none-eabi/12.3.1/../../../../arm-none-eabi/lib/thumb/v7e-m+fp/hard/libm.a(libm_a-sf_fpclassify.o)
 .debug_frame   0x000031b0       0x20 /opt/st/stm32cubeide_1.16.1/plugins/com.st.stm32cube.ide.mcu.externaltools.gnu-tools-for-stm32.12.3.rel1.linux64_1.0.200.202406132123/tools/bin/../lib/gcc/arm-none-eabi/12.3.1/../../../../arm-none-eabi/lib/thumb/v7e-m+fp/hard/libm.a(libm_a-ef_sqrt.o)
 .debug_frame   0x000031d0       0x20 /opt/st/stm32cubeide_1.16.1/plugins/com.st.stm32cube.ide.mcu.externaltools.gnu-tools-for-stm32.12.3.rel1.linux64_1.0.200.202406132123/tools/bin/../lib/gcc/arm-none-eabi/12.3.1/../../../../arm-none-eabi/lib/thumb/v7e-m+fp/hard/libm.a(libm_a-kf_cos.o)
 .debug_frame   0x000031f0       0x20 /opt/st/stm32cubeide_1.16.1/plugins/com.st.stm32cube.ide.mcu.externaltools.gnu-tools-for-stm32.12.3.rel1.linux64_1.0.200.202406132123/tools/bin/../lib/gcc/arm-none-eabi/12.3.1/../../../../arm-none-eabi/lib/thumb/v7e-m+fp/hard/libm.a(libm_a-kf_sin.o)
 .debug_frame   0x00003210       0x38 /opt/st/stm32cubeide_1.16.1/plugins/com.st.stm32cube.ide.mcu.externaltools.gnu-tools-for-stm32.12.3.rel1.linux64_1.0.200.202406132123/tools/bin/../lib/gcc/arm-none-eabi/12.3.1/../../../../arm-none-eabi/lib/thumb/v7e-m+fp/hard/libm.a(libm_a-ef_rem_pio2.o)
 .debug_frame   0x00003248       0x20 /opt/st/stm32cubeide_1.16.1/plugins/com.st.stm32cube.ide.mcu.externaltools.gnu-tools-for-stm32.12.3.rel1.linux64_1.0.200.202406132123/tools/bin/../lib/gcc/arm-none-eabi/12.3.1/../../../../arm-none-eabi/lib/thumb/v7e-m+fp/hard/libm.a(libm_a-sf_fabs.o)
 .debug_frame   0x00003268       0x5c /opt/st/stm32cubeide_1.16.1/plugins/com.st.stm32cube.ide.mcu.externaltools.gnu-tools-for-stm32.12.3.rel1.linux64_1.0.200.202406132123/tools/bin/../lib/gcc/arm-none-eabi/12.3.1/../../../../arm-none-eabi/lib/thumb/v7e-m+fp/hard/libm.a(libm_a-kf_rem_pio2.o)
 .debug_frame   0x000032c4       0x20 /opt/st/stm32cubeide_1.16.1/plugins/com.st.stm32cube.ide.mcu.externaltools.gnu-tools-for-stm32.12.3.rel1.linux64_1.0.200.202406132123/tools/bin/../lib/gcc/arm-none-eabi/12.3.1/../../../../arm-none-eabi/lib/thumb/v7e-m+fp/hard/libm.a(libm_a-sf_scalbn.o)
 .debug_frame   0x000032e4       0x20 /opt/st/stm32cubeide_1.16.1/plugins/com.st.stm32cube.ide.mcu.externaltools.gnu-tools-for-stm32.12.3.rel1.linux64_1.0.200.202406132123/tools/bin/../lib/gcc/arm-none-eabi/12.3.1/../../../../arm-none-eabi/lib/thumb/v7e-m+fp/hard/libm.a(libm_a-sf_floor.o)
 .debug_frame   0x00003304       0x30 /opt/st/stm32cubeide_1.16.1/plugins/com.st.stm32cube.ide.mcu.externaltools.gnu-tools-for-stm32.12.3.rel1.linux64_1.0.200.202406132123/tools/bin/../lib/gcc/arm-none-eabi/12.3.1/thumb/v7e-m+fp/hard/libgcc.a(_arm_muldf3.o)
 .debug_frame   0x00003334       0xac /opt/st/stm32cubeide_1.16.1/plugins/com.st.stm32cube.ide.mcu.externaltools.gnu-tools-for-stm32.12.3.rel1.linux64_1.0.200.202406132123/tools/bin/../lib/gcc/arm-none-eabi/12.3.1/thumb/v7e-m+fp/hard/libgcc.a(_arm_addsubdf3.o)
 .debug_frame   0x000033e0       0xc4 /opt/st/stm32cubeide_1.16.1/plugins/com.st.stm32cube.ide.mcu.externaltools.gnu-tools-for-stm32.12.3.rel1.linux64_1.0.200.202406132123/tools/bin/../lib/gcc/arm-none-eabi/12.3.1/thumb/v7e-m+fp/hard/libgcc.a(_arm_cmpdf2.o)
 .debug_frame   0x000034a4       0x24 /opt/st/stm32cubeide_1.16.1/plugins/com.st.stm32cube.ide.mcu.externaltools.gnu-tools-for-stm32.12.3.rel1.linux64_1.0.200.202406132123/tools/bin/../lib/gcc/arm-none-eabi/12.3.1/thumb/v7e-m+fp/hard/libgcc.a(_arm_fixunsdfsi.o)
 .debug_frame   0x000034c8       0x24 /opt/st/stm32cubeide_1.16.1/plugins/com.st.stm32cube.ide.mcu.externaltools.gnu-tools-for-stm32.12.3.rel1.linux64_1.0.200.202406132123/tools/bin/../lib/gcc/arm-none-eabi/12.3.1/thumb/v7e-m+fp/hard/libgcc.a(_arm_truncdfsf2.o)

.debug_line_str
                0x00000000       0x65
 .debug_line_str
                0x00000000       0x65 ./Core/Startup/startup_stm32f446retx.o
