Archive member included to satisfy reference by file (symbol)

/opt/st/stm32cubeide_1.16.1/plugins/com.st.stm32cube.ide.mcu.externaltools.gnu-tools-for-stm32.12.3.rel1.linux64_1.0.200.202406132123/tools/bin/../lib/gcc/arm-none-eabi/12.3.1/../../../../arm-none-eabi/lib/thumb/v7e-m+fp/hard/libc_nano.a(libc_a-exit.o)
                              /opt/st/stm32cubeide_1.16.1/plugins/com.st.stm32cube.ide.mcu.externaltools.gnu-tools-for-stm32.12.3.rel1.linux64_1.0.200.202406132123/tools/bin/../lib/gcc/arm-none-eabi/12.3.1/../../../../arm-none-eabi/lib/thumb/v7e-m+fp/hard/crt0.o (exit)
/opt/st/stm32cubeide_1.16.1/plugins/com.st.stm32cube.ide.mcu.externaltools.gnu-tools-for-stm32.12.3.rel1.linux64_1.0.200.202406132123/tools/bin/../lib/gcc/arm-none-eabi/12.3.1/../../../../arm-none-eabi/lib/thumb/v7e-m+fp/hard/libc_nano.a(libc_a-malloc.o)
                              ./Core/Src/led_programs.o (malloc)
/opt/st/stm32cubeide_1.16.1/plugins/com.st.stm32cube.ide.mcu.externaltools.gnu-tools-for-stm32.12.3.rel1.linux64_1.0.200.202406132123/tools/bin/../lib/gcc/arm-none-eabi/12.3.1/../../../../arm-none-eabi/lib/thumb/v7e-m+fp/hard/libc_nano.a(libc_a-mallocr.o)
                              /opt/st/stm32cubeide_1.16.1/plugins/com.st.stm32cube.ide.mcu.externaltools.gnu-tools-for-stm32.12.3.rel1.linux64_1.0.200.202406132123/tools/bin/../lib/gcc/arm-none-eabi/12.3.1/../../../../arm-none-eabi/lib/thumb/v7e-m+fp/hard/libc_nano.a(libc_a-malloc.o) (_malloc_r)
/opt/st/stm32cubeide_1.16.1/plugins/com.st.stm32cube.ide.mcu.externaltools.gnu-tools-for-stm32.12.3.rel1.linux64_1.0.200.202406132123/tools/bin/../lib/gcc/arm-none-eabi/12.3.1/../../../../arm-none-eabi/lib/thumb/v7e-m+fp/hard/libc_nano.a(libc_a-mlock.o)
                              /opt/st/stm32cubeide_1.16.1/plugins/com.st.stm32cube.ide.mcu.externaltools.gnu-tools-for-stm32.12.3.rel1.linux64_1.0.200.202406132123/tools/bin/../lib/gcc/arm-none-eabi/12.3.1/../../../../arm-none-eabi/lib/thumb/v7e-m+fp/hard/libc_nano.a(libc_a-mallocr.o) (__malloc_lock)
/opt/st/stm32cubeide_1.16.1/plugins/com.st.stm32cube.ide.mcu.externaltools.gnu-tools-for-stm32.12.3.rel1.linux64_1.0.200.202406132123/tools/bin/../lib/gcc/arm-none-eabi/12.3.1/../../../../arm-none-eabi/lib/thumb/v7e-m+fp/hard/libc_nano.a(libc_a-findfp.o)
                              /opt/st/stm32cubeide_1.16.1/plugins/com.st.stm32cube.ide.mcu.externaltools.gnu-tools-for-stm32.12.3.rel1.linux64_1.0.200.202406132123/tools/bin/../lib/gcc/arm-none-eabi/12.3.1/../../../../arm-none-eabi/lib/thumb/v7e-m+fp/hard/libc_nano.a(libc_a-exit.o) (__stdio_exit_handler)
/opt/st/stm32cubeide_1.16.1/plugins/com.st.stm32cube.ide.mcu.externaltools.gnu-tools-for-stm32.12.3.rel1.linux64_1.0.200.202406132123/tools/bin/../lib/gcc/arm-none-eabi/12.3.1/../../../../arm-none-eabi/lib/thumb/v7e-m+fp/hard/libc_nano.a(libc_a-fwalk.o)
                              /opt/st/stm32cubeide_1.16.1/plugins/com.st.stm32cube.ide.mcu.externaltools.gnu-tools-for-stm32.12.3.rel1.linux64_1.0.200.202406132123/tools/bin/../lib/gcc/arm-none-eabi/12.3.1/../../../../arm-none-eabi/lib/thumb/v7e-m+fp/hard/libc_nano.a(libc_a-findfp.o) (_fwalk_sglue)
/opt/st/stm32cubeide_1.16.1/plugins/com.st.stm32cube.ide.mcu.externaltools.gnu-tools-for-stm32.12.3.rel1.linux64_1.0.200.202406132123/tools/bin/../lib/gcc/arm-none-eabi/12.3.1/../../../../arm-none-eabi/lib/thumb/v7e-m+fp/hard/libc_nano.a(libc_a-stdio.o)
                              /opt/st/stm32cubeide_1.16.1/plugins/com.st.stm32cube.ide.mcu.externaltools.gnu-tools-for-stm32.12.3.rel1.linux64_1.0.200.202406132123/tools/bin/../lib/gcc/arm-none-eabi/12.3.1/../../../../arm-none-eabi/lib/thumb/v7e-m+fp/hard/libc_nano.a(libc_a-findfp.o) (__sread)
/opt/st/stm32cubeide_1.16.1/plugins/com.st.stm32cube.ide.mcu.externaltools.gnu-tools-for-stm32.12.3.rel1.linux64_1.0.200.202406132123/tools/bin/../lib/gcc/arm-none-eabi/12.3.1/../../../../arm-none-eabi/lib/thumb/v7e-m+fp/hard/libc_nano.a(libc_a-memset.o)
                              /opt/st/stm32cubeide_1.16.1/plugins/com.st.stm32cube.ide.mcu.externaltools.gnu-tools-for-stm32.12.3.rel1.linux64_1.0.200.202406132123/tools/bin/../lib/gcc/arm-none-eabi/12.3.1/../../../../arm-none-eabi/lib/thumb/v7e-m+fp/hard/crt0.o (memset)
/opt/st/stm32cubeide_1.16.1/plugins/com.st.stm32cube.ide.mcu.externaltools.gnu-tools-for-stm32.12.3.rel1.linux64_1.0.200.202406132123/tools/bin/../lib/gcc/arm-none-eabi/12.3.1/../../../../arm-none-eabi/lib/thumb/v7e-m+fp/hard/libc_nano.a(libc_a-closer.o)
                              /opt/st/stm32cubeide_1.16.1/plugins/com.st.stm32cube.ide.mcu.externaltools.gnu-tools-for-stm32.12.3.rel1.linux64_1.0.200.202406132123/tools/bin/../lib/gcc/arm-none-eabi/12.3.1/../../../../arm-none-eabi/lib/thumb/v7e-m+fp/hard/libc_nano.a(libc_a-stdio.o) (_close_r)
[...]
Memory Configuration

Name             Origin             Length             Attributes
RAM              0x20000000         0x00020000         xrw
FLASH            0x08000000         0x00080000         xr
*default*        0x00000000         0xffffffff

Linker script and memory map

LOAD /opt/st/stm32cubeide_1.16.1/plugins/com.st.stm32cube.ide.mcu.externaltools.gnu-tools-for-stm32.12.3.rel1.linux64_1.0.200.202406132123/tools/bin/../lib/gcc/arm-none-eabi/12.3.1/thumb/v7e-m+fp/hard/crti.o
LOAD /opt/st/stm32cubeide_1.16.1/plugins/com.st.stm32cube.ide.mcu.externaltools.gnu-tools-for-stm32.12.3.rel1.linux64_1.0.200.202406132123/tools/bin/../lib/gcc/arm-none-eabi/12.3.1/thumb/v7e-m+fp/hard/crtbegin.o
LOAD /opt/st/stm32cubeide_1.16.1/plugins/com.st.stm32cube.ide.mcu.externaltools.gnu-tools-for-stm32.12.3.rel1.linux64_1.0.200.202406132123/tools/bin/../lib/gcc/arm-none-eabi/12.3.1/../../../../arm-none-eabi/lib/thumb/v7e-m+fp/hard/crt0.o
LOAD ./Core/Src/inicializacion.o
LOAD ./Core/Src/interrupts.o
LOAD ./Core/Src/led.o
LOAD ./Core/Src/led_programs.o
LOAD ./Core/Src/main.o
LOAD ./Core/Src/stm32f4xx_hal_msp.o
LOAD ./Core/Src/stm32f4xx_it.o
LOAD ./Core/Src/syscalls.o
LOAD ./Core/Src/sysmem.o
LOAD ./Core/Src/system_stm32f4xx.o
LOAD ./Core/Src/systick.o
LOAD ./Core/Startup/startup_stm32f446retx.o
LOAD ./Drivers/STM32F4xx_HAL_Driver/Src/stm32f4xx_hal.o
LOAD ./Drivers/STM32F4xx_HAL_Driver/Src/stm32f4xx_hal_adc.o
LOAD ./Drivers/STM32F4xx_HAL_Driver/Src/stm32f4xx_hal_adc_ex.o
LOAD ./Drivers/STM32F4xx_HAL_Driver/Src/stm32f4xx_hal_cortex.o
LOAD ./Drivers/STM32F4xx_HAL_Driver/Src/stm32f4xx_hal_dma.o
LOAD ./Drivers/STM32F4xx_HAL_Driver/Src/stm32f4xx_hal_dma_ex.o
LOAD ./Drivers/STM32F4xx_HAL_Driver/Src/stm32f4xx_hal_exti.o
LOAD ./Drivers/STM32F4xx_HAL_Driver/Src/stm32f4xx_hal_flash.o
LOAD ./Drivers/STM32F4xx_HAL_Driver/Src/stm32f4xx_hal_flash_ex.o
LOAD ./Drivers/STM32F4xx_HAL_Driver/Src/stm32f4xx_hal_flash_ramfunc.o
LOAD ./Drivers/STM32F4xx_HAL_Driver/Src/stm32f4xx_hal_gpio.o
LOAD ./Drivers/STM32F4xx_HAL_Driver/Src/stm32f4xx_hal_pwr.o
LOAD ./Drivers/STM32F4xx_HAL_Driver/Src/stm32f4xx_hal_pwr_ex.o
LOAD ./Drivers/STM32F4xx_HAL_Driver/Src/stm32f4xx_hal_rcc.o
LOAD ./Drivers/STM32F4xx_HAL_Driver/Src/stm32f4xx_hal_rcc_ex.o
LOAD ./Drivers/STM32F4xx_HAL_Driver/Src/stm32f4xx_hal_tim.o
LOAD ./Drivers/STM32F4xx_HAL_Driver/Src/stm32f4xx_hal_tim_ex.o
LOAD ./Drivers/STM32F4xx_HAL_Driver/Src/stm32f4xx_ll_adc.o
START GROUP
LOAD /opt/st/stm32cubeide_1.16.1/plugins/com.st.stm32cube.ide.mcu.externaltools.gnu-tools-for-stm32.12.3.rel1.linux64_1.0.200.202406132123/tools/bin/../lib/gcc/arm-none-eabi/12.3.1/../../../../arm-none-eabi/lib/thumb/v7e-m+fp/hard/libc_nano.a
LOAD /opt/st/stm32cubeide_1.16.1/plugins/com.st.stm32cube.ide.mcu.externaltools.gnu-tools-for-stm32.12.3.rel1.linux64_1.0.200.202406132123/tools/bin/../lib/gcc/arm-none-eabi/12.3.1/../../../../arm-none-eabi/lib/thumb/v7e-m+fp/hard/libm.a
END GROUP
START GROUP
LOAD /opt/st/stm32cubeide_1.16.1/plugins/com.st.stm32cube.ide.mcu.externaltools.gnu-tools-for-stm32.12.3.rel1.linux64_1.0.200.202406132123/tools/bin/../lib/gcc/arm-none-eabi/12.3.1/thumb/v7e-m+fp/hard/libgcc.a
LOAD /opt/st/stm32cubeide_1.16.1/plugins/com.st.stm32cube.ide.mcu.externaltools.gnu-tools-for-stm32.12.3.rel1.linux64_1.0.200.202406132123/tools/bin/../lib/gcc/arm-none-eabi/12.3.1/../../../../arm-none-eabi/lib/thumb/v7e-m+fp/hard/libc_nano.a
END GROUP
START GROUP
LOAD /opt/st/stm32cubeide_1.16.1/plugins/com.st.stm32cube.ide.mcu.externaltools.gnu-tools-for-stm32.12.3.rel1.linux64_1.0.200.202406132123/tools/bin/../lib/gcc/arm-none-eabi/12.3.1/thumb/v7e-m+fp/hard/libgcc.a
LOAD /opt/st/stm32cubeide_1.16.1/plugins/com.st.stm32cube.ide.mcu.externaltools.gnu-tools-for-stm32.12.3.rel1.linux64_1.0.200.202406132123/tools/bin/../lib/gcc/arm-none-eabi/12.3.1/../../../../arm-none-eabi/lib/thumb/v7e-m+fp/hard/libc_nano.a
LOAD /opt/st/stm32cubeide_1.16.1/plugins/com.st.stm32cube.ide.mcu.externaltools.gnu-tools-for-stm32.12.3.rel1.linux64_1.0.200.202406132123/tools/bin/../lib/gcc/arm-none-eabi/12.3.1/../../../../arm-none-eabi/lib/thumb/v7e-m+fp/hard/libnosys.a
END GROUP
START GROUP
LOAD /opt/st/stm32cubeide_1.16.1/plugins/com.st.stm32cube.ide.mcu.externaltools.gnu-tools-for-stm32.12.3.rel1.linux64_1.0.200.202406132123/tools/bin/../lib/gcc/arm-none-eabi/12.3.1/thumb/v7e-m+fp/hard/libgcc.a
LOAD /opt/st/stm32cubeide_1.16.1/plugins/com.st.stm32cube.ide.mcu.externaltools.gnu-tools-for-stm32.12.3.rel1.linux64_1.0.200.202406132123/tools/bin/../lib/gcc/arm-none-eabi/12.3.1/../../../../arm-none-eabi/lib/thumb/v7e-m+fp/hard/libc_nano.a
LOAD /opt/st/stm32cubeide_1.16.1/plugins/com.st.stm32cube.ide.mcu.externaltools.gnu-tools-for-stm32.12.3.rel1.linux64_1.0.200.202406132123/tools/bin/../lib/gcc/arm-none-eabi/12.3.1/../../../../arm-none-eabi/lib/thumb/v7e-m+fp/hard/libnosys.a
END GROUP
LOAD /opt/st/stm32cubeide_1.16.1/plugins/com.st.stm32cube.ide.mcu.externaltools.gnu-tools-for-stm32.12.3.rel1.linux64_1.0.200.202406132123/tools/bin/../lib/gcc/arm-none-eabi/12.3.1/thumb/v7e-m+fp/hard/crtend.o
LOAD /opt/st/stm32cubeide_1.16.1/plugins/com.st.stm32cube.ide.mcu.externaltools.gnu-tools-for-stm32.12.3.rel1.linux64_1.0.200.202406132123/tools/bin/../lib/gcc/arm-none-eabi/12.3.1/thumb/v7e-m+fp/hard/crtn.o
                0x20020000                        _estack = (ORIGIN (RAM) + LENGTH (RAM))
                0x00000200                        _Min_Heap_Size = 0x200
                0x00000400                        _Min_Stack_Size = 0x400

.isr_vector     0x08000000      0x1c4
                0x08000000                        . = ALIGN (0x4)
 *(.isr_vector)
 .isr_vector    0x08000000      0x1c4 ./Core/Startup/startup_stm32f446retx.o
                0x08000000                g_pfnVectors
                0x080001c4                        . = ALIGN (0x4)

.text           0x080001c8     0x4bb0
                0x080001c8                        . = ALIGN (0x4)
 *(.text)
 .text          0x080001c8       0x40 /opt/st/stm32cubeide_1.16.1/plugins/com.st.stm32cube.ide.mcu.externaltools.gnu-tools-for-stm32.12.3.rel1.linux64_1.0.200.202406132123/tools/bin/../lib/gcc/arm-none-eabi/12.3.1/thumb/v7e-m+fp/hard/crtbegin.o
 .text          0x08000208      0x254 /opt/st/stm32cubeide_1.16.1/plugins/com.st.stm32cube.ide.mcu.externaltools.gnu-tools-for-stm32.12.3.rel1.linux64_1.0.200.202406132123/tools/bin/../lib/gcc/arm-none-eabi/12.3.1/thumb/v7e-m+fp/hard/libgcc.a(_arm_muldf3.o)
                0x08000208                __aeabi_dmul
                0x08000208                __muldf3
 .text          0x0800045c      0x378 /opt/st/stm32cubeide_1.16.1/plugins/com.st.stm32cube.ide.mcu.externaltools.gnu-tools-for-stm32.12.3.rel1.linux64_1.0.200.202406132123/tools/bin/../lib/gcc/arm-none-eabi/12.3.1/thumb/v7e-m+fp/hard/libgcc.a(_arm_addsubdf3.o)
                0x0800045c                __aeabi_drsub
                0x08000464                __aeabi_dsub
                0x08000464                __subdf3
                0x08000468                __adddf3
                0x08000468                __aeabi_dadd
                0x080006e0                __aeabi_ui2d
                0x080006e0                __floatunsidf
                0x08000700                __floatsidf
                0x08000700                __aeabi_i2d
                0x08000724                __extendsfdf2
                0x08000724                __aeabi_f2d
                0x08000768                __aeabi_ul2d
                0x08000768                __floatundidf
                0x08000778                __floatdidf
                0x08000778                __aeabi_l2d
 .text          0x080007d4      0x110 /opt/st/stm32cubeide_1.16.1/plugins/com.st.stm32cube.ide.mcu.externaltools.gnu-tools-for-stm32.12.3.rel1.linux64_1.0.200.202406132123/tools/bin/../lib/gcc/arm-none-eabi/12.3.1/thumb/v7e-m+fp/hard/libgcc.a(_arm_cmpdf2.o)
                0x080007d4                __gtdf2
                0x080007d4                __gedf2
                0x080007dc                __ltdf2
                0x080007dc                __ledf2
                0x080007e4                __cmpdf2
                0x080007e4                __eqdf2
                0x080007e4                __nedf2
                0x08000860                __aeabi_cdrcmple
                0x08000870                __aeabi_cdcmple
                0x08000870                __aeabi_cdcmpeq
                0x08000880                __aeabi_dcmpeq
                0x08000894                __aeabi_dcmplt
                0x080008a8                __aeabi_dcmple
                0x080008bc                __aeabi_dcmpge
                0x080008d0                __aeabi_dcmpgt
 .text          0x080008e4       0x40 /opt/st/stm32cubeide_1.16.1/plugins/com.st.stm32cube.ide.mcu.externaltools.gnu-tools-for-stm32.12.3.rel1.linux64_1.0.200.202406132123/tools/bin/../lib/gcc/arm-none-eabi/12.3.1/thumb/v7e-m+fp/hard/libgcc.a(_arm_fixunsdfsi.o)
                0x080008e4                __fixunsdfsi
                0x080008e4                __aeabi_d2uiz
 .text          0x08000924       0xa0 /opt/st/stm32cubeide_1.16.1/plugins/com.st.stm32cube.ide.mcu.externaltools.gnu-tools-for-stm32.12.3.rel1.linux64_1.0.200.202406132123/tools/bin/../lib/gcc/arm-none-eabi/12.3.1/thumb/v7e-m+fp/hard/libgcc.a(_arm_truncdfsf2.o)
                0x08000924                __aeabi_d2f
                0x08000924                __truncdfsf2
 *(.text*)
 .text.__NVIC_EnableIRQ
                0x080009c4       0x3c ./Core/Src/inicializacion.o
 .text.initGPIO
                0x08000a00       0xb8 ./Core/Src/inicializacion.o
                0x08000a00                initGPIO
 .text.initDMA  0x08000ab8       0x8c ./Core/Src/inicializacion.o
                0x08000ab8                initDMA
 .text.initClock
                0x08000b44       0xdc ./Core/Src/inicializacion.o
                0x08000b44                initClock
 .text.initTimers
                0x08000c20      0x1bc ./Core/Src/inicializacion.o
                0x08000c20                initTimers
 .text.init     0x08000ddc       0x54 ./Core/Src/inicializacion.o
                0x08000ddc                init
 .text.TIM5_IRQHandler
                0x08000e30       0x9c ./Core/Src/interrupts.o
                0x08000e30                TIM5_IRQHandler
 .text.DMA2_Stream2_IRQHandler
                0x08000ecc       0x38 ./Core/Src/interrupts.o
                0x08000ecc                DMA2_Stream2_IRQHandler
 .text.mapf     0x08000f04       0x66 ./Core/Src/led.o
                0x08000f04                mapf
 .text.bound    0x08000f6a       0x3c ./Core/Src/led.o
                0x08000f6a                bound
 *fill*         0x08000fa6        0x2 
 .text.LED_fillBuffer
                0x08000fa8      0x19c ./Core/Src/led.o
                0x08000fa8                LED_fillBuffer
 *fill*         0x08001144        0x4 
 .text.LED_waveEffect
                0x08001148      0x2bc ./Core/Src/led_programs.o
                0x08001148                LED_waveEffect
 *fill*         0x08001404        0x4 
 .text.LED_plasmaEffect
                0x08001408      0x3f8 ./Core/Src/led_programs.o
                0x08001408                LED_plasmaEffect
 .text.LED_Image
                0x08001800       0x68 ./Core/Src/led_programs.o
                0x08001800                LED_Image
 .text.LED_rectangle
                0x08001868       0xba ./Core/Src/led_programs.o
                0x08001868                LED_rectangle
 *fill*         0x08001922        0x2 
 .text.LED_analog_bar
                0x08001924       0xa4 ./Core/Src/led_programs.o
                0x08001924                LED_analog_bar
 .text.LED_Letter
                0x080019c8      0x116 ./Core/Src/led_programs.o
                0x080019c8                LED_Letter
 .text.LED_Text
                0x08001ade       0xae ./Core/Src/led_programs.o
                0x08001ade                LED_Text
 .text.LED_SliddingText
                0x08001b8c       0xfc ./Core/Src/led_programs.o
                0x08001b8c                LED_SliddingText
 .text.LED_FallingSand
                0x08001c88      0x6f8 ./Core/Src/led_programs.o
                0x08001c88                LED_FallingSand
 .text.LED_ApplyChanges
                0x08002380       0x6c ./Core/Src/led_programs.o
                0x08002380                LED_ApplyChanges
 .text.LED_VideoByFrameChanges
                0x080023ec       0x74 ./Core/Src/led_programs.o
                0x080023ec                LED_VideoByFrameChanges
 .text.main     0x08002460      0x40c ./Core/Src/main.o
                0x08002460                main
 .text.MX_ADC2_Init
                0x0800286c       0xa4 ./Core/Src/main.o
 .text.MX_TIM6_Init
                0x08002910       0x6c ./Core/Src/main.o
 .text.HAL_GPIO_EXTI_Callback
                0x0800297c       0x48 ./Core/Src/main.o
                0x0800297c                HAL_GPIO_EXTI_Callback
 .text.Error_Handler
                0x080029c4        0xc ./Core/Src/main.o
                0x080029c4                Error_Handler
 .text.HAL_ADC_MspInit
                0x080029d0       0x88 ./Core/Src/stm32f4xx_hal_msp.o
                0x080029d0                HAL_ADC_MspInit
 .text.HAL_TIM_Base_MspInit
                0x08002a58       0x44 ./Core/Src/stm32f4xx_hal_msp.o
                0x08002a58                HAL_TIM_Base_MspInit
 .text.NMI_Handler
                0x08002a9c        0x8 ./Core/Src/stm32f4xx_it.o
                0x08002a9c                NMI_Handler
 .text.HardFault_Handler
                0x08002aa4        0x8 ./Core/Src/stm32f4xx_it.o
                0x08002aa4                HardFault_Handler
 .text.MemManage_Handler
                0x08002aac        0x8 ./Core/Src/stm32f4xx_it.o
                0x08002aac                MemManage_Handler
 .text.BusFault_Handler
                0x08002ab4        0x8 ./Core/Src/stm32f4xx_it.o
                0x08002ab4                BusFault_Handler
 .text.UsageFault_Handler
                0x08002abc        0x8 ./Core/Src/stm32f4xx_it.o
                0x08002abc                UsageFault_Handler
 .text.SVC_Handler
                0x08002ac4        0xe ./Core/Src/stm32f4xx_it.o
                0x08002ac4                SVC_Handler
 .text.DebugMon_Handler
                0x08002ad2        0xe ./Core/Src/stm32f4xx_it.o
                0x08002ad2                DebugMon_Handler
 .text.PendSV_Handler
                0x08002ae0        0xe ./Core/Src/stm32f4xx_it.o
                0x08002ae0                PendSV_Handler
 .text.SysTick_Handler
                0x08002aee        0xc ./Core/Src/stm32f4xx_it.o
                0x08002aee                SysTick_Handler
 .text.EXTI15_10_IRQHandler
                0x08002afa       0x10 ./Core/Src/stm32f4xx_it.o
                0x08002afa                EXTI15_10_IRQHandler
 *fill*         0x08002b0a        0x2 
 .text._sbrk    0x08002b0c       0x6c ./Core/Src/sysmem.o
                0x08002b0c                _sbrk
 .text.SystemInit
                0x08002b78       0x24 ./Core/Src/system_stm32f4xx.o
                0x08002b78                SystemInit
 .text.SystemCoreClockUpdate
                0x08002b9c      0x100 ./Core/Src/system_stm32f4xx.o
                0x08002b9c                SystemCoreClockUpdate
 .text.__NVIC_EnableIRQ
                0x08002c9c       0x3c ./Core/Src/systick.o
 .text.__NVIC_SetPriority
                0x08002cd8       0x54 ./Core/Src/systick.o
 .text.SysTick_Config
                0x08002d2c       0x44 ./Core/Src/systick.o
 .text.SysTick_Init
                0x08002d70       0x2c ./Core/Src/systick.o
                0x08002d70                SysTick_Init
 .text.Reset_Handler
                0x08002d9c       0x50 ./Core/Startup/startup_stm32f446retx.o
                0x08002d9c                Reset_Handler
 .text.Default_Handler
                0x08002dec        0x2 ./Core/Startup/startup_stm32f446retx.o
                0x08002dec                RTC_Alarm_IRQHandler
                0x08002dec                EXTI2_IRQHandler
                0x08002dec                TIM8_CC_IRQHandler
                0x08002dec                FMPI2C1_EV_IRQHandler
                0x08002dec                SPI4_IRQHandler
                0x08002dec                TIM1_CC_IRQHandler
                0x08002dec                DMA2_Stream5_IRQHandler
                0x08002dec                DMA1_Stream5_IRQHandler
                0x08002dec                PVD_IRQHandler
                0x08002dec                SDIO_IRQHandler
                0x08002dec                TAMP_STAMP_IRQHandler
                0x08002dec                CAN2_RX1_IRQHandler
                0x08002dec                EXTI3_IRQHandler
                0x08002dec                TIM8_TRG_COM_TIM14_IRQHandler
                0x08002dec                TIM1_UP_TIM10_IRQHandler
                0x08002dec                TIM8_UP_TIM13_IRQHandler
                0x08002dec                I2C3_ER_IRQHandler
                0x08002dec                EXTI0_IRQHandler
                0x08002dec                I2C2_EV_IRQHandler
                0x08002dec                DMA1_Stream2_IRQHandler
                0x08002dec                CAN1_RX0_IRQHandler
                0x08002dec                FPU_IRQHandler
                0x08002dec                OTG_HS_WKUP_IRQHandler
                0x08002dec                CAN2_SCE_IRQHandler
                0x08002dec                SPI1_IRQHandler
                0x08002dec                TIM6_DAC_IRQHandler
                0x08002dec                TIM1_BRK_TIM9_IRQHandler
                0x08002dec                DCMI_IRQHandler
                0x08002dec                CAN2_RX0_IRQHandler
                0x08002dec                DMA2_Stream3_IRQHandler
                0x08002dec                SAI2_IRQHandler
                0x08002dec                USART6_IRQHandler
                0x08002dec                USART3_IRQHandler
                0x08002dec                CAN1_RX1_IRQHandler
                0x08002dec                UART5_IRQHandler
                0x08002dec                DMA2_Stream0_IRQHandler
                0x08002dec                TIM4_IRQHandler
                0x08002dec                QUADSPI_IRQHandler
                0x08002dec                I2C1_EV_IRQHandler
                0x08002dec                DMA1_Stream6_IRQHandler
                0x08002dec                DMA1_Stream1_IRQHandler
                0x08002dec                UART4_IRQHandler
                0x08002dec                TIM3_IRQHandler
                0x08002dec                RCC_IRQHandler
                0x08002dec                TIM8_BRK_TIM12_IRQHandler
                0x08002dec                Default_Handler
                0x08002dec                CEC_IRQHandler
                0x08002dec                ADC_IRQHandler
                0x08002dec                DMA1_Stream7_IRQHandler
                0x08002dec                TIM7_IRQHandler
                0x08002dec                CAN2_TX_IRQHandler
                0x08002dec                DMA2_Stream7_IRQHandler
                0x08002dec                I2C3_EV_IRQHandler
                0x08002dec                EXTI9_5_IRQHandler
                0x08002dec                RTC_WKUP_IRQHandler
                0x08002dec                SPDIF_RX_IRQHandler
                0x08002dec                SPI2_IRQHandler
                0x08002dec                OTG_HS_EP1_IN_IRQHandler
                0x08002dec                DMA1_Stream0_IRQHandler
                0x08002dec                CAN1_TX_IRQHandler
                0x08002dec                FMPI2C1_ER_IRQHandler
                0x08002dec                EXTI4_IRQHandler
                0x08002dec                OTG_HS_EP1_OUT_IRQHandler
                0x08002dec                WWDG_IRQHandler
                0x08002dec                TIM2_IRQHandler
                0x08002dec                OTG_FS_WKUP_IRQHandler
                0x08002dec                TIM1_TRG_COM_TIM11_IRQHandler
                0x08002dec                OTG_HS_IRQHandler
                0x08002dec                EXTI1_IRQHandler
                0x08002dec                USART2_IRQHandler
                0x08002dec                I2C2_ER_IRQHandler
                0x08002dec                DMA2_Stream1_IRQHandler
                0x08002dec                CAN1_SCE_IRQHandler
                0x08002dec                FLASH_IRQHandler
                0x08002dec                DMA2_Stream4_IRQHandler
                0x08002dec                USART1_IRQHandler
                0x08002dec                OTG_FS_IRQHandler
                0x08002dec                SPI3_IRQHandler
                0x08002dec                DMA1_Stream4_IRQHandler
                0x08002dec                I2C1_ER_IRQHandler
                0x08002dec                FMC_IRQHandler
                0x08002dec                DMA2_Stream6_IRQHandler
                0x08002dec                SAI1_IRQHandler
                0x08002dec                DMA1_Stream3_IRQHandler
 *fill*         0x08002dee        0x2 
 .text.HAL_IncTick
                0x08002df0       0x28 ./Drivers/STM32F4xx_HAL_Driver/Src/stm32f4xx_hal.o
                0x08002df0                HAL_IncTick
 .text.HAL_GetTick
                0x08002e18       0x18 ./Drivers/STM32F4xx_HAL_Driver/Src/stm32f4xx_hal.o
                0x08002e18                HAL_GetTick
 .text.HAL_Delay
                0x08002e30       0x48 ./Drivers/STM32F4xx_HAL_Driver/Src/stm32f4xx_hal.o
                0x08002e30                HAL_Delay
 .text.HAL_ADC_Init
                0x08002e78       0x86 ./Drivers/STM32F4xx_HAL_Driver/Src/stm32f4xx_hal_adc.o
                0x08002e78                HAL_ADC_Init
 *fill*         0x08002efe        0x2 
 .text.HAL_ADC_Start
                0x08002f00      0x1a4 ./Drivers/STM32F4xx_HAL_Driver/Src/stm32f4xx_hal_adc.o
                0x08002f00                HAL_ADC_Start
 .text.HAL_ADC_PollForConversion
                0x080030a4      0x116 ./Drivers/STM32F4xx_HAL_Driver/Src/stm32f4xx_hal_adc.o
                0x080030a4                HAL_ADC_PollForConversion
 .text.HAL_ADC_GetValue
                0x080031ba       0x1a ./Drivers/STM32F4xx_HAL_Driver/Src/stm32f4xx_hal_adc.o
                0x080031ba                HAL_ADC_GetValue
 .text.HAL_ADC_ConfigChannel
                0x080031d4      0x264 ./Drivers/STM32F4xx_HAL_Driver/Src/stm32f4xx_hal_adc.o
                0x080031d4                HAL_ADC_ConfigChannel
 .text.ADC_Init
                0x08003438      0x1f8 ./Drivers/STM32F4xx_HAL_Driver/Src/stm32f4xx_hal_adc.o
 .text.__NVIC_GetPriorityGrouping
                0x08003630       0x1c ./Drivers/STM32F4xx_HAL_Driver/Src/stm32f4xx_hal_cortex.o
 .text.__NVIC_EnableIRQ
                0x0800364c       0x3c ./Drivers/STM32F4xx_HAL_Driver/Src/stm32f4xx_hal_cortex.o
 .text.__NVIC_SetPriority
                0x08003688       0x54 ./Drivers/STM32F4xx_HAL_Driver/Src/stm32f4xx_hal_cortex.o
 .text.NVIC_EncodePriority
                0x080036dc       0x66 ./Drivers/STM32F4xx_HAL_Driver/Src/stm32f4xx_hal_cortex.o
 .text.HAL_NVIC_SetPriority
                0x08003742       0x38 ./Drivers/STM32F4xx_HAL_Driver/Src/stm32f4xx_hal_cortex.o
                0x08003742                HAL_NVIC_SetPriority
 .text.HAL_NVIC_EnableIRQ
                0x0800377a       0x1c ./Drivers/STM32F4xx_HAL_Driver/Src/stm32f4xx_hal_cortex.o
                0x0800377a                HAL_NVIC_EnableIRQ
 *fill*         0x08003796        0x2 
 .text.HAL_GPIO_Init
                0x08003798      0x328 ./Drivers/STM32F4xx_HAL_Driver/Src/stm32f4xx_hal_gpio.o
                0x08003798                HAL_GPIO_Init
 .text.HAL_GPIO_EXTI_IRQHandler
                0x08003ac0       0x30 ./Drivers/STM32F4xx_HAL_Driver/Src/stm32f4xx_hal_gpio.o
                0x08003ac0                HAL_GPIO_EXTI_IRQHandler
 .text.HAL_TIM_Base_Init
                0x08003af0       0x9e ./Drivers/STM32F4xx_HAL_Driver/Src/stm32f4xx_hal_tim.o
                0x08003af0                HAL_TIM_Base_Init
 *fill*         0x08003b8e        0x2 
 .text.HAL_TIM_Base_Start_IT
                0x08003b90       0xe0 ./Drivers/STM32F4xx_HAL_Driver/Src/stm32f4xx_hal_tim.o
                0x08003b90                HAL_TIM_Base_Start_IT
 .text.TIM_Base_SetConfig
                0x08003c70      0x158 ./Drivers/STM32F4xx_HAL_Driver/Src/stm32f4xx_hal_tim.o
                0x08003c70                TIM_Base_SetConfig
 .text.HAL_TIMEx_MasterConfigSynchronization
                0x08003dc8       0xf8 ./Drivers/STM32F4xx_HAL_Driver/Src/stm32f4xx_hal_tim_ex.o
                0x08003dc8                HAL_TIMEx_MasterConfigSynchronization
 .text.malloc   0x08003ec0       0x10 /opt/st/stm32cubeide_1.16.1/plugins/com.st.stm32cube.ide.mcu.externaltools.gnu-tools-for-stm32.12.3.rel1.linux64_1.0.200.202406132123/tools/bin/../lib/gcc/arm-none-eabi/12.3.1/../../../../arm-none-eabi/lib/thumb/v7e-m+fp/hard/libc_nano.a(libc_a-malloc.o)
                0x08003ec0                malloc
 .text.free     0x08003ed0       0x10 /opt/st/stm32cubeide_1.16.1/plugins/com.st.stm32cube.ide.mcu.externaltools.gnu-tools-for-stm32.12.3.rel1.linux64_1.0.200.202406132123/tools/bin/../lib/gcc/arm-none-eabi/12.3.1/../../../../arm-none-eabi/lib/thumb/v7e-m+fp/hard/libc_nano.a(libc_a-malloc.o)
                0x08003ed0                free
 .text.sbrk_aligned
                0x08003ee0       0x44 /opt/st/stm32cubeide_1.16.1/plugins/com.st.stm32cube.ide.mcu.externaltools.gnu-tools-for-stm32.12.3.rel1.linux64_1.0.200.202406132123/tools/bin/../lib/gcc/arm-none-eabi/12.3.1/../../../../arm-none-eabi/lib/thumb/v7e-m+fp/hard/libc_nano.a(libc_a-mallocr.o)
 .text._malloc_r
                0x08003f24      0x100 /opt/st/stm32cubeide_1.16.1/plugins/com.st.stm32cube.ide.mcu.externaltools.gnu-tools-for-stm32.12.3.rel1.linux64_1.0.200.202406132123/tools/bin/../lib/gcc/arm-none-eabi/12.3.1/../../../../arm-none-eabi/lib/thumb/v7e-m+fp/hard/libc_nano.a(libc_a-mallocr.o)
                0x08003f24                _malloc_r
 .text.__malloc_lock
                0x08004024        0xc /opt/st/stm32cubeide_1.16.1/plugins/com.st.stm32cube.ide.mcu.externaltools.gnu-tools-for-stm32.12.3.rel1.linux64_1.0.200.202406132123/tools/bin/../lib/gcc/arm-none-eabi/12.3.1/../../../../arm-none-eabi/lib/thumb/v7e-m+fp/hard/libc_nano.a(libc_a-mlock.o)
                0x08004024                __malloc_lock
 .text.__malloc_unlock
                0x08004030        0xc /opt/st/stm32cubeide_1.16.1/plugins/com.st.stm32cube.ide.mcu.externaltools.gnu-tools-for-stm32.12.3.rel1.linux64_1.0.200.202406132123/tools/bin/../lib/gcc/arm-none-eabi/12.3.1/../../../../arm-none-eabi/lib/thumb/v7e-m+fp/hard/libc_nano.a(libc_a-mlock.o)
                0x08004030                __malloc_unlock
 .text.memset   0x0800403c       0x10 /opt/st/stm32cubeide_1.16.1/plugins/com.st.stm32cube.ide.mcu.externaltools.gnu-tools-for-stm32.12.3.rel1.linux64_1.0.200.202406132123/tools/bin/../lib/gcc/arm-none-eabi/12.3.1/../../../../arm-none-eabi/lib/thumb/v7e-m+fp/hard/libc_nano.a(libc_a-memset.o)
                0x0800403c                memset
 .text._sbrk_r  0x0800404c       0x20 /opt/st/stm32cubeide_1.16.1/plugins/com.st.stm32cube.ide.mcu.externaltools.gnu-tools-for-stm32.12.3.rel1.linux64_1.0.200.202406132123/tools/bin/../lib/gcc/arm-none-eabi/12.3.1/../../../../arm-none-eabi/lib/thumb/v7e-m+fp/hard/libc_nano.a(libc_a-sbrkr.o)
                0x0800404c                _sbrk_r
 .text.__errno  0x0800406c        0xc /opt/st/stm32cubeide_1.16.1/plugins/com.st.stm32cube.ide.mcu.externaltools.gnu-tools-for-stm32.12.3.rel1.linux64_1.0.200.202406132123/tools/bin/../lib/gcc/arm-none-eabi/12.3.1/../../../../arm-none-eabi/lib/thumb/v7e-m+fp/hard/libc_nano.a(libc_a-errno.o)
                0x0800406c                __errno
 .text.__libc_init_array
                0x08004078       0x48 /opt/st/stm32cubeide_1.16.1/plugins/com.st.stm32cube.ide.mcu.externaltools.gnu-tools-for-stm32.12.3.rel1.linux64_1.0.200.202406132123/tools/bin/../lib/gcc/arm-none-eabi/12.3.1/../../../../arm-none-eabi/lib/thumb/v7e-m+fp/hard/libc_nano.a(libc_a-init.o)
                0x08004078                __libc_init_array
 .text.__retarget_lock_acquire_recursive
                0x080040c0        0x2 /opt/st/stm32cubeide_1.16.1/plugins/com.st.stm32cube.ide.mcu.externaltools.gnu-tools-for-stm32.12.3.rel1.linux64_1.0.200.202406132123/tools/bin/../lib/gcc/arm-none-eabi/12.3.1/../../../../arm-none-eabi/lib/thumb/v7e-m+fp/hard/libc_nano.a(libc_a-lock.o)
                0x080040c0                __retarget_lock_acquire_recursive
 .text.__retarget_lock_release_recursive
                0x080040c2        0x2 /opt/st/stm32cubeide_1.16.1/plugins/com.st.stm32cube.ide.mcu.externaltools.gnu-tools-for-stm32.12.3.rel1.linux64_1.0.200.202406132123/tools/bin/../lib/gcc/arm-none-eabi/12.3.1/../../../../arm-none-eabi/lib/thumb/v7e-m+fp/hard/libc_nano.a(libc_a-lock.o)
                0x080040c2                __retarget_lock_release_recursive
 .text.memcpy   0x080040c4       0x1c /opt/st/stm32cubeide_1.16.1/plugins/com.st.stm32cube.ide.mcu.externaltools.gnu-tools-for-stm32.12.3.rel1.linux64_1.0.200.202406132123/tools/bin/../lib/gcc/arm-none-eabi/12.3.1/../../../../arm-none-eabi/lib/thumb/v7e-m+fp/hard/libc_nano.a(libc_a-memcpy-stub.o)
                0x080040c4                memcpy
 .text._free_r  0x080040e0       0x94 /opt/st/stm32cubeide_1.16.1/plugins/com.st.stm32cube.ide.mcu.externaltools.gnu-tools-for-stm32.12.3.rel1.linux64_1.0.200.202406132123/tools/bin/../lib/gcc/arm-none-eabi/12.3.1/../../../../arm-none-eabi/lib/thumb/v7e-m+fp/hard/libc_nano.a(libc_a-freer.o)
                0x080040e0                _free_r
 .text.sqrtf    0x08004174       0x3c /opt/st/stm32cubeide_1.16.1/plugins/com.st.stm32cube.ide.mcu.externaltools.gnu-tools-for-stm32.12.3.rel1.linux64_1.0.200.202406132123/tools/bin/../lib/gcc/arm-none-eabi/12.3.1/../../../../arm-none-eabi/lib/thumb/v7e-m+fp/hard/libm.a(libm_a-wf_sqrt.o)
                0x08004174                sqrtf
 .text.cosf     0x080041b0       0x88 /opt/st/stm32cubeide_1.16.1/plugins/com.st.stm32cube.ide.mcu.externaltools.gnu-tools-for-stm32.12.3.rel1.linux64_1.0.200.202406132123/tools/bin/../lib/gcc/arm-none-eabi/12.3.1/../../../../arm-none-eabi/lib/thumb/v7e-m+fp/hard/libm.a(libm_a-sf_cos.o)
                0x080041b0                cosf
 .text.sinf     0x08004238       0x8c /opt/st/stm32cubeide_1.16.1/plugins/com.st.stm32cube.ide.mcu.externaltools.gnu-tools-for-stm32.12.3.rel1.linux64_1.0.200.202406132123/tools/bin/../lib/gcc/arm-none-eabi/12.3.1/../../../../arm-none-eabi/lib/thumb/v7e-m+fp/hard/libm.a(libm_a-sf_sin.o)
                0x08004238                sinf
 .text.fmaxf    0x080042c4       0x3a /opt/st/stm32cubeide_1.16.1/plugins/com.st.stm32cube.ide.mcu.externaltools.gnu-tools-for-stm32.12.3.rel1.linux64_1.0.200.202406132123/tools/bin/../lib/gcc/arm-none-eabi/12.3.1/../../../../arm-none-eabi/lib/thumb/v7e-m+fp/hard/libm.a(libm_a-sf_fmax.o)
                0x080042c4                fmaxf
 .text.fminf    0x080042fe       0x3a /opt/st/stm32cubeide_1.16.1/plugins/com.st.stm32cube.ide.mcu.externaltools.gnu-tools-for-stm32.12.3.rel1.linux64_1.0.200.202406132123/tools/bin/../lib/gcc/arm-none-eabi/12.3.1/../../../../arm-none-eabi/lib/thumb/v7e-m+fp/hard/libm.a(libm_a-sf_fmin.o)
                0x080042fe                fminf
 .text.__fpclassifyf
                0x08004338       0x38 /opt/st/stm32cubeide_1.16.1/plugins/com.st.stm32cube.ide.mcu.externaltools.gnu-tools-for-stm32.12.3.rel1.linux64_1.0.200.202406132123/tools/bin/../lib/gcc/arm-none-eabi/12.3.1/../../../../arm-none-eabi/lib/thumb/v7e-m+fp/hard/libm.a(libm_a-sf_fpclassify.o)
                0x08004338                __fpclassifyf
 .text.__ieee754_sqrtf
                0x08004370        0x6 /opt/st/stm32cubeide_1.16.1/plugins/com.st.stm32cube.ide.mcu.externaltools.gnu-tools-for-stm32.12.3.rel1.linux64_1.0.200.202406132123/tools/bin/../lib/gcc/arm-none-eabi/12.3.1/../../../../arm-none-eabi/lib/thumb/v7e-m+fp/hard/libm.a(libm_a-ef_sqrt.o)
                0x08004370                __ieee754_sqrtf
 *fill*         0x08004376        0x2 
 .text.__kernel_cosf
                0x08004378       0xb0 /opt/st/stm32cubeide_1.16.1/plugins/com.st.stm32cube.ide.mcu.externaltools.gnu-tools-for-stm32.12.3.rel1.linux64_1.0.200.202406132123/tools/bin/../lib/gcc/arm-none-eabi/12.3.1/../../../../arm-none-eabi/lib/thumb/v7e-m+fp/hard/libm.a(libm_a-kf_cos.o)
                0x08004378                __kernel_cosf
 .text.__kernel_sinf
                0x08004428       0x90 /opt/st/stm32cubeide_1.16.1/plugins/com.st.stm32cube.ide.mcu.externaltools.gnu-tools-for-stm32.12.3.rel1.linux64_1.0.200.202406132123/tools/bin/../lib/gcc/arm-none-eabi/12.3.1/../../../../arm-none-eabi/lib/thumb/v7e-m+fp/hard/libm.a(libm_a-kf_sin.o)
                0x08004428                __kernel_sinf
 .text.__ieee754_rem_pio2f
                0x080044b8      0x260 /opt/st/stm32cubeide_1.16.1/plugins/com.st.stm32cube.ide.mcu.externaltools.gnu-tools-for-stm32.12.3.rel1.linux64_1.0.200.202406132123/tools/bin/../lib/gcc/arm-none-eabi/12.3.1/../../../../arm-none-eabi/lib/thumb/v7e-m+fp/hard/libm.a(libm_a-ef_rem_pio2.o)
                0x080044b8                __ieee754_rem_pio2f
 .text.fabsf    0x08004718        0xe /opt/st/stm32cubeide_1.16.1/plugins/com.st.stm32cube.ide.mcu.externaltools.gnu-tools-for-stm32.12.3.rel1.linux64_1.0.200.202406132123/tools/bin/../lib/gcc/arm-none-eabi/12.3.1/../../../../arm-none-eabi/lib/thumb/v7e-m+fp/hard/libm.a(libm_a-sf_fabs.o)
                0x08004718                fabsf
 *fill*         0x08004726        0x2 
 .text.__kernel_rem_pio2f
                0x08004728      0x4e4 /opt/st/stm32cubeide_1.16.1/plugins/com.st.stm32cube.ide.mcu.externaltools.gnu-tools-for-stm32.12.3.rel1.linux64_1.0.200.202406132123/tools/bin/../lib/gcc/arm-none-eabi/12.3.1/../../../../arm-none-eabi/lib/thumb/v7e-m+fp/hard/libm.a(libm_a-kf_rem_pio2.o)
                0x08004728                __kernel_rem_pio2f
 .text.scalbnf  0x08004c0c       0xcc /opt/st/stm32cubeide_1.16.1/plugins/com.st.stm32cube.ide.mcu.externaltools.gnu-tools-for-stm32.12.3.rel1.linux64_1.0.200.202406132123/tools/bin/../lib/gcc/arm-none-eabi/12.3.1/../../../../arm-none-eabi/lib/thumb/v7e-m+fp/hard/libm.a(libm_a-sf_scalbn.o)
                0x08004c0c                scalbnf
 .text.floorf   0x08004cd8       0x88 /opt/st/stm32cubeide_1.16.1/plugins/com.st.stm32cube.ide.mcu.externaltools.gnu-tools-for-stm32.12.3.rel1.linux64_1.0.200.202406132123/tools/bin/../lib/gcc/arm-none-eabi/12.3.1/../../../../arm-none-eabi/lib/thumb/v7e-m+fp/hard/libm.a(libm_a-sf_floor.o)
                0x08004cd8                floorf
 *(.glue_7)
 .glue_7        0x08004d60        0x0 linker stubs
 *(.glue_7t)
 .glue_7t       0x08004d60        0x0 linker stubs
 *(.eh_frame)
 .eh_frame      0x08004d60        0x0 /opt/st/stm32cubeide_1.16.1/plugins/com.st.stm32cube.ide.mcu.externaltools.gnu-tools-for-stm32.12.3.rel1.linux64_1.0.200.202406132123/tools/bin/../lib/gcc/arm-none-eabi/12.3.1/thumb/v7e-m+fp/hard/crtbegin.o
 *(.init)
 .init          0x08004d60        0x4 /opt/st/stm32cubeide_1.16.1/plugins/com.st.stm32cube.ide.mcu.externaltools.gnu-tools-for-stm32.12.3.rel1.linux64_1.0.200.202406132123/tools/bin/../lib/gcc/arm-none-eabi/12.3.1/thumb/v7e-m+fp/hard/crti.o
                0x08004d60                _init
 .init          0x08004d64        0x8 /opt/st/stm32cubeide_1.16.1/plugins/com.st.stm32cube.ide.mcu.externaltools.gnu-tools-for-stm32.12.3.rel1.linux64_1.0.200.202406132123/tools/bin/../lib/gcc/arm-none-eabi/12.3.1/thumb/v7e-m+fp/hard/crtn.o
 *(.fini)
 .fini          0x08004d6c        0x4 /opt/st/stm32cubeide_1.16.1/plugins/com.st.stm32cube.ide.mcu.externaltools.gnu-tools-for-stm32.12.3.rel1.linux64_1.0.200.202406132123/tools/bin/../lib/gcc/arm-none-eabi/12.3.1/thumb/v7e-m+fp/hard/crti.o
                0x08004d6c                _fini
 .fini          0x08004d70        0x8 /opt/st/stm32cubeide_1.16.1/plugins/com.st.stm32cube.ide.mcu.externaltools.gnu-tools-for-stm32.12.3.rel1.linux64_1.0.200.202406132123/tools/bin/../lib/gcc/arm-none-eabi/12.3.1/thumb/v7e-m+fp/hard/crtn.o
                0x08004d78                        . = ALIGN (0x4)
                0x08004d78                        _etext = .

.vfp11_veneer   0x08004d78        0x0
 .vfp11_veneer  0x08004d78        0x0 linker stubs

.v4_bx          0x08004d78        0x0
 .v4_bx         0x08004d78        0x0 linker stubs

.iplt           0x08004d78        0x0
 .iplt          0x08004d78        0x0 /opt/st/stm32cubeide_1.16.1/plugins/com.st.stm32cube.ide.mcu.externaltools.gnu-tools-for-stm32.12.3.rel1.linux64_1.0.200.202406132123/tools/bin/../lib/gcc/arm-none-eabi/12.3.1/thumb/v7e-m+fp/hard/crtbegin.o

.rodata         0x08004d78    0x72f48
                0x08004d78                        . = ALIGN (0x4)
 *(.rodata)
 .rodata        0x08004d78       0x2c ./Core/Src/main.o
 *(.rodata*)
 .rodata.gammaR
                0x08004da4      0x100 ./Core/Src/led.o
                0x08004da4                gammaR
 .rodata.gammaG
                0x08004ea4      0x100 ./Core/Src/led.o
                0x08004ea4                gammaG
 .rodata.gammaB
                0x08004fa4      0x100 ./Core/Src/led.o
                0x08004fa4                gammaB
 .rodata.frame_inicial
                0x080050a4     0x3000 ./Core/Src/main.o
                0x080050a4                frame_inicial
 .rodata.frame_diff_1
                0x080080a4     0x322e ./Core/Src/main.o
                0x080080a4                frame_diff_1
 *fill*         0x0800b2d2        0x2 
 .rodata.frame_diff_2
                0x0800b2d4     0x34ec ./Core/Src/main.o
                0x0800b2d4                frame_diff_2
 .rodata.frame_diff_3
                0x0800e7c0     0x3108 ./Core/Src/main.o
                0x0800e7c0                frame_diff_3
 .rodata.frame_diff_4
                0x080118c8     0x3780 ./Core/Src/main.o
                0x080118c8                frame_diff_4
 .rodata.frame_diff_5
                0x08015048     0x3f8a ./Core/Src/main.o
                0x08015048                frame_diff_5
 *fill*         0x08018fd2        0x2 
 .rodata.frame_diff_6
                0x08018fd4     0x3c42 ./Core/Src/main.o
                0x08018fd4                frame_diff_6
 *fill*         0x0801cc16        0x2 
 .rodata.frame_diff_7
                0x0801cc18     0x3786 ./Core/Src/main.o
                0x0801cc18                frame_diff_7
 *fill*         0x0802039e        0x2 
 .rodata.frame_diff_8
                0x080203a0     0x2b80 ./Core/Src/main.o
                0x080203a0                frame_diff_8
 .rodata.frame_diff_9
                0x08022f20     0x3d14 ./Core/Src/main.o
                0x08022f20                frame_diff_9
 .rodata.frame_diff_10
                0x08026c34     0x527a ./Core/Src/main.o
                0x08026c34                frame_diff_10
 *fill*         0x0802beae        0x2 
 .rodata.frame_diff_11
                0x0802beb0     0x4f02 ./Core/Src/main.o
                0x0802beb0                frame_diff_11
 *fill*         0x08030db2        0x2 
 .rodata.frame_diff_12
                0x08030db4     0x4cc2 ./Core/Src/main.o
                0x08030db4                frame_diff_12
 *fill*         0x08035a76        0x2 
 .rodata.frame_diff_13
                0x08035a78     0x3b6a ./Core/Src/main.o
                0x08035a78                frame_diff_13
 *fill*         0x080395e2        0x2 
 .rodata.frame_diff_14
                0x080395e4     0x3a2c ./Core/Src/main.o
                0x080395e4                frame_diff_14
 .rodata.frame_diff_15
                0x0803d010     0x4e18 ./Core/Src/main.o
                0x0803d010                frame_diff_15
 .rodata.frame_diff_16
                0x08041e28     0x4d58 ./Core/Src/main.o
                0x08041e28                frame_diff_16
 .rodata.frame_diff_17
                0x08046b80     0x375c ./Core/Src/main.o
                0x08046b80                frame_diff_17
 .rodata.frame_diff_18
                0x0804a2dc     0x2fa6 ./Core/Src/main.o
                0x0804a2dc                frame_diff_18
 *fill*         0x0804d282        0x2 
 .rodata.frame_diff_19
                0x0804d284     0x4704 ./Core/Src/main.o
                0x0804d284                frame_diff_19
 .rodata.frame_diff_20
                0x08051988     0x4764 ./Core/Src/main.o
                0x08051988                frame_diff_20
 .rodata.frame_diff_21
                0x080560ec     0x40ec ./Core/Src/main.o
                0x080560ec                frame_diff_21
 .rodata.frame_diff_22
                0x0805a1d8     0x4134 ./Core/Src/main.o
                0x0805a1d8                frame_diff_22
 .rodata.frame_diff_23
                0x0805e30c     0x392a ./Core/Src/main.o
                0x0805e30c                frame_diff_23
 *fill*         0x08061c36        0x2 
 .rodata.frame_diff_24
                0x08061c38     0x384c ./Core/Src/main.o
                0x08061c38                frame_diff_24
 .rodata.frame_diff_25
                0x08065484     0x3720 ./Core/Src/main.o
                0x08065484                frame_diff_25
 .rodata.frame_diff_26
                0x08068ba4     0x4338 ./Core/Src/main.o
                0x08068ba4                frame_diff_26
 .rodata.frame_diff_27
                0x0806cedc     0x491a ./Core/Src/main.o
                0x0806cedc                frame_diff_27
 *fill*         0x080717f6        0x2 
 .rodata.array_diferencias_frames
                0x080717f8       0xd8 ./Core/Src/main.o
                0x080717f8                array_diferencias_frames
 .rodata.video  0x080718d0       0x10 ./Core/Src/main.o
                0x080718d0                video
 .rodata.frame_img2
                0x080718e0     0x3000 ./Core/Src/main.o
                0x080718e0                frame_img2
 .rodata.frame_img1
                0x080748e0     0x3000 ./Core/Src/main.o
                0x080748e0                frame_img1
 .rodata.AHBPrescTable
                0x080778e0       0x10 ./Core/Src/system_stm32f4xx.o
                0x080778e0                AHBPrescTable
 .rodata.npio2_hw
                0x080778f0       0x80 /opt/st/stm32cubeide_1.16.1/plugins/com.st.stm32cube.ide.mcu.externaltools.gnu-tools-for-stm32.12.3.rel1.linux64_1.0.200.202406132123/tools/bin/../lib/gcc/arm-none-eabi/12.3.1/../../../../arm-none-eabi/lib/thumb/v7e-m+fp/hard/libm.a(libm_a-ef_rem_pio2.o)
 .rodata.two_over_pi
                0x08077970      0x318 /opt/st/stm32cubeide_1.16.1/plugins/com.st.stm32cube.ide.mcu.externaltools.gnu-tools-for-stm32.12.3.rel1.linux64_1.0.200.202406132123/tools/bin/../lib/gcc/arm-none-eabi/12.3.1/../../../../arm-none-eabi/lib/thumb/v7e-m+fp/hard/libm.a(libm_a-ef_rem_pio2.o)
 .rodata.PIo2   0x08077c88       0x2c /opt/st/stm32cubeide_1.16.1/plugins/com.st.stm32cube.ide.mcu.externaltools.gnu-tools-for-stm32.12.3.rel1.linux64_1.0.200.202406132123/tools/bin/../lib/gcc/arm-none-eabi/12.3.1/../../../../arm-none-eabi/lib/thumb/v7e-m+fp/hard/libm.a(libm_a-kf_rem_pio2.o)
 .rodata.init_jk
                0x08077cb4        0xc /opt/st/stm32cubeide_1.16.1/plugins/com.st.stm32cube.ide.mcu.externaltools.gnu-tools-for-stm32.12.3.rel1.linux64_1.0.200.202406132123/tools/bin/../lib/gcc/arm-none-eabi/12.3.1/../../../../arm-none-eabi/lib/thumb/v7e-m+fp/hard/libm.a(libm_a-kf_rem_pio2.o)
                0x08077cc0                        . = ALIGN (0x4)

.ARM.extab      0x08077cc0        0x0
                0x08077cc0                        . = ALIGN (0x4)
 *(.ARM.extab* .gnu.linkonce.armextab.*)
                0x08077cc0                        . = ALIGN (0x4)

.ARM            0x08077cc0        0x0
                0x08077cc0                        . = ALIGN (0x4)
                0x08077cc0                        __exidx_start = .
 *(.ARM.exidx*)
                0x08077cc0                        __exidx_end = .
                0x08077cc0                        . = ALIGN (0x4)

.preinit_array  0x08077cc0        0x0
                0x08077cc0                        . = ALIGN (0x4)
                0x08077cc0                        PROVIDE (__preinit_array_start = .)
 *(.preinit_array*)
                0x08077cc0                        PROVIDE (__preinit_array_end = .)
                0x08077cc0                        . = ALIGN (0x4)

.init_array     0x08077cc0        0x4
                0x08077cc0                        . = ALIGN (0x4)
                0x08077cc0                        PROVIDE (__init_array_start = .)
 *(SORT_BY_NAME(.init_array.*))
 *(.init_array*)
 .init_array    0x08077cc0        0x4 /opt/st/stm32cubeide_1.16.1/plugins/com.st.stm32cube.ide.mcu.externaltools.gnu-tools-for-stm32.12.3.rel1.linux64_1.0.200.202406132123/tools/bin/../lib/gcc/arm-none-eabi/12.3.1/thumb/v7e-m+fp/hard/crtbegin.o
                0x08077cc4                        PROVIDE (__init_array_end = .)
                0x08077cc4                        . = ALIGN (0x4)

.fini_array     0x08077cc4        0x4
                0x08077cc4                        . = ALIGN (0x4)
                [!provide]                        PROVIDE (__fini_array_start = .)
 *(SORT_BY_NAME(.fini_array.*))
 *(.fini_array*)
 .fini_array    0x08077cc4        0x4 /opt/st/stm32cubeide_1.16.1/plugins/com.st.stm32cube.ide.mcu.externaltools.gnu-tools-for-stm32.12.3.rel1.linux64_1.0.200.202406132123/tools/bin/../lib/gcc/arm-none-eabi/12.3.1/thumb/v7e-m+fp/hard/crtbegin.o
                [!provide]                        PROVIDE (__fini_array_end = .)
                0x08077cc8                        . = ALIGN (0x4)
                0x08077cc8                        _sidata = LOADADDR (.data)

.rel.dyn        0x08077cc8        0x0
 .rel.iplt      0x08077cc8        0x0 /opt/st/stm32cubeide_1.16.1/plugins/com.st.stm32cube.ide.mcu.externaltools.gnu-tools-for-stm32.12.3.rel1.linux64_1.0.200.202406132123/tools/bin/../lib/gcc/arm-none-eabi/12.3.1/thumb/v7e-m+fp/hard/crtbegin.o

.data           0x20000000      0x480 load address 0x08077cc8
                0x20000000                        . = ALIGN (0x4)
                0x20000000                        _sdata = .
 *(.data)
 *(.data*)
 .data.red      0x20000000        0x3 ./Core/Src/main.o
                0x20000000                red
 *fill*         0x20000003        0x1 
 .data.green    0x20000004        0x3 ./Core/Src/main.o
                0x20000004                green
 *fill*         0x20000007        0x1 
 .data.blue     0x20000008        0x3 ./Core/Src/main.o
                0x20000008                blue
 *fill*         0x2000000b        0x1 
 .data.white    0x2000000c        0x3 ./Core/Src/main.o
                0x2000000c                white
 *fill*         0x2000000f        0x1 
 .data.Letter_A
                0x20000010       0x23 ./Core/Src/main.o
                0x20000010                Letter_A
 *fill*         0x20000033        0x1 
 .data.Letter_B
                0x20000034       0x23 ./Core/Src/main.o
                0x20000034                Letter_B
 *fill*         0x20000057        0x1 
 .data.Letter_C
                0x20000058       0x23 ./Core/Src/main.o
                0x20000058                Letter_C
 *fill*         0x2000007b        0x1 
 .data.Letter_D
                0x2000007c       0x23 ./Core/Src/main.o
                0x2000007c                Letter_D
 *fill*         0x2000009f        0x1 
 .data.Letter_E
                0x200000a0       0x23 ./Core/Src/main.o
                0x200000a0                Letter_E
 *fill*         0x200000c3        0x1 
 .data.Letter_F
                0x200000c4       0x23 ./Core/Src/main.o
                0x200000c4                Letter_F
 *fill*         0x200000e7        0x1 
 .data.Letter_G
                0x200000e8       0x23 ./Core/Src/main.o
                0x200000e8                Letter_G
 *fill*         0x2000010b        0x1 
 .data.Letter_H
                0x2000010c       0x23 ./Core/Src/main.o
                0x2000010c                Letter_H
 *fill*         0x2000012f        0x1 
 .data.Letter_I
                0x20000130       0x23 ./Core/Src/main.o
                0x20000130                Letter_I
 *fill*         0x20000153        0x1 
 .data.Letter_J
                0x20000154       0x23 ./Core/Src/main.o
                0x20000154                Letter_J
 *fill*         0x20000177        0x1 
 .data.Letter_K
                0x20000178       0x23 ./Core/Src/main.o
                0x20000178                Letter_K
 *fill*         0x2000019b        0x1 
 .data.Letter_L
                0x2000019c       0x23 ./Core/Src/main.o
                0x2000019c                Letter_L
 *fill*         0x200001bf        0x1 
 .data.Letter_M
                0x200001c0       0x23 ./Core/Src/main.o
                0x200001c0                Letter_M
 *fill*         0x200001e3        0x1 
 .data.Letter_N
                0x200001e4       0x23 ./Core/Src/main.o
                0x200001e4                Letter_N
 *fill*         0x20000207        0x1 
 .data.Letter_O
                0x20000208       0x23 ./Core/Src/main.o
                0x20000208                Letter_O
 *fill*         0x2000022b        0x1 
 .data.Letter_P
                0x2000022c       0x23 ./Core/Src/main.o
                0x2000022c                Letter_P
 *fill*         0x2000024f        0x1 
 .data.Letter_Q
                0x20000250       0x23 ./Core/Src/main.o
                0x20000250                Letter_Q
 *fill*         0x20000273        0x1 
 .data.Letter_R
                0x20000274       0x23 ./Core/Src/main.o
                0x20000274                Letter_R
 *fill*         0x20000297        0x1 
 .data.Letter_S
                0x20000298       0x23 ./Core/Src/main.o
                0x20000298                Letter_S
 *fill*         0x200002bb        0x1 
 .data.Letter_T
                0x200002bc       0x23 ./Core/Src/main.o
                0x200002bc                Letter_T
 *fill*         0x200002df        0x1 
 .data.Letter_U
                0x200002e0       0x23 ./Core/Src/main.o
                0x200002e0                Letter_U
 *fill*         0x20000303        0x1 
 .data.Letter_V
                0x20000304       0x23 ./Core/Src/main.o
                0x20000304                Letter_V
 *fill*         0x20000327        0x1 
 .data.Letter_W
                0x20000328       0x23 ./Core/Src/main.o
                0x20000328                Letter_W
 *fill*         0x2000034b        0x1 
 .data.Letter_X
                0x2000034c       0x23 ./Core/Src/main.o
                0x2000034c                Letter_X
 *fill*         0x2000036f        0x1 
 .data.Letter_Y
                0x20000370       0x23 ./Core/Src/main.o
                0x20000370                Letter_Y
 *fill*         0x20000393        0x1 
 .data.Letter_Z
                0x20000394       0x23 ./Core/Src/main.o
                0x20000394                Letter_Z
 *fill*         0x200003b7        0x1 
 .data.font     0x200003b8       0x68 ./Core/Src/main.o
                0x200003b8                font
 .data.valor_max_adc
                0x20000420        0x4 ./Core/Src/main.o
                0x20000420                valor_max_adc
 .data.bandera_debugger
                0x20000424        0x1 ./Core/Src/main.o
                0x20000424                bandera_debugger
 .data.programa_actual
                0x20000425        0x1 ./Core/Src/main.o
                0x20000425                programa_actual
 *fill*         0x20000426        0x2 
 .data.SystemCoreClock
                0x20000428        0x4 ./Core/Src/system_stm32f4xx.o
                0x20000428                SystemCoreClock
 .data.uwTickFreq
                0x2000042c        0x1 ./Drivers/STM32F4xx_HAL_Driver/Src/stm32f4xx_hal.o
                0x2000042c                uwTickFreq
 *fill*         0x2000042d        0x3 
 .data._impure_ptr
                0x20000430        0x4 /opt/st/stm32cubeide_1.16.1/plugins/com.st.stm32cube.ide.mcu.externaltools.gnu-tools-for-stm32.12.3.rel1.linux64_1.0.200.202406132123/tools/bin/../lib/gcc/arm-none-eabi/12.3.1/../../../../arm-none-eabi/lib/thumb/v7e-m+fp/hard/libc_nano.a(libc_a-impure.o)
                0x20000430                _impure_ptr
 .data._impure_data
                0x20000434       0x4c /opt/st/stm32cubeide_1.16.1/plugins/com.st.stm32cube.ide.mcu.externaltools.gnu-tools-for-stm32.12.3.rel1.linux64_1.0.200.202406132123/tools/bin/../lib/gcc/arm-none-eabi/12.3.1/../../../../arm-none-eabi/lib/thumb/v7e-m+fp/hard/libc_nano.a(libc_a-impure.o)
                0x20000434                _impure_data
 *(.RamFunc)
 *(.RamFunc*)
                0x20000480                        . = ALIGN (0x4)
                0x20000480                        _edata = .

.igot.plt       0x20000480        0x0 load address 0x08078148
 .igot.plt      0x20000480        0x0 /opt/st/stm32cubeide_1.16.1/plugins/com.st.stm32cube.ide.mcu.externaltools.gnu-tools-for-stm32.12.3.rel1.linux64_1.0.200.202406132123/tools/bin/../lib/gcc/arm-none-eabi/12.3.1/thumb/v7e-m+fp/hard/crtbegin.o
                0x20000480                        . = ALIGN (0x4)

.bss            0x20000480     0xb230 load address 0x08078148
                0x20000480                        _sbss = .
                0x20000480                        __bss_start__ = _sbss
 *(.bss)
 .bss           0x20000480       0x1c /opt/st/stm32cubeide_1.16.1/plugins/com.st.stm32cube.ide.mcu.externaltools.gnu-tools-for-stm32.12.3.rel1.linux64_1.0.200.202406132123/tools/bin/../lib/gcc/arm-none-eabi/12.3.1/thumb/v7e-m+fp/hard/crtbegin.o
 *(.bss*)
 .bss.frame     0x2000049c     0x3000 ./Core/Src/led.o
                0x2000049c                frame
 .bss.buffer1   0x2000349c     0x4000 ./Core/Src/led.o
                0x2000349c                buffer1
 .bss.buffer2   0x2000749c     0x4000 ./Core/Src/led.o
                0x2000749c                buffer2
 .bss.time.4    0x2000b49c        0x4 ./Core/Src/led_programs.o
 .bss.time.3    0x2000b4a0        0x4 ./Core/Src/led_programs.o
 .bss.contador_frames.2
                0x2000b4a4        0x4 ./Core/Src/led_programs.o
 .bss.current_frame.0
                0x2000b4a8        0x4 ./Core/Src/led_programs.o
 .bss.black     0x2000b4ac        0x3 ./Core/Src/main.o
                0x2000b4ac                black
 *fill*         0x2000b4af        0x1 
 .bss.hadc2     0x2000b4b0       0x48 ./Core/Src/main.o
                0x2000b4b0                hadc2
 .bss.htim6     0x2000b4f8       0x48 ./Core/Src/main.o
                0x2000b4f8                htim6
 .bss.valor_min_adc
                0x2000b540        0x4 ./Core/Src/main.o
                0x2000b540                valor_min_adc
 .bss.value_adc
                0x2000b544        0x4 ./Core/Src/main.o
                0x2000b544                value_adc
 .bss.bit       0x2000b548        0x1 ./Core/Src/main.o
                0x2000b548                bit
 .bss.row       0x2000b549        0x1 ./Core/Src/main.o
                0x2000b549                row
 *fill*         0x2000b54a        0x2 
 .bss.frame_count
                0x2000b54c        0x4 ./Core/Src/main.o
                0x2000b54c                frame_count
 .bss.bandera_adc
                0x2000b550        0x1 ./Core/Src/main.o
                0x2000b550                bandera_adc
 .bss.busyFlag  0x2000b551        0x1 ./Core/Src/main.o
                0x2000b551                busyFlag
 *fill*         0x2000b552        0x2 
 .bss.nextBuffer
                0x2000b554        0x4 ./Core/Src/main.o
                0x2000b554                nextBuffer
 .bss.current_buffer
                0x2000b558        0x4 ./Core/Src/main.o
                0x2000b558                current_buffer
 .bss.start_time
                0x2000b55c        0x4 ./Core/Src/main.o
                0x2000b55c                start_time
 .bss.__sbrk_heap_end
                0x2000b560        0x4 ./Core/Src/sysmem.o
 .bss.uwTick    0x2000b564        0x4 ./Drivers/STM32F4xx_HAL_Driver/Src/stm32f4xx_hal.o
                0x2000b564                uwTick
 .bss.__malloc_sbrk_start
                0x2000b568        0x4 /opt/st/stm32cubeide_1.16.1/plugins/com.st.stm32cube.ide.mcu.externaltools.gnu-tools-for-stm32.12.3.rel1.linux64_1.0.200.202406132123/tools/bin/../lib/gcc/arm-none-eabi/12.3.1/../../../../arm-none-eabi/lib/thumb/v7e-m+fp/hard/libc_nano.a(libc_a-mallocr.o)
                0x2000b568                __malloc_sbrk_start
 .bss.__malloc_free_list
                0x2000b56c        0x4 /opt/st/stm32cubeide_1.16.1/plugins/com.st.stm32cube.ide.mcu.externaltools.gnu-tools-for-stm32.12.3.rel1.linux64_1.0.200.202406132123/tools/bin/../lib/gcc/arm-none-eabi/12.3.1/../../../../arm-none-eabi/lib/thumb/v7e-m+fp/hard/libc_nano.a(libc_a-mallocr.o)
                0x2000b56c                __malloc_free_list
 .bss.__sf      0x2000b570      0x138 /opt/st/stm32cubeide_1.16.1/plugins/com.st.stm32cube.ide.mcu.externaltools.gnu-tools-for-stm32.12.3.rel1.linux64_1.0.200.202406132123/tools/bin/../lib/gcc/arm-none-eabi/12.3.1/../../../../arm-none-eabi/lib/thumb/v7e-m+fp/hard/libc_nano.a(libc_a-findfp.o)
                0x2000b570                __sf
 .bss.errno     0x2000b6a8        0x4 /opt/st/stm32cubeide_1.16.1/plugins/com.st.stm32cube.ide.mcu.externaltools.gnu-tools-for-stm32.12.3.rel1.linux64_1.0.200.202406132123/tools/bin/../lib/gcc/arm-none-eabi/12.3.1/../../../../arm-none-eabi/lib/thumb/v7e-m+fp/hard/libc_nano.a(libc_a-reent.o)
                0x2000b6a8                errno
 .bss.__lock___malloc_recursive_mutex
                0x2000b6ac        0x1 /opt/st/stm32cubeide_1.16.1/plugins/com.st.stm32cube.ide.mcu.externaltools.gnu-tools-for-stm32.12.3.rel1.linux64_1.0.200.202406132123/tools/bin/../lib/gcc/arm-none-eabi/12.3.1/../../../../arm-none-eabi/lib/thumb/v7e-m+fp/hard/libc_nano.a(libc_a-lock.o)
                0x2000b6ac                __lock___malloc_recursive_mutex
 *(COMMON)
                0x2000b6b0                        . = ALIGN (0x4)
 *fill*         0x2000b6ad        0x3 
                0x2000b6b0                        _ebss = .
                0x2000b6b0                        __bss_end__ = _ebss

._user_heap_stack
                0x2000b6b0      0x600 load address 0x08078148
                0x2000b6b0                        . = ALIGN (0x8)
                [!provide]                        PROVIDE (end = .)
                0x2000b6b0                        PROVIDE (_end = .)
                0x2000b8b0                        . = (. + _Min_Heap_Size)
 *fill*         0x2000b6b0      0x200 
                0x2000bcb0                        . = (. + _Min_Stack_Size)
 *fill*         0x2000b8b0      0x400 
                0x2000bcb0                        . = ALIGN (0x8)

/DISCARD/
 libc.a(*)
 libm.a(*)
 libgcc.a(*)

.ARM.attributes
                0x00000000       0x30
 *(.ARM.attributes)
 .ARM.attributes
                0x00000000       0x22 /opt/st/stm32cubeide_1.16.1/plugins/com.st.stm32cube.ide.mcu.externaltools.gnu-tools-for-stm32.12.3.rel1.linux64_1.0.200.202406132123/tools/bin/../lib/gcc/arm-none-eabi/12.3.1/thumb/v7e-m+fp/hard/crti.o
 .ARM.attributes
                0x00000022       0x34 /opt/st/stm32cubeide_1.16.1/plugins/com.st.stm32cube.ide.mcu.externaltools.gnu-tools-for-stm32.12.3.rel1.linux64_1.0.200.202406132123/tools/bin/../lib/gcc/arm-none-eabi/12.3.1/thumb/v7e-m+fp/hard/crtbegin.o
 .ARM.attributes
                0x00000056       0x34 ./Core/Src/inicializacion.o
 .ARM.attributes
                0x0000008a       0x34 ./Core/Src/interrupts.o
 .ARM.attributes
                0x000000be       0x34 ./Core/Src/led.o
 .ARM.attributes
                0x000000f2       0x34 ./Core/Src/led_programs.o
 .ARM.attributes
                0x00000126       0x34 ./Core/Src/main.o
 .ARM.attributes
                0x0000015a       0x34 ./Core/Src/stm32f4xx_hal_msp.o
 .ARM.attributes
                0x0000018e       0x34 ./Core/Src/stm32f4xx_it.o
 .ARM.attributes
                0x000001c2       0x34 ./Core/Src/sysmem.o
 .ARM.attributes
                0x000001f6       0x34 ./Core/Src/system_stm32f4xx.o
 .ARM.attributes
                0x0000022a       0x34 ./Core/Src/systick.o
 .ARM.attributes
                0x0000025e       0x21 ./Core/Startup/startup_stm32f446retx.o
 .ARM.attributes
                0x0000027f       0x34 ./Drivers/STM32F4xx_HAL_Driver/Src/stm32f4xx_hal.o
 .ARM.attributes
                0x000002b3       0x34 ./Drivers/STM32F4xx_HAL_Driver/Src/stm32f4xx_hal_adc.o
 .ARM.attributes
                0x000002e7       0x34 ./Drivers/STM32F4xx_HAL_Driver/Src/stm32f4xx_hal_cortex.o
 .ARM.attributes
                0x0000031b       0x34 ./Drivers/STM32F4xx_HAL_Driver/Src/stm32f4xx_hal_gpio.o
 .ARM.attributes
                0x0000034f       0x34 ./Drivers/STM32F4xx_HAL_Driver/Src/stm32f4xx_hal_tim.o
 .ARM.attributes
                0x00000383       0x34 ./Drivers/STM32F4xx_HAL_Driver/Src/stm32f4xx_hal_tim_ex.o
 .ARM.attributes
                0x000003b7       0x34 /opt/st/stm32cubeide_1.16.1/plugins/com.st.stm32cube.ide.mcu.externaltools.gnu-tools-for-stm32.12.3.rel1.linux64_1.0.200.202406132123/tools/bin/../lib/gcc/arm-none-eabi/12.3.1/../../../../arm-none-eabi/lib/thumb/v7e-m+fp/hard/libc_nano.a(libc_a-malloc.o)
 .ARM.attributes
                0x000003eb       0x34 /opt/st/stm32cubeide_1.16.1/plugins/com.st.stm32cube.ide.mcu.externaltools.gnu-tools-for-stm32.12.3.rel1.linux64_1.0.200.202406132123/tools/bin/../lib/gcc/arm-none-eabi/12.3.1/../../../../arm-none-eabi/lib/thumb/v7e-m+fp/hard/libc_nano.a(libc_a-mallocr.o)
 .ARM.attributes
                0x0000041f       0x34 /opt/st/stm32cubeide_1.16.1/plugins/com.st.stm32cube.ide.mcu.externaltools.gnu-tools-for-stm32.12.3.rel1.linux64_1.0.200.202406132123/tools/bin/../lib/gcc/arm-none-eabi/12.3.1/../../../../arm-none-eabi/lib/thumb/v7e-m+fp/hard/libc_nano.a(libc_a-mlock.o)
 .ARM.attributes
                0x00000453       0x34 /opt/st/stm32cubeide_1.16.1/plugins/com.st.stm32cube.ide.mcu.externaltools.gnu-tools-for-stm32.12.3.rel1.linux64_1.0.200.202406132123/tools/bin/../lib/gcc/arm-none-eabi/12.3.1/../../../../arm-none-eabi/lib/thumb/v7e-m+fp/hard/libc_nano.a(libc_a-findfp.o)
 .ARM.attributes
                0x00000487       0x34 /opt/st/stm32cubeide_1.16.1/plugins/com.st.stm32cube.ide.mcu.externaltools.gnu-tools-for-stm32.12.3.rel1.linux64_1.0.200.202406132123/tools/bin/../lib/gcc/arm-none-eabi/12.3.1/../../../../arm-none-eabi/lib/thumb/v7e-m+fp/hard/libc_nano.a(libc_a-memset.o)
 .ARM.attributes
                0x000004bb       0x34 /opt/st/stm32cubeide_1.16.1/plugins/com.st.stm32cube.ide.mcu.externaltools.gnu-tools-for-stm32.12.3.rel1.linux64_1.0.200.202406132123/tools/bin/../lib/gcc/arm-none-eabi/12.3.1/../../../../arm-none-eabi/lib/thumb/v7e-m+fp/hard/libc_nano.a(libc_a-reent.o)
 .ARM.attributes
                0x000004ef       0x34 /opt/st/stm32cubeide_1.16.1/plugins/com.st.stm32cube.ide.mcu.externaltools.gnu-tools-for-stm32.12.3.rel1.linux64_1.0.200.202406132123/tools/bin/../lib/gcc/arm-none-eabi/12.3.1/../../../../arm-none-eabi/lib/thumb/v7e-m+fp/hard/libc_nano.a(libc_a-impure.o)
 .ARM.attributes
                0x00000523       0x34 /opt/st/stm32cubeide_1.16.1/plugins/com.st.stm32cube.ide.mcu.externaltools.gnu-tools-for-stm32.12.3.rel1.linux64_1.0.200.202406132123/tools/bin/../lib/gcc/arm-none-eabi/12.3.1/../../../../arm-none-eabi/lib/thumb/v7e-m+fp/hard/libc_nano.a(libc_a-sbrkr.o)
 .ARM.attributes
                0x00000557       0x34 /opt/st/stm32cubeide_1.16.1/plugins/com.st.stm32cube.ide.mcu.externaltools.gnu-tools-for-stm32.12.3.rel1.linux64_1.0.200.202406132123/tools/bin/../lib/gcc/arm-none-eabi/12.3.1/../../../../arm-none-eabi/lib/thumb/v7e-m+fp/hard/libc_nano.a(libc_a-errno.o)
 .ARM.attributes
                0x0000058b       0x34 /opt/st/stm32cubeide_1.16.1/plugins/com.st.stm32cube.ide.mcu.externaltools.gnu-tools-for-stm32.12.3.rel1.linux64_1.0.200.202406132123/tools/bin/../lib/gcc/arm-none-eabi/12.3.1/../../../../arm-none-eabi/lib/thumb/v7e-m+fp/hard/libc_nano.a(libc_a-init.o)
 .ARM.attributes
                0x000005bf       0x34 /opt/st/stm32cubeide_1.16.1/plugins/com.st.stm32cube.ide.mcu.externaltools.gnu-tools-for-stm32.12.3.rel1.linux64_1.0.200.202406132123/tools/bin/../lib/gcc/arm-none-eabi/12.3.1/../../../../arm-none-eabi/lib/thumb/v7e-m+fp/hard/libc_nano.a(libc_a-lock.o)
 .ARM.attributes
                0x000005f3       0x34 /opt/st/stm32cubeide_1.16.1/plugins/com.st.stm32cube.ide.mcu.externaltools.gnu-tools-for-stm32.12.3.rel1.linux64_1.0.200.202406132123/tools/bin/../lib/gcc/arm-none-eabi/12.3.1/../../../../arm-none-eabi/lib/thumb/v7e-m+fp/hard/libc_nano.a(libc_a-memcpy-stub.o)
 .ARM.attributes
                0x00000627       0x34 /opt/st/stm32cubeide_1.16.1/plugins/com.st.stm32cube.ide.mcu.externaltools.gnu-tools-for-stm32.12.3.rel1.linux64_1.0.200.202406132123/tools/bin/../lib/gcc/arm-none-eabi/12.3.1/../../../../arm-none-eabi/lib/thumb/v7e-m+fp/hard/libc_nano.a(libc_a-freer.o)
 .ARM.attributes
                0x0000065b       0x34 /opt/st/stm32cubeide_1.16.1/plugins/com.st.stm32cube.ide.mcu.externaltools.gnu-tools-for-stm32.12.3.rel1.linux64_1.0.200.202406132123/tools/bin/../lib/gcc/arm-none-eabi/12.3.1/../../../../arm-none-eabi/lib/thumb/v7e-m+fp/hard/libm.a(libm_a-wf_sqrt.o)
 .ARM.attributes
                0x0000068f       0x34 /opt/st/stm32cubeide_1.16.1/plugins/com.st.stm32cube.ide.mcu.externaltools.gnu-tools-for-stm32.12.3.rel1.linux64_1.0.200.202406132123/tools/bin/../lib/gcc/arm-none-eabi/12.3.1/../../../../arm-none-eabi/lib/thumb/v7e-m+fp/hard/libm.a(libm_a-sf_cos.o)
 .ARM.attributes
                0x000006c3       0x34 /opt/st/stm32cubeide_1.16.1/plugins/com.st.stm32cube.ide.mcu.externaltools.gnu-tools-for-stm32.12.3.rel1.linux64_1.0.200.202406132123/tools/bin/../lib/gcc/arm-none-eabi/12.3.1/../../../../arm-none-eabi/lib/thumb/v7e-m+fp/hard/libm.a(libm_a-sf_sin.o)
 .ARM.attributes
                0x000006f7       0x34 /opt/st/stm32cubeide_1.16.1/plugins/com.st.stm32cube.ide.mcu.externaltools.gnu-tools-for-stm32.12.3.rel1.linux64_1.0.200.202406132123/tools/bin/../lib/gcc/arm-none-eabi/12.3.1/../../../../arm-none-eabi/lib/thumb/v7e-m+fp/hard/libm.a(libm_a-sf_fmax.o)
 .ARM.attributes
                0x0000072b       0x34 /opt/st/stm32cubeide_1.16.1/plugins/com.st.stm32cube.ide.mcu.externaltools.gnu-tools-for-stm32.12.3.rel1.linux64_1.0.200.202406132123/tools/bin/../lib/gcc/arm-none-eabi/12.3.1/../../../../arm-none-eabi/lib/thumb/v7e-m+fp/hard/libm.a(libm_a-sf_fmin.o)
 .ARM.attributes
                0x0000075f       0x34 /opt/st/stm32cubeide_1.16.1/plugins/com.st.stm32cube.ide.mcu.externaltools.gnu-tools-for-stm32.12.3.rel1.linux64_1.0.200.202406132123/tools/bin/../lib/gcc/arm-none-eabi/12.3.1/../../../../arm-none-eabi/lib/thumb/v7e-m+fp/hard/libm.a(libm_a-sf_fpclassify.o)
 .ARM.attributes
                0x00000793       0x34 /opt/st/stm32cubeide_1.16.1/plugins/com.st.stm32cube.ide.mcu.externaltools.gnu-tools-for-stm32.12.3.rel1.linux64_1.0.200.202406132123/tools/bin/../lib/gcc/arm-none-eabi/12.3.1/../../../../arm-none-eabi/lib/thumb/v7e-m+fp/hard/libm.a(libm_a-ef_sqrt.o)
 .ARM.attributes
                0x000007c7       0x34 /opt/st/stm32cubeide_1.16.1/plugins/com.st.stm32cube.ide.mcu.externaltools.gnu-tools-for-stm32.12.3.rel1.linux64_1.0.200.202406132123/tools/bin/../lib/gcc/arm-none-eabi/12.3.1/../../../../arm-none-eabi/lib/thumb/v7e-m+fp/hard/libm.a(libm_a-kf_cos.o)
 .ARM.attributes
                0x000007fb       0x34 /opt/st/stm32cubeide_1.16.1/plugins/com.st.stm32cube.ide.mcu.externaltools.gnu-tools-for-stm32.12.3.rel1.linux64_1.0.200.202406132123/tools/bin/../lib/gcc/arm-none-eabi/12.3.1/../../../../arm-none-eabi/lib/thumb/v7e-m+fp/hard/libm.a(libm_a-kf_sin.o)
 .ARM.attributes
                0x0000082f       0x34 /opt/st/stm32cubeide_1.16.1/plugins/com.st.stm32cube.ide.mcu.externaltools.gnu-tools-for-stm32.12.3.rel1.linux64_1.0.200.202406132123/tools/bin/../lib/gcc/arm-none-eabi/12.3.1/../../../../arm-none-eabi/lib/thumb/v7e-m+fp/hard/libm.a(libm_a-ef_rem_pio2.o)
 .ARM.attributes
                0x00000863       0x34 /opt/st/stm32cubeide_1.16.1/plugins/com.st.stm32cube.ide.mcu.externaltools.gnu-tools-for-stm32.12.3.rel1.linux64_1.0.200.202406132123/tools/bin/../lib/gcc/arm-none-eabi/12.3.1/../../../../arm-none-eabi/lib/thumb/v7e-m+fp/hard/libm.a(libm_a-sf_fabs.o)
 .ARM.attributes
                0x00000897       0x34 /opt/st/stm32cubeide_1.16.1/plugins/com.st.stm32cube.ide.mcu.externaltools.gnu-tools-for-stm32.12.3.rel1.linux64_1.0.200.202406132123/tools/bin/../lib/gcc/arm-none-eabi/12.3.1/../../../../arm-none-eabi/lib/thumb/v7e-m+fp/hard/libm.a(libm_a-kf_rem_pio2.o)
 .ARM.attributes
                0x000008cb       0x34 /opt/st/stm32cubeide_1.16.1/plugins/com.st.stm32cube.ide.mcu.externaltools.gnu-tools-for-stm32.12.3.rel1.linux64_1.0.200.202406132123/tools/bin/../lib/gcc/arm-none-eabi/12.3.1/../../../../arm-none-eabi/lib/thumb/v7e-m+fp/hard/libm.a(libm_a-sf_scalbn.o)
 .ARM.attributes
                0x000008ff       0x34 /opt/st/stm32cubeide_1.16.1/plugins/com.st.stm32cube.ide.mcu.externaltools.gnu-tools-for-stm32.12.3.rel1.linux64_1.0.200.202406132123/tools/bin/../lib/gcc/arm-none-eabi/12.3.1/../../../../arm-none-eabi/lib/thumb/v7e-m+fp/hard/libm.a(libm_a-sf_floor.o)
 .ARM.attributes
                0x00000933       0x22 /opt/st/stm32cubeide_1.16.1/plugins/com.st.stm32cube.ide.mcu.externaltools.gnu-tools-for-stm32.12.3.rel1.linux64_1.0.200.202406132123/tools/bin/../lib/gcc/arm-none-eabi/12.3.1/thumb/v7e-m+fp/hard/libgcc.a(_arm_muldf3.o)
 .ARM.attributes
                0x00000955       0x22 /opt/st/stm32cubeide_1.16.1/plugins/com.st.stm32cube.ide.mcu.externaltools.gnu-tools-for-stm32.12.3.rel1.linux64_1.0.200.202406132123/tools/bin/../lib/gcc/arm-none-eabi/12.3.1/thumb/v7e-m+fp/hard/libgcc.a(_arm_addsubdf3.o)
 .ARM.attributes
                0x00000977       0x22 /opt/st/stm32cubeide_1.16.1/plugins/com.st.stm32cube.ide.mcu.externaltools.gnu-tools-for-stm32.12.3.rel1.linux64_1.0.200.202406132123/tools/bin/../lib/gcc/arm-none-eabi/12.3.1/thumb/v7e-m+fp/hard/libgcc.a(_arm_cmpdf2.o)
 .ARM.attributes
                0x00000999       0x22 /opt/st/stm32cubeide_1.16.1/plugins/com.st.stm32cube.ide.mcu.externaltools.gnu-tools-for-stm32.12.3.rel1.linux64_1.0.200.202406132123/tools/bin/../lib/gcc/arm-none-eabi/12.3.1/thumb/v7e-m+fp/hard/libgcc.a(_arm_fixunsdfsi.o)
 .ARM.attributes
                0x000009bb       0x22 /opt/st/stm32cubeide_1.16.1/plugins/com.st.stm32cube.ide.mcu.externaltools.gnu-tools-for-stm32.12.3.rel1.linux64_1.0.200.202406132123/tools/bin/../lib/gcc/arm-none-eabi/12.3.1/thumb/v7e-m+fp/hard/libgcc.a(_arm_truncdfsf2.o)
 .ARM.attributes
                0x000009dd       0x22 /opt/st/stm32cubeide_1.16.1/plugins/com.st.stm32cube.ide.mcu.externaltools.gnu-tools-for-stm32.12.3.rel1.linux64_1.0.200.202406132123/tools/bin/../lib/gcc/arm-none-eabi/12.3.1/thumb/v7e-m+fp/hard/crtn.o
OUTPUT(Leds_Final.elf elf32-littlearm)
LOAD linker stubs
LOAD /opt/st/stm32cubeide_1.16.1/plugins/com.st.stm32cube.ide.mcu.externaltools.gnu-tools-for-stm32.12.3.rel1.linux64_1.0.200.202406132123/tools/bin/../lib/gcc/arm-none-eabi/12.3.1/../../../../arm-none-eabi/lib/thumb/v7e-m+fp/hard/libc.a
LOAD /opt/st/stm32cubeide_1.16.1/plugins/com.st.stm32cube.ide.mcu.externaltools.gnu-tools-for-stm32.12.3.rel1.linux64_1.0.200.202406132123/tools/bin/../lib/gcc/arm-none-eabi/12.3.1/../../../../arm-none-eabi/lib/thumb/v7e-m+fp/hard/libm.a
LOAD /opt/st/stm32cubeide_1.16.1/plugins/com.st.stm32cube.ide.mcu.externaltools.gnu-tools-for-stm32.12.3.rel1.linux64_1.0.200.202406132123/tools/bin/../lib/gcc/arm-none-eabi/12.3.1/thumb/v7e-m+fp/hard/libgcc.a

.debug_info     0x00000000     0xc09e
 .debug_info    0x00000000      0xa74 ./Core/Src/inicializacion.o
 .debug_info    0x00000a74      0x2e3 ./Core/Src/interrupts.o
 .debug_info    0x00000d57      0x35e ./Core/Src/led.o
 .debug_info    0x000010b5      0xbb3 ./Core/Src/led_programs.o
 .debug_info    0x00001c68     0x1ea5 ./Core/Src/main.o
 .debug_info    0x00003b0d      0xd00 ./Core/Src/stm32f4xx_hal_msp.o
 .debug_info    0x0000480d      0x14a ./Core/Src/stm32f4xx_it.o
 .debug_info    0x00004957      0x168 ./Core/Src/sysmem.o
 .debug_info    0x00004abf      0x54a ./Core/Src/system_stm32f4xx.o
 .debug_info    0x00005009      0x6ff ./Core/Src/systick.o
 .debug_info    0x00005708       0x30 ./Core/Startup/startup_stm32f446retx.o
 .debug_info    0x00005738      0x99a ./Drivers/STM32F4xx_HAL_Driver/Src/stm32f4xx_hal.o
 .debug_info    0x000060d2      0xcd4 ./Drivers/STM32F4xx_HAL_Driver/Src/stm32f4xx_hal_adc.o
 .debug_info    0x00006da6      0xd75 ./Drivers/STM32F4xx_HAL_Driver/Src/stm32f4xx_hal_cortex.o
 .debug_info    0x00007b1b      0x70b ./Drivers/STM32F4xx_HAL_Driver/Src/stm32f4xx_hal_gpio.o
 .debug_info    0x00008226     0x299d ./Drivers/STM32F4xx_HAL_Driver/Src/stm32f4xx_hal_tim.o
 .debug_info    0x0000abc3     0x14db ./Drivers/STM32F4xx_HAL_Driver/Src/stm32f4xx_hal_tim_ex.o

.debug_abbrev   0x00000000     0x1e70
 .debug_abbrev  0x00000000      0x1c8 ./Core/Src/inicializacion.o
 .debug_abbrev  0x000001c8       0xe0 ./Core/Src/interrupts.o
 .debug_abbrev  0x000002a8      0x1a2 ./Core/Src/led.o
 .debug_abbrev  0x0000044a      0x224 ./Core/Src/led_programs.o
 .debug_abbrev  0x0000066e      0x34a ./Core/Src/main.o
 .debug_abbrev  0x000009b8      0x1e9 ./Core/Src/stm32f4xx_hal_msp.o
 .debug_abbrev  0x00000ba1       0xa0 ./Core/Src/stm32f4xx_it.o
 .debug_abbrev  0x00000c41       0xbc ./Core/Src/sysmem.o
 .debug_abbrev  0x00000cfd      0x11a ./Core/Src/system_stm32f4xx.o
 .debug_abbrev  0x00000e17      0x1d8 ./Core/Src/systick.o
 .debug_abbrev  0x00000fef       0x24 ./Core/Startup/startup_stm32f446retx.o
 .debug_abbrev  0x00001013      0x214 ./Drivers/STM32F4xx_HAL_Driver/Src/stm32f4xx_hal.o
 .debug_abbrev  0x00001227      0x252 ./Drivers/STM32F4xx_HAL_Driver/Src/stm32f4xx_hal_adc.o
 .debug_abbrev  0x00001479      0x328 ./Drivers/STM32F4xx_HAL_Driver/Src/stm32f4xx_hal_cortex.o
 .debug_abbrev  0x000017a1      0x1d4 ./Drivers/STM32F4xx_HAL_Driver/Src/stm32f4xx_hal_gpio.o
 .debug_abbrev  0x00001975      0x278 ./Drivers/STM32F4xx_HAL_Driver/Src/stm32f4xx_hal_tim.o
 .debug_abbrev  0x00001bed      0x283 ./Drivers/STM32F4xx_HAL_Driver/Src/stm32f4xx_hal_tim_ex.o

.debug_aranges  0x00000000      0xb48
 .debug_aranges
                0x00000000       0x48 ./Core/Src/inicializacion.o
 .debug_aranges
                0x00000048       0x28 ./Core/Src/interrupts.o
 .debug_aranges
                0x00000070       0x30 ./Core/Src/led.o
 .debug_aranges
                0x000000a0       0x78 ./Core/Src/led_programs.o
 .debug_aranges
                0x00000118       0x50 ./Core/Src/main.o
 .debug_aranges
                0x00000168       0x40 ./Core/Src/stm32f4xx_hal_msp.o
 .debug_aranges
                0x000001a8       0x68 ./Core/Src/stm32f4xx_it.o
 .debug_aranges
                0x00000210       0x20 ./Core/Src/sysmem.o
 .debug_aranges
                0x00000230       0x28 ./Core/Src/system_stm32f4xx.o
 .debug_aranges
                0x00000258       0x40 ./Core/Src/systick.o
 .debug_aranges
                0x00000298       0x28 ./Core/Startup/startup_stm32f446retx.o
 .debug_aranges
                0x000002c0       0xf0 ./Drivers/STM32F4xx_HAL_Driver/Src/stm32f4xx_hal.o
 .debug_aranges
                0x000003b0       0xe8 ./Drivers/STM32F4xx_HAL_Driver/Src/stm32f4xx_hal_adc.o
 .debug_aranges
                0x00000498      0x120 ./Drivers/STM32F4xx_HAL_Driver/Src/stm32f4xx_hal_cortex.o
 .debug_aranges
                0x000005b8       0x58 ./Drivers/STM32F4xx_HAL_Driver/Src/stm32f4xx_hal_gpio.o
 .debug_aranges
                0x00000610      0x3d0 ./Drivers/STM32F4xx_HAL_Driver/Src/stm32f4xx_hal_tim.o
 .debug_aranges
                0x000009e0      0x168 ./Drivers/STM32F4xx_HAL_Driver/Src/stm32f4xx_hal_tim_ex.o

.debug_rnglists
                0x00000000      0x8cf
 .debug_rnglists
                0x00000000       0x35 ./Core/Src/inicializacion.o
 .debug_rnglists
                0x00000035       0x1a ./Core/Src/interrupts.o
 .debug_rnglists
                0x0000004f       0x20 ./Core/Src/led.o
 .debug_rnglists
                0x0000006f       0x89 ./Core/Src/led_programs.o
 .debug_rnglists
                0x000000f8       0x3b ./Core/Src/main.o
 .debug_rnglists
                0x00000133       0x2c ./Core/Src/stm32f4xx_hal_msp.o
 .debug_rnglists
                0x0000015f       0x49 ./Core/Src/stm32f4xx_it.o
 .debug_rnglists
                0x000001a8       0x13 ./Core/Src/sysmem.o
 .debug_rnglists
                0x000001bb       0x1a ./Core/Src/system_stm32f4xx.o
 .debug_rnglists
                0x000001d5       0x2b ./Core/Src/systick.o
 .debug_rnglists
                0x00000200       0x19 ./Core/Startup/startup_stm32f446retx.o
 .debug_rnglists
                0x00000219       0xaf ./Drivers/STM32F4xx_HAL_Driver/Src/stm32f4xx_hal.o
 .debug_rnglists
                0x000002c8       0xb5 ./Drivers/STM32F4xx_HAL_Driver/Src/stm32f4xx_hal_adc.o
 .debug_rnglists
                0x0000037d       0xd4 ./Drivers/STM32F4xx_HAL_Driver/Src/stm32f4xx_hal_cortex.o
 .debug_rnglists
                0x00000451       0x3f ./Drivers/STM32F4xx_HAL_Driver/Src/stm32f4xx_hal_gpio.o
 .debug_rnglists
                0x00000490      0x31a ./Drivers/STM32F4xx_HAL_Driver/Src/stm32f4xx_hal_tim.o
 .debug_rnglists
                0x000007aa      0x125 ./Drivers/STM32F4xx_HAL_Driver/Src/stm32f4xx_hal_tim_ex.o

.debug_macro    0x00000000    0x2348e
 .debug_macro   0x00000000      0x203 ./Core/Src/inicializacion.o
 .debug_macro   0x00000203      0xab4 ./Core/Src/inicializacion.o
 .debug_macro   0x00000cb7       0x28 ./Core/Src/inicializacion.o
 .debug_macro   0x00000cdf       0x22 ./Core/Src/inicializacion.o
 .debug_macro   0x00000d01       0x8e ./Core/Src/inicializacion.o
 .debug_macro   0x00000d8f       0x51 ./Core/Src/inicializacion.o
 .debug_macro   0x00000de0      0x103 ./Core/Src/inicializacion.o
 .debug_macro   0x00000ee3       0x6a ./Core/Src/inicializacion.o
 .debug_macro   0x00000f4d      0x1df ./Core/Src/inicializacion.o
 .debug_macro   0x0000112c       0x1c ./Core/Src/inicializacion.o
 .debug_macro   0x00001148       0x22 ./Core/Src/inicializacion.o
 .debug_macro   0x0000116a       0xfb ./Core/Src/inicializacion.o
 .debug_macro   0x00001265     0x1011 ./Core/Src/inicializacion.o
 .debug_macro   0x00002276      0x11f ./Core/Src/inicializacion.o
 .debug_macro   0x00002395    0x16749 ./Core/Src/inicializacion.o
 .debug_macro   0x00018ade      0x29b ./Core/Src/inicializacion.o
 .debug_macro   0x00018d79       0x2e ./Core/Src/inicializacion.o
 .debug_macro   0x00018da7       0x6d ./Core/Src/inicializacion.o
 .debug_macro   0x00018e14     0x368c ./Core/Src/inicializacion.o
 .debug_macro   0x0001c4a0      0x189 ./Core/Src/inicializacion.o
 .debug_macro   0x0001c629       0x5c ./Core/Src/inicializacion.o
 .debug_macro   0x0001c685      0xca5 ./Core/Src/inicializacion.o
 .debug_macro   0x0001d32a      0x9e9 ./Core/Src/inicializacion.o
 .debug_macro   0x0001dd13      0x115 ./Core/Src/inicializacion.o
 .debug_macro   0x0001de28      0x1a0 ./Core/Src/inicializacion.o
 .debug_macro   0x0001dfc8       0xa5 ./Core/Src/inicializacion.o
 .debug_macro   0x0001e06d      0x16d ./Core/Src/inicializacion.o
 .debug_macro   0x0001e1da      0x287 ./Core/Src/inicializacion.o
 .debug_macro   0x0001e461       0x5f ./Core/Src/inicializacion.o
 .debug_macro   0x0001e4c0      0x236 ./Core/Src/inicializacion.o
 .debug_macro   0x0001e6f6      0xb5b ./Core/Src/inicializacion.o
 .debug_macro   0x0001f251      0x38b ./Core/Src/inicializacion.o
 .debug_macro   0x0001f5dc      0x17d ./Core/Src/inicializacion.o
 .debug_macro   0x0001f759       0xf9 ./Core/Src/inicializacion.o
 .debug_macro   0x0001f852      0x132 ./Core/Src/inicializacion.o
 .debug_macro   0x0001f984      0x29c ./Core/Src/inicializacion.o
 .debug_macro   0x0001fc20       0x2e ./Core/Src/inicializacion.o
 .debug_macro   0x0001fc4e      0x127 ./Core/Src/inicializacion.o
 .debug_macro   0x0001fd75       0xe8 ./Core/Src/inicializacion.o
 .debug_macro   0x0001fe5d       0x89 ./Core/Src/inicializacion.o
 .debug_macro   0x0001fee6      0x8ed ./Core/Src/inicializacion.o
 .debug_macro   0x000207d3       0x53 ./Core/Src/inicializacion.o
 .debug_macro   0x00020826      0x126 ./Core/Src/inicializacion.o
 .debug_macro   0x0002094c       0x64 ./Core/Src/inicializacion.o
 .debug_macro   0x000209b0      0x207 ./Core/Src/interrupts.o
 .debug_macro   0x00020bb7      0x2ae ./Core/Src/led.o
 .debug_macro   0x00020e65       0x61 ./Core/Src/led.o
 .debug_macro   0x00020ec6       0x2a ./Core/Src/led.o
 .debug_macro   0x00020ef0       0x43 ./Core/Src/led.o
 .debug_macro   0x00020f33       0x34 ./Core/Src/led.o
 .debug_macro   0x00020f67       0x16 ./Core/Src/led.o
 .debug_macro   0x00020f7d       0x43 ./Core/Src/led.o
 .debug_macro   0x00020fc0       0x34 ./Core/Src/led.o
 .debug_macro   0x00020ff4       0x10 ./Core/Src/led.o
 .debug_macro   0x00021004       0x58 ./Core/Src/led.o
 .debug_macro   0x0002105c       0x8e ./Core/Src/led.o
 .debug_macro   0x000210ea       0x1c ./Core/Src/led.o
 .debug_macro   0x00021106      0x177 ./Core/Src/led.o
 .debug_macro   0x0002127d      0x369 ./Core/Src/led.o
 .debug_macro   0x000215e6      0x19b ./Core/Src/led.o
 .debug_macro   0x00021781       0x56 ./Core/Src/led.o
 .debug_macro   0x000217d7      0x312 ./Core/Src/led_programs.o
 .debug_macro   0x00021ae9       0x16 ./Core/Src/led_programs.o
 .debug_macro   0x00021aff       0x35 ./Core/Src/led_programs.o
 .debug_macro   0x00021b34       0x16 ./Core/Src/led_programs.o
 .debug_macro   0x00021b4a       0x29 ./Core/Src/led_programs.o
 .debug_macro   0x00021b73       0x16 ./Core/Src/led_programs.o
 .debug_macro   0x00021b89       0x20 ./Core/Src/led_programs.o
 .debug_macro   0x00021ba9      0x2fb ./Core/Src/main.o
 .debug_macro   0x00021ea4       0x10 ./Core/Src/main.o
 .debug_macro   0x00021eb4      0x1fb ./Core/Src/stm32f4xx_hal_msp.o
 .debug_macro   0x000220af      0x205 ./Core/Src/stm32f4xx_it.o
 .debug_macro   0x000222b4       0xff ./Core/Src/sysmem.o
 .debug_macro   0x000223b3      0x23c ./Core/Src/sysmem.o
 .debug_macro   0x000225ef      0x1ec ./Core/Src/system_stm32f4xx.o
 .debug_macro   0x000227db       0xc3 ./Core/Src/systick.o
 .debug_macro   0x0002289e      0x24c ./Drivers/STM32F4xx_HAL_Driver/Src/stm32f4xx_hal.o
 .debug_macro   0x00022aea      0x1ed ./Drivers/STM32F4xx_HAL_Driver/Src/stm32f4xx_hal_adc.o
 .debug_macro   0x00022cd7      0x1ec ./Drivers/STM32F4xx_HAL_Driver/Src/stm32f4xx_hal_cortex.o
 .debug_macro   0x00022ec3      0x1f2 ./Drivers/STM32F4xx_HAL_Driver/Src/stm32f4xx_hal_gpio.o
 .debug_macro   0x000230b5      0x1ed ./Drivers/STM32F4xx_HAL_Driver/Src/stm32f4xx_hal_tim.o
 .debug_macro   0x000232a2      0x1ec ./Drivers/STM32F4xx_HAL_Driver/Src/stm32f4xx_hal_tim_ex.o

.debug_line     0x00000000     0xdb7a
 .debug_line    0x00000000      0x9a2 ./Core/Src/inicializacion.o
 .debug_line    0x000009a2      0x726 ./Core/Src/interrupts.o
 .debug_line    0x000010c8      0x9e4 ./Core/Src/led.o
 .debug_line    0x00001aac     0x1110 ./Core/Src/led_programs.o
 .debug_line    0x00002bbc      0xacd ./Core/Src/main.o
 .debug_line    0x00003689      0x743 ./Core/Src/stm32f4xx_hal_msp.o
 .debug_line    0x00003dcc      0x79d ./Core/Src/stm32f4xx_it.o
 .debug_line    0x00004569      0x4b8 ./Core/Src/sysmem.o
 .debug_line    0x00004a21      0x747 ./Core/Src/system_stm32f4xx.o
 .debug_line    0x00005168      0x50a ./Core/Src/systick.o
 .debug_line    0x00005672       0x7a ./Core/Startup/startup_stm32f446retx.o
 .debug_line    0x000056ec      0x9b0 ./Drivers/STM32F4xx_HAL_Driver/Src/stm32f4xx_hal.o
 .debug_line    0x0000609c     0x1244 ./Drivers/STM32F4xx_HAL_Driver/Src/stm32f4xx_hal_adc.o
 .debug_line    0x000072e0      0xc78 ./Drivers/STM32F4xx_HAL_Driver/Src/stm32f4xx_hal_cortex.o
 .debug_line    0x00007f58      0xb28 ./Drivers/STM32F4xx_HAL_Driver/Src/stm32f4xx_hal_gpio.o
 .debug_line    0x00008a80     0x3754 ./Drivers/STM32F4xx_HAL_Driver/Src/stm32f4xx_hal_tim.o
 .debug_line    0x0000c1d4     0x19a6 ./Drivers/STM32F4xx_HAL_Driver/Src/stm32f4xx_hal_tim_ex.o

.debug_str      0x00000000    0xdb53b
 .debug_str     0x00000000    0xd42f1 ./Core/Src/inicializacion.o
                              0xd461b (size before relaxing)
 .debug_str     0x000d42f1       0x4d ./Core/Src/interrupts.o
                              0xd3ebb (size before relaxing)
 .debug_str     0x000d433e     0x393c ./Core/Src/led.o
                              0xd774a (size before relaxing)
 .debug_str     0x000d7c7a      0x4ea ./Core/Src/led_programs.o
                              0xd7bf9 (size before relaxing)
 .debug_str     0x000d8164      0xcb6 ./Core/Src/main.o
                              0xd8543 (size before relaxing)
 .debug_str     0x000d8e1a       0xb6 ./Core/Src/stm32f4xx_hal_msp.o
                              0xd46c9 (size before relaxing)
 .debug_str     0x000d8ed0       0xf7 ./Core/Src/stm32f4xx_it.o
                              0xd3eb1 (size before relaxing)
 .debug_str     0x000d8fc7      0x4dc ./Core/Src/sysmem.o
                               0x60ce (size before relaxing)
 .debug_str     0x000d94a3       0xc5 ./Core/Src/system_stm32f4xx.o
                              0xd3ea0 (size before relaxing)
 .debug_str     0x000d9568       0x64 ./Core/Src/systick.o
                              0x8afdd (size before relaxing)
 .debug_str     0x000d95cc       0x44 ./Core/Startup/startup_stm32f446retx.o
                                 0x81 (size before relaxing)
 .debug_str     0x000d9610      0x58e ./Drivers/STM32F4xx_HAL_Driver/Src/stm32f4xx_hal.o
                              0xd4a65 (size before relaxing)
 .debug_str     0x000d9b9e      0x29a ./Drivers/STM32F4xx_HAL_Driver/Src/stm32f4xx_hal_adc.o
                              0xd4468 (size before relaxing)
 .debug_str     0x000d9e38      0x2f7 ./Drivers/STM32F4xx_HAL_Driver/Src/stm32f4xx_hal_cortex.o
                              0xd478a (size before relaxing)
 .debug_str     0x000da12f      0x124 ./Drivers/STM32F4xx_HAL_Driver/Src/stm32f4xx_hal_gpio.o
                              0xd401b (size before relaxing)
 .debug_str     0x000da253      0xe55 ./Drivers/STM32F4xx_HAL_Driver/Src/stm32f4xx_hal_tim.o
                              0xd5205 (size before relaxing)
 .debug_str     0x000db0a8      0x493 ./Drivers/STM32F4xx_HAL_Driver/Src/stm32f4xx_hal_tim_ex.o
                              0xd4a11 (size before relaxing)

.comment        0x00000000       0x43
 .comment       0x00000000       0x43 ./Core/Src/inicializacion.o
                                 0x44 (size before relaxing)
 .comment       0x00000043       0x44 ./Core/Src/interrupts.o
 .comment       0x00000043       0x44 ./Core/Src/led.o
 .comment       0x00000043       0x44 ./Core/Src/led_programs.o
 .comment       0x00000043       0x44 ./Core/Src/main.o
 .comment       0x00000043       0x44 ./Core/Src/stm32f4xx_hal_msp.o
 .comment       0x00000043       0x44 ./Core/Src/stm32f4xx_it.o
 .comment       0x00000043       0x44 ./Core/Src/sysmem.o
 .comment       0x00000043       0x44 ./Core/Src/system_stm32f4xx.o
 .comment       0x00000043       0x44 ./Core/Src/systick.o
 .comment       0x00000043       0x44 ./Drivers/STM32F4xx_HAL_Driver/Src/stm32f4xx_hal.o
 .comment       0x00000043       0x44 ./Drivers/STM32F4xx_HAL_Driver/Src/stm32f4xx_hal_adc.o
 .comment       0x00000043       0x44 ./Drivers/STM32F4xx_HAL_Driver/Src/stm32f4xx_hal_cortex.o
 .comment       0x00000043       0x44 ./Drivers/STM32F4xx_HAL_Driver/Src/stm32f4xx_hal_gpio.o
 .comment       0x00000043       0x44 ./Drivers/STM32F4xx_HAL_Driver/Src/stm32f4xx_hal_tim.o
 .comment       0x00000043       0x44 ./Drivers/STM32F4xx_HAL_Driver/Src/stm32f4xx_hal_tim_ex.o

.debug_frame    0x00000000     0x3584
 .debug_frame   0x00000000       0xc8 ./Core/Src/inicializacion.o
 .debug_frame   0x000000c8       0x50 ./Core/Src/interrupts.o
 .debug_frame   0x00000118       0x84 ./Core/Src/led.o
 .debug_frame   0x0000019c      0x1f0 ./Core/Src/led_programs.o
 .debug_frame   0x0000038c      0x100 ./Core/Src/main.o
 .debug_frame   0x0000048c       0xcc ./Core/Src/stm32f4xx_hal_msp.o
 .debug_frame   0x00000558      0x120 ./Core/Src/stm32f4xx_it.o
 .debug_frame   0x00000678       0x34 ./Core/Src/sysmem.o
 .debug_frame   0x000006ac       0x58 ./Core/Src/system_stm32f4xx.o
 .debug_frame   0x00000704       0xc4 ./Core/Src/systick.o
 .debug_frame   0x000007c8      0x374 ./Drivers/STM32F4xx_HAL_Driver/Src/stm32f4xx_hal.o
 .debug_frame   0x00000b3c      0x3fc ./Drivers/STM32F4xx_HAL_Driver/Src/stm32f4xx_hal_adc.o
 .debug_frame   0x00000f38      0x4b8 ./Drivers/STM32F4xx_HAL_Driver/Src/stm32f4xx_hal_cortex.o
 .debug_frame   0x000013f0      0x14c ./Drivers/STM32F4xx_HAL_Driver/Src/stm32f4xx_hal_gpio.o
 .debug_frame   0x0000153c     0x11c0 ./Drivers/STM32F4xx_HAL_Driver/Src/stm32f4xx_hal_tim.o
 .debug_frame   0x000026fc      0x638 ./Drivers/STM32F4xx_HAL_Driver/Src/stm32f4xx_hal_tim_ex.o
 .debug_frame   0x00002d34       0x30 /opt/st/stm32cubeide_1.16.1/plugins/com.st.stm32cube.ide.mcu.externaltools.gnu-tools-for-stm32.12.3.rel1.linux64_1.0.200.202406132123/tools/bin/../lib/gcc/arm-none-eabi/12.3.1/../../../../arm-none-eabi/lib/thumb/v7e-m+fp/hard/libc_nano.a(libc_a-malloc.o)
 .debug_frame   0x00002d64       0x50 /opt/st/stm32cubeide_1.16.1/plugins/com.st.stm32cube.ide.mcu.externaltools.gnu-tools-for-stm32.12.3.rel1.linux64_1.0.200.202406132123/tools/bin/../lib/gcc/arm-none-eabi/12.3.1/../../../../arm-none-eabi/lib/thumb/v7e-m+fp/hard/libc_nano.a(libc_a-mallocr.o)
 .debug_frame   0x00002db4       0x30 /opt/st/stm32cubeide_1.16.1/plugins/com.st.stm32cube.ide.mcu.externaltools.gnu-tools-for-stm32.12.3.rel1.linux64_1.0.200.202406132123/tools/bin/../lib/gcc/arm-none-eabi/12.3.1/../../../../arm-none-eabi/lib/thumb/v7e-m+fp/hard/libc_nano.a(libc_a-mlock.o)
 .debug_frame   0x00002de4      0x144 /opt/st/stm32cubeide_1.16.1/plugins/com.st.stm32cube.ide.mcu.externaltools.gnu-tools-for-stm32.12.3.rel1.linux64_1.0.200.202406132123/tools/bin/../lib/gcc/arm-none-eabi/12.3.1/../../../../arm-none-eabi/lib/thumb/v7e-m+fp/hard/libc_nano.a(libc_a-findfp.o)
 .debug_frame   0x00002f28       0x20 /opt/st/stm32cubeide_1.16.1/plugins/com.st.stm32cube.ide.mcu.externaltools.gnu-tools-for-stm32.12.3.rel1.linux64_1.0.200.202406132123/tools/bin/../lib/gcc/arm-none-eabi/12.3.1/../../../../arm-none-eabi/lib/thumb/v7e-m+fp/hard/libc_nano.a(libc_a-memset.o)
 .debug_frame   0x00002f48       0x38 /opt/st/stm32cubeide_1.16.1/plugins/com.st.stm32cube.ide.mcu.externaltools.gnu-tools-for-stm32.12.3.rel1.linux64_1.0.200.202406132123/tools/bin/../lib/gcc/arm-none-eabi/12.3.1/../../../../arm-none-eabi/lib/thumb/v7e-m+fp/hard/libc_nano.a(libc_a-reent.o)
 .debug_frame   0x00002f80       0x2c /opt/st/stm32cubeide_1.16.1/plugins/com.st.stm32cube.ide.mcu.externaltools.gnu-tools-for-stm32.12.3.rel1.linux64_1.0.200.202406132123/tools/bin/../lib/gcc/arm-none-eabi/12.3.1/../../../../arm-none-eabi/lib/thumb/v7e-m+fp/hard/libc_nano.a(libc_a-sbrkr.o)
 .debug_frame   0x00002fac       0x20 /opt/st/stm32cubeide_1.16.1/plugins/com.st.stm32cube.ide.mcu.externaltools.gnu-tools-for-stm32.12.3.rel1.linux64_1.0.200.202406132123/tools/bin/../lib/gcc/arm-none-eabi/12.3.1/../../../../arm-none-eabi/lib/thumb/v7e-m+fp/hard/libc_nano.a(libc_a-errno.o)
 .debug_frame   0x00002fcc       0x2c /opt/st/stm32cubeide_1.16.1/plugins/com.st.stm32cube.ide.mcu.externaltools.gnu-tools-for-stm32.12.3.rel1.linux64_1.0.200.202406132123/tools/bin/../lib/gcc/arm-none-eabi/12.3.1/../../../../arm-none-eabi/lib/thumb/v7e-m+fp/hard/libc_nano.a(libc_a-init.o)
 .debug_frame   0x00002ff8       0xb0 /opt/st/stm32cubeide_1.16.1/plugins/com.st.stm32cube.ide.mcu.externaltools.gnu-tools-for-stm32.12.3.rel1.linux64_1.0.200.202406132123/tools/bin/../lib/gcc/arm-none-eabi/12.3.1/../../../../arm-none-eabi/lib/thumb/v7e-m+fp/hard/libc_nano.a(libc_a-lock.o)
 .debug_frame   0x000030a8       0x28 /opt/st/stm32cubeide_1.16.1/plugins/com.st.stm32cube.ide.mcu.externaltools.gnu-tools-for-stm32.12.3.rel1.linux64_1.0.200.202406132123/tools/bin/../lib/gcc/arm-none-eabi/12.3.1/../../../../arm-none-eabi/lib/thumb/v7e-m+fp/hard/libc_nano.a(libc_a-memcpy-stub.o)
 .debug_frame   0x000030d0       0x38 /opt/st/stm32cubeide_1.16.1/plugins/com.st.stm32cube.ide.mcu.externaltools.gnu-tools-for-stm32.12.3.rel1.linux64_1.0.200.202406132123/tools/bin/../lib/gcc/arm-none-eabi/12.3.1/../../../../arm-none-eabi/lib/thumb/v7e-m+fp/hard/libc_nano.a(libc_a-freer.o)
 .debug_frame   0x00003108       0x38 /opt/st/stm32cubeide_1.16.1/plugins/com.st.stm32cube.ide.mcu.externaltools.gnu-tools-for-stm32.12.3.rel1.linux64_1.0.200.202406132123/tools/bin/../lib/gcc/arm-none-eabi/12.3.1/../../../../arm-none-eabi/lib/thumb/v7e-m+fp/hard/libm.a(libm_a-wf_sqrt.o)
 .debug_frame   0x00003140       0x38 /opt/st/stm32cubeide_1.16.1/plugins/com.st.stm32cube.ide.mcu.externaltools.gnu-tools-for-stm32.12.3.rel1.linux64_1.0.200.202406132123/tools/bin/../lib/gcc/arm-none-eabi/12.3.1/../../../../arm-none-eabi/lib/thumb/v7e-m+fp/hard/libm.a(libm_a-sf_cos.o)
 .debug_frame   0x00003178       0x38 /opt/st/stm32cubeide_1.16.1/plugins/com.st.stm32cube.ide.mcu.externaltools.gnu-tools-for-stm32.12.3.rel1.linux64_1.0.200.202406132123/tools/bin/../lib/gcc/arm-none-eabi/12.3.1/../../../../arm-none-eabi/lib/thumb/v7e-m+fp/hard/libm.a(libm_a-sf_sin.o)
 .debug_frame   0x000031b0       0x3c /opt/st/stm32cubeide_1.16.1/plugins/com.st.stm32cube.ide.mcu.externaltools.gnu-tools-for-stm32.12.3.rel1.linux64_1.0.200.202406132123/tools/bin/../lib/gcc/arm-none-eabi/12.3.1/../../../../arm-none-eabi/lib/thumb/v7e-m+fp/hard/libm.a(libm_a-sf_fmax.o)
 .debug_frame   0x000031ec       0x3c /opt/st/stm32cubeide_1.16.1/plugins/com.st.stm32cube.ide.mcu.externaltools.gnu-tools-for-stm32.12.3.rel1.linux64_1.0.200.202406132123/tools/bin/../lib/gcc/arm-none-eabi/12.3.1/../../../../arm-none-eabi/lib/thumb/v7e-m+fp/hard/libm.a(libm_a-sf_fmin.o)
 .debug_frame   0x00003228       0x20 /opt/st/stm32cubeide_1.16.1/plugins/com.st.stm32cube.ide.mcu.externaltools.gnu-tools-for-stm32.12.3.rel1.linux64_1.0.200.202406132123/tools/bin/../lib/gcc/arm-none-eabi/12.3.1/../../../../arm-none-eabi/lib/thumb/v7e-m+fp/hard/libm.a(libm_a-sf_fpclassify.o)
 .debug_frame   0x00003248       0x20 /opt/st/stm32cubeide_1.16.1/plugins/com.st.stm32cube.ide.mcu.externaltools.gnu-tools-for-stm32.12.3.rel1.linux64_1.0.200.202406132123/tools/bin/../lib/gcc/arm-none-eabi/12.3.1/../../../../arm-none-eabi/lib/thumb/v7e-m+fp/hard/libm.a(libm_a-ef_sqrt.o)
 .debug_frame   0x00003268       0x20 /opt/st/stm32cubeide_1.16.1/plugins/com.st.stm32cube.ide.mcu.externaltools.gnu-tools-for-stm32.12.3.rel1.linux64_1.0.200.202406132123/tools/bin/../lib/gcc/arm-none-eabi/12.3.1/../../../../arm-none-eabi/lib/thumb/v7e-m+fp/hard/libm.a(libm_a-kf_cos.o)