#-----------------------------------------------------------
# Vivado v2024.1 (64-bit)
# SW Build 5076996 on Wed May 22 18:36:09 MDT 2024
# IP Build 5075265 on Wed May 22 21:45:21 MDT 2024
# SharedData Build 5076995 on Wed May 22 18:29:18 MDT 2024
# Start of session at: Tue Sep  3 16:37:18 2024
# Process ID: 55694
# Current directory: /home/lorenzo/Desktop/Labo_3/codigo/clase_FSM/ejercicio_fsm/ejercicio_fsm.runs/synth_1
# Command line: vivado -log det_secuencia.vds -product Vivado -mode batch -messageDb vivado.pb -notrace -source det_secuencia.tcl
# Log file: /home/lorenzo/Desktop/Labo_3/codigo/clase_FSM/ejercicio_fsm/ejercicio_fsm.runs/synth_1/det_secuencia.vds
# Journal file: /home/lorenzo/Desktop/Labo_3/codigo/clase_FSM/ejercicio_fsm/ejercicio_fsm.runs/synth_1/vivado.jou
# Running On        :Lolo
# Platform          :Debian
# Operating System  :Debian GNU/Linux 12 (bookworm)
# Processor Detail  :AMD Ryzen 5 5500U with Radeon Graphics
# CPU Frequency     :1888.591 MHz
# CPU Physical cores:6
# CPU Logical cores :12
# Host memory       :14508 MB
# Swap memory       :1024 MB
# Total Virtual     :15532 MB
# Available Virtual :8512 MB
#-----------------------------------------------------------
source det_secuencia.tcl -notrace
